## SLURM PROLOG ###############################################################
##    Job ID : 14736672
##  Job Name : MyGO
##  Nodelist : gpu2103
##      CPUs : 1
##  Mem/Node : 32000 MB
## Directory : /oscar/home/lwang223/MyGO/MyGo
##   Job Started : Sun Dec  7 06:33:37 PM EST 2025
###############################################################################

==========================================
Job started at: Sun Dec  7 06:33:37 PM EST 2025
Job ID: 14736672
Node: gpu2103
==========================================

GPU Information (from host):
Sun Dec  7 18:33:37 2025       
+---------------------------------------------------------------------------------------+
| NVIDIA-SMI 535.129.03             Driver Version: 535.129.03   CUDA Version: 12.2     |
|-----------------------------------------+----------------------+----------------------+
| GPU  Name                 Persistence-M | Bus-Id        Disp.A | Volatile Uncorr. ECC |
| Fan  Temp   Perf          Pwr:Usage/Cap |         Memory-Usage | GPU-Util  Compute M. |
|                                         |                      |               MIG M. |
|=========================================+======================+======================|
|   0  NVIDIA GeForce RTX 3090        On  | 00000000:A1:00.0 Off |                  N/A |
| 57%   46C    P8              36W / 350W |     30MiB / 24576MiB |      0%      Default |
|                                         |                      |                  N/A |
+-----------------------------------------+----------------------+----------------------+
|   1  NVIDIA GeForce RTX 3090        On  | 00000000:E1:00.0 Off |                  N/A |
| 61%   48C    P8              41W / 350W |     32MiB / 24576MiB |      0%      Default |
|                                         |                      |                  N/A |
+-----------------------------------------+----------------------+----------------------+
                                                                                         
+---------------------------------------------------------------------------------------+
| Processes:                                                                            |
|  GPU   GI   CI        PID   Type   Process name                            GPU Memory |
|        ID   ID                                                             Usage      |
|=======================================================================================|
|    0   N/A  N/A     50036      G   /usr/libexec/Xorg                            21MiB |
|    1   N/A  N/A     50036      G   /usr/libexec/Xorg                            23MiB |
+---------------------------------------------------------------------------------------+

mygo conda environment loaded
/oscar/rt/9.2/software/0.20-generic/0.20.1/opt/spack/linux-rhel9-x86_64_v3/gcc-11.3.1/ffmpeg-7.0-xny2fb2nz3demdcjhj6x74mcxz4iwmys/bin/ffmpeg
ffmpeg version 7.0 Copyright (c) 2000-2024 the FFmpeg developers
built with gcc 11 (GCC)
configuration: --prefix=/oscar/rt/9.2/software/0.20-generic/0.20.1/opt/spack/linux-rhel9-x86_64_v3/gcc-11.3.1/ffmpeg-7.0-xny2fb2nz3demdcjhj6x74mcxz4iwmys --enable-pic --cc=/oscar/rt/9.2/software/0.20-generic/0.20.1/lib/spack/env/gcc/gcc --cxx=/oscar/rt/9.2/software/0.20-generic/0.20.1/lib/spack/env/gcc/g++ --disable-libxcb --disable-libxcb-shape --disable-libxcb-shm --disable-libxcb-xfixes --disable-xlib --disable-libfontconfig --disable-libfreetype --disable-libfribidi --enable-bzlib --enable-gpl --disable-libmp3lame --disable-libopenjpeg --disable-libopus --disable-libspeex --disable-libvorbis --enable-libvpx --enable-libx264 --disable-nonfree --disable-openssl --enable-shared --enable-version3 --disable-libzmq --disable-libssh --enable-libwebp --disable-lzma --disable-libsnappy --disable-sdl2 --disable-libaom --disable-libxml2
libavutil      59.  8.100 / 59.  8.100
libavcodec     61.  3.100 / 61.  3.100
libavformat    61.  1.100 / 61.  1.100
libavdevice    61.  1.100 / 61.  1.100
libavfilter    10.  1.100 / 10.  1.100
libswscale      8.  1.100 /  8.  1.100
libswresample   5.  1.100 /  5.  1.100
libpostproc    58.  1.100 / 58.  1.100
TF version: 2.16.1
Built with CUDA: True
GPUs detected: 2
GPU devices: [PhysicalDevice(name='/physical_device:GPU:0', device_type='GPU'), PhysicalDevice(name='/physical_device:GPU:1', device_type='GPU')]
==========================================
Installing dependencies
==========================================


==========================================
Starting main Python script at Sun Dec  7 06:33:46 PM EST 2025
==========================================

Working directory: /users/lwang223/MyGO/MyGo

[PhysicalDevice(name='/physical_device:GPU:0', device_type='GPU'), PhysicalDevice(name='/physical_device:GPU:1', device_type='GPU')]
Using MirroredStrategy for multi-GPU training.
Number of devices: 2
Found checkpoint: ./checkpoints/ckpt-13
Full checkpoint restored (Backbone, Probe, Optimizer).
Resuming from Epoch 14
Model: "vi_t__ti"
_________________________________________________________________
 Layer (type)                Output Shape              Param #   
=================================================================
 vit (TFViTMainLayer)        multiple                  0 (unused)
                                                                 
=================================================================
Total params: 21689088 (82.74 MB)
Trainable params: 21689088 (82.74 MB)
Non-trainable params: 0 (0.00 Byte)
_________________________________________________________________
Model: "linear_probe"
_________________________________________________________________
 Layer (type)                Output Shape              Param #   
=================================================================
 dense (Dense)               multiple                  202895    
                                                                 
=================================================================
Total params: 202895 (792.56 KB)
Trainable params: 202895 (792.56 KB)
Non-trainable params: 0 (0.00 Byte)
_________________________________________________________________
Building optimizer variables...
Optimizer built.
Starting training...

Epoch 14/300
std: 0.640625 ,  0.204467773 SigReg: 98.6835098
std: 0.660644531 ,  0.207641602 SigReg: 98.6835098
  Step 0: Backbone Loss = 5.8536, SIGReg Loss = 98.6835 Probe Loss = 423.5484, Acc = 0.4974
std: 0.616699219 ,  0.219604492 SigReg: 98.4389572
std: 0.6015625 ,  0.256103516 SigReg: 98.4389572
std: 0.609375 ,  0.201416016 SigReg: 104.299644
std: 0.547363281 ,  0.207763672 SigReg: 104.299644
std: 0.668457031 ,  0.217529297 SigReg: 103.452248
std: 0.651367188 ,  0.244262695 SigReg: 103.452248
std: 0.576660156 ,  0.21081543 SigReg: 98.9013748
std: 0.612304688 ,  0.206665039 SigReg: 98.9013748
std: 0.601074219 ,  0.219238281 SigReg: 96.2899323
std: 0.645019531 ,  0.196899414 SigReg: 96.2899323
std: 0.649414062 ,  0.215087891 SigReg: 95.6392822
std: 0.653808594 ,  0.226196289 SigReg: 95.6392822
std: 0.641601562 ,  0.287597656 SigReg: 97.1071777
std: 0.5703125 ,  0.194335938 SigReg: 97.1071777
std: 0.571777344 ,  0.219116211 SigReg: 103.279526
std: 0.64453125 ,  0.266113281 SigReg: 103.279526
std: 0.624023438 ,  0.214355469 SigReg: 92.5466156
std: 0.584472656 ,  0.222412109 SigReg: 92.5466156
std: 0.554199219 ,  0.215332031 SigReg: 95.9165649
std: 0.627929688 ,  0.201660156 SigReg: 95.9165649
std: 0.6171875 ,  0.19921875 SigReg: 97.492775
std: 0.651367188 ,  0.238769531 SigReg: 97.492775
std: 0.620117188 ,  0.205322266 SigReg: 91.3473434
std: 0.633300781 ,  0.182861328 SigReg: 91.3473434
std: 0.558105469 ,  0.226196289 SigReg: 94.6667633
std: 0.59375 ,  0.197998047 SigReg: 94.6667633
std: 0.621582031 ,  0.201904297 SigReg: 89.5157852
std: 0.561035156 ,  0.253417969 SigReg: 89.5157852
std: 0.665039062 ,  0.204711914 SigReg: 88.4776535
std: 0.618164062 ,  0.202392578 SigReg: 88.4776535
std: 0.6015625 ,  0.209960938 SigReg: 89.8668365
std: 0.600097656 ,  0.217163086 SigReg: 89.8668365
std: 0.680175781 ,  0.212402344 SigReg: 86.3004532
std: 0.670898438 ,  0.197753906 SigReg: 86.3004532
std: 0.611816406 ,  0.2578125 SigReg: 84.673439
std: 0.644042969 ,  0.227416992 SigReg: 84.673439
std: 0.620605469 ,  0.217773438 SigReg: 82.97052
std: 0.659179688 ,  0.211914062 SigReg: 82.97052
std: 0.674316406 ,  0.173706055 SigReg: 81.1910782
std: 0.65234375 ,  0.230712891 SigReg: 81.1910782
std: 0.587890625 ,  0.219970703 SigReg: 77.1211853
std: 0.65625 ,  0.202636719 SigReg: 77.1211853
std: 0.648925781 ,  0.241699219 SigReg: 79.7221069
std: 0.612304688 ,  0.23425293 SigReg: 79.7221069
std: 0.679199219 ,  0.211181641 SigReg: 82.1575394
std: 0.659667969 ,  0.213867188 SigReg: 82.1575394
std: 0.613769531 ,  0.216796875 SigReg: 88.2907257
std: 0.599121094 ,  0.202880859 SigReg: 88.2907257
std: 0.589355469 ,  0.219848633 SigReg: 82.1843338
std: 0.623046875 ,  0.207519531 SigReg: 82.1843338
std: 0.672363281 ,  0.243774414 SigReg: 75.2968521
std: 0.608398438 ,  0.202026367 SigReg: 75.2968521
std: 0.668945312 ,  0.197875977 SigReg: 85.5866547
std: 0.645507812 ,  0.217163086 SigReg: 85.5866547
std: 0.620117188 ,  0.233764648 SigReg: 77.9269333
std: 0.616210938 ,  0.20300293 SigReg: 77.9269333
std: 0.6640625 ,  0.236206055 SigReg: 79.4338531
std: 0.644042969 ,  0.182250977 SigReg: 79.4338531
std: 0.650878906 ,  0.228393555 SigReg: 75.9718552
std: 0.676269531 ,  0.226928711 SigReg: 75.9718552
std: 0.646484375 ,  0.221679688 SigReg: 79.6769333
std: 0.612304688 ,  0.208374023 SigReg: 79.6769333
std: 0.687011719 ,  0.183837891 SigReg: 77.0335693
std: 0.722167969 ,  0.229858398 SigReg: 77.0335693
std: 0.686523438 ,  0.219848633 SigReg: 78.7254791
std: 0.546875 ,  0.267089844 SigReg: 78.7254791
std: 0.683105469 ,  0.206420898 SigReg: 78.1538696
std: 0.685058594 ,  0.211303711 SigReg: 78.1538696
std: 0.626953125 ,  0.184448242 SigReg: 75.9615479
std: 0.658691406 ,  0.20703125 SigReg: 75.9615479
std: 0.600097656 ,  0.164672852 SigReg: 74.0577927
std: 0.658691406 ,  0.200805664 SigReg: 74.0577927
std: 0.608886719 ,  0.180786133 SigReg: 77.9816742
std: 0.649902344 ,  0.188110352 SigReg: 77.9816742
std: 0.618652344 ,  0.22265625 SigReg: 76.0791
std: 0.614746094 ,  0.185180664 SigReg: 76.0791
std: 0.659667969 ,  0.197143555 SigReg: 76.5992737
std: 0.6875 ,  0.207397461 SigReg: 76.5992737
std: 0.651367188 ,  0.17980957 SigReg: 72.1234283
std: 0.685546875 ,  0.200561523 SigReg: 72.1234283
std: 0.626953125 ,  0.222167969 SigReg: 73.3059845
std: 0.639648438 ,  0.213623047 SigReg: 73.3059845
std: 0.734375 ,  0.265625 SigReg: 76.1135101
std: 0.66015625 ,  0.22644043 SigReg: 76.1135101
std: 0.669433594 ,  0.201171875 SigReg: 74.8477249
std: 0.6640625 ,  0.188232422 SigReg: 74.8477249
std: 0.619140625 ,  0.266357422 SigReg: 68.1769867
std: 0.683105469 ,  0.180053711 SigReg: 68.1769867
std: 0.666015625 ,  0.160522461 SigReg: 69.8850403
std: 0.655761719 ,  0.19128418 SigReg: 69.8850403
std: 0.670410156 ,  0.244750977 SigReg: 67.2073669
std: 0.594726562 ,  0.192504883 SigReg: 67.2073669
std: 0.668945312 ,  0.222045898 SigReg: 75.2455826
std: 0.643066406 ,  0.173583984 SigReg: 75.2455826
std: 0.614746094 ,  0.236938477 SigReg: 67.6454163
std: 0.662109375 ,  0.181030273 SigReg: 67.6454163
std: 0.638671875 ,  0.206298828 SigReg: 66.970932
std: 0.667480469 ,  0.242797852 SigReg: 66.970932
std: 0.671386719 ,  0.221069336 SigReg: 75.0431747
std: 0.647949219 ,  0.229492188 SigReg: 75.0431747
  Step 50: Backbone Loss = 4.7194, SIGReg Loss = 75.0432 Probe Loss = 438.6209, Acc = 0.4929
std: 0.633789062 ,  0.224487305 SigReg: 73.9393463
std: 0.596679688 ,  0.191162109 SigReg: 73.9393463
std: 0.626953125 ,  0.237182617 SigReg: 89.1609802
std: 0.668945312 ,  0.207641602 SigReg: 89.1609802
std: 0.575195312 ,  0.230834961 SigReg: 88.5228
std: 0.680664062 ,  0.209106445 SigReg: 88.5228
std: 0.691894531 ,  0.184936523 SigReg: 89.134819
std: 0.632324219 ,  0.225097656 SigReg: 89.134819
std: 0.637695312 ,  0.204467773 SigReg: 74.007164
std: 0.5859375 ,  0.245727539 SigReg: 74.007164
std: 0.53125 ,  0.208984375 SigReg: 73.5421143
std: 0.701660156 ,  0.219360352 SigReg: 73.5421143
std: 0.718261719 ,  0.223022461 SigReg: 65.1838379
std: 0.609863281 ,  0.191040039 SigReg: 65.1838379
std: 0.6328125 ,  0.197387695 SigReg: 65.3269
std: 0.612304688 ,  0.246948242 SigReg: 65.3269
std: 0.6953125 ,  0.272460938 SigReg: 68.0528336
std: 0.585449219 ,  0.237792969 SigReg: 68.0528336
std: 0.59375 ,  0.221435547 SigReg: 76.3840485
std: 0.643066406 ,  0.230712891 SigReg: 76.3840485
std: 0.63671875 ,  0.251708984 SigReg: 77.7262573
std: 0.692871094 ,  0.206665039 SigReg: 77.7262573
std: 0.6640625 ,  0.190917969 SigReg: 76.3822174
std: 0.650878906 ,  0.222412109 SigReg: 76.3822174
std: 0.639648438 ,  0.213867188 SigReg: 82.4947357
std: 0.614746094 ,  0.308837891 SigReg: 82.4947357
std: 0.655273438 ,  0.203369141 SigReg: 82.2386169
std: 0.6328125 ,  0.170043945 SigReg: 82.2386169
std: 0.605957031 ,  0.296142578 SigReg: 79.0217743
std: 0.638183594 ,  0.241943359 SigReg: 79.0217743
std: 0.619140625 ,  0.237060547 SigReg: 80.2143326
std: 0.668945312 ,  0.201782227 SigReg: 80.2143326
std: 0.638671875 ,  0.200195312 SigReg: 78.0792923
std: 0.676269531 ,  0.190795898 SigReg: 78.0792923
std: 0.624511719 ,  0.216918945 SigReg: 75.7518768
std: 0.600585938 ,  0.257568359 SigReg: 75.7518768
std: 0.658691406 ,  0.252685547 SigReg: 62.9603958
std: 0.595214844 ,  0.22265625 SigReg: 62.9603958
std: 0.666015625 ,  0.21081543 SigReg: 71.4528427
std: 0.639648438 ,  0.185668945 SigReg: 71.4528427
std: 0.638671875 ,  0.236816406 SigReg: 69.0939331
std: 0.670410156 ,  0.179321289 SigReg: 69.0939331
std: 0.6875 ,  0.205200195 SigReg: 65.5720596
std: 0.6484375 ,  0.229492188 SigReg: 65.5720596
std: 0.675292969 ,  0.201049805 SigReg: 76.1923676
std: 0.705078125 ,  0.213989258 SigReg: 76.1923676
std: 0.643554688 ,  0.226806641 SigReg: 72.149147
std: 0.644042969 ,  0.229614258 SigReg: 72.149147
std: 0.653320312 ,  0.192993164 SigReg: 73.2814331
std: 0.631835938 ,  0.229248047 SigReg: 73.2814331
std: 0.65625 ,  0.207397461 SigReg: 62.9432106
std: 0.657226562 ,  0.214111328 SigReg: 62.9432106
std: 0.693359375 ,  0.189086914 SigReg: 70.1363525
std: 0.686035156 ,  0.172973633 SigReg: 70.1363525
std: 0.631347656 ,  0.21484375 SigReg: 66.115715
std: 0.600585938 ,  0.230834961 SigReg: 66.115715
std: 0.648925781 ,  0.241943359 SigReg: 64.3414688
std: 0.625976562 ,  0.142456055 SigReg: 64.3414688
std: 0.644042969 ,  0.217895508 SigReg: 60.5232735
std: 0.647460938 ,  0.227294922 SigReg: 60.5232735
std: 0.649902344 ,  0.23059082 SigReg: 63.2617645
std: 0.579101562 ,  0.237060547 SigReg: 63.2617645
std: 0.627441406 ,  0.220581055 SigReg: 63.4719162
std: 0.596679688 ,  0.254638672 SigReg: 63.4719162
std: 0.590332031 ,  0.205932617 SigReg: 61.7835922
std: 0.694335938 ,  0.252685547 SigReg: 61.7835922
std: 0.575683594 ,  0.238647461 SigReg: 65.2374573
std: 0.598632812 ,  0.262695312 SigReg: 65.2374573
std: 0.657226562 ,  0.188720703 SigReg: 59.9613914
std: 0.650390625 ,  0.220825195 SigReg: 59.9613914
std: 0.644042969 ,  0.22253418 SigReg: 67.5772171
std: 0.686523438 ,  0.197998047 SigReg: 67.5772171
std: 0.631347656 ,  0.177368164 SigReg: 61.0815315
std: 0.62890625 ,  0.226806641 SigReg: 61.0815315
std: 0.568847656 ,  0.248901367 SigReg: 61.1738853
std: 0.666503906 ,  0.185302734 SigReg: 61.1738853
std: 0.604492188 ,  0.257568359 SigReg: 58.4892578
std: 0.717285156 ,  0.199951172 SigReg: 58.4892578
std: 0.601074219 ,  0.215087891 SigReg: 55.6784286
std: 0.627929688 ,  0.240600586 SigReg: 55.6784286
std: 0.685058594 ,  0.292724609 SigReg: 53.5349274
std: 0.64453125 ,  0.231445312 SigReg: 53.5349274
std: 0.612304688 ,  0.244018555 SigReg: 56.2706146
std: 0.640136719 ,  0.208374023 SigReg: 56.2706146
std: 0.628417969 ,  0.241210938 SigReg: 56.5630188
std: 0.653808594 ,  0.215332031 SigReg: 56.5630188
std: 0.623535156 ,  0.229003906 SigReg: 55.4479
std: 0.643066406 ,  0.204833984 SigReg: 55.4479
std: 0.641113281 ,  0.19921875 SigReg: 59.9831314
std: 0.655761719 ,  0.201782227 SigReg: 59.9831314
std: 0.584960938 ,  0.213256836 SigReg: 57.9249229
std: 0.584472656 ,  0.258544922 SigReg: 57.9249229
std: 0.610839844 ,  0.231323242 SigReg: 59.0126266
std: 0.684082031 ,  0.196411133 SigReg: 59.0126266
std: 0.643066406 ,  0.227294922 SigReg: 55.9396591
std: 0.568847656 ,  0.259277344 SigReg: 55.9396591
std: 0.587402344 ,  0.239257812 SigReg: 55.1186523
std: 0.668457031 ,  0.196533203 SigReg: 55.1186523
std: 0.532226562 ,  0.229248047 SigReg: 55.8108902
std: 0.604980469 ,  0.208496094 SigReg: 55.8108902
  Step 100: Backbone Loss = 3.7066, SIGReg Loss = 55.8109 Probe Loss = 482.1028, Acc = 0.5106
std: 0.630859375 ,  0.231445312 SigReg: 61.1543465
std: 0.623046875 ,  0.220947266 SigReg: 61.1543465
std: 0.645996094 ,  0.231201172 SigReg: 57.1640778
std: 0.549804688 ,  0.247558594 SigReg: 57.1640778
std: 0.585449219 ,  0.23449707 SigReg: 64.5979233
std: 0.660644531 ,  0.198242188 SigReg: 64.5979233
std: 0.700683594 ,  0.173217773 SigReg: 63.8473549
std: 0.631347656 ,  0.237182617 SigReg: 63.8473549
std: 0.578613281 ,  0.258300781 SigReg: 62.4272804
std: 0.633789062 ,  0.185302734 SigReg: 62.4272804
std: 0.615234375 ,  0.259521484 SigReg: 54.312851
std: 0.659179688 ,  0.21887207 SigReg: 54.312851
std: 0.64453125 ,  0.228393555 SigReg: 54.3466644
std: 0.6328125 ,  0.220458984 SigReg: 54.3466644
std: 0.602050781 ,  0.204589844 SigReg: 55.9453545
std: 0.628417969 ,  0.220947266 SigReg: 55.9453545
std: 0.579589844 ,  0.313476562 SigReg: 56.2506409
std: 0.62890625 ,  0.205078125 SigReg: 56.2506409
std: 0.645507812 ,  0.220703125 SigReg: 50.9505234
std: 0.575683594 ,  0.271240234 SigReg: 50.9505234
std: 0.588378906 ,  0.233886719 SigReg: 60.679451
std: 0.664550781 ,  0.197265625 SigReg: 60.679451
std: 0.599609375 ,  0.259765625 SigReg: 55.1196671
std: 0.583984375 ,  0.270263672 SigReg: 55.1196671
std: 0.620117188 ,  0.216796875 SigReg: 54.3286972
std: 0.600585938 ,  0.228393555 SigReg: 54.3286972
std: 0.576660156 ,  0.254394531 SigReg: 53.7869949
std: 0.591308594 ,  0.202392578 SigReg: 53.7869949
std: 0.634277344 ,  0.202392578 SigReg: 52.1674576
std: 0.611816406 ,  0.229003906 SigReg: 52.1674576
std: 0.582519531 ,  0.231933594 SigReg: 51.7962151
std: 0.633789062 ,  0.17956543 SigReg: 51.7962151
std: 0.58984375 ,  0.213623047 SigReg: 47.7245674
std: 0.601074219 ,  0.228393555 SigReg: 47.7245674
std: 0.703125 ,  0.214477539 SigReg: 52.1496964
std: 0.58984375 ,  0.255126953 SigReg: 52.1496964
std: 0.626953125 ,  0.24206543 SigReg: 51.2145386
std: 0.608398438 ,  0.220581055 SigReg: 51.2145386
std: 0.62890625 ,  0.213623047 SigReg: 54.4022369
std: 0.636230469 ,  0.207763672 SigReg: 54.4022369
std: 0.643066406 ,  0.223632812 SigReg: 52.8205605
std: 0.604980469 ,  0.242675781 SigReg: 52.8205605
std: 0.591308594 ,  0.213989258 SigReg: 49.3242111
std: 0.618164062 ,  0.228149414 SigReg: 49.3242111
std: 0.625976562 ,  0.232177734 SigReg: 54.4539413
std: 0.671386719 ,  0.194091797 SigReg: 54.4539413
std: 0.614746094 ,  0.220581055 SigReg: 53.0010719
std: 0.625 ,  0.207397461 SigReg: 53.0010719
std: 0.637695312 ,  0.197143555 SigReg: 56.5630035
std: 0.606933594 ,  0.177612305 SigReg: 56.5630035
std: 0.644042969 ,  0.197753906 SigReg: 50.2049828
std: 0.616699219 ,  0.216552734 SigReg: 50.2049828
std: 0.617675781 ,  0.213500977 SigReg: 58.5801773
std: 0.680175781 ,  0.215454102 SigReg: 58.5801773
std: 0.627929688 ,  0.292724609 SigReg: 50.2557
std: 0.630371094 ,  0.236694336 SigReg: 50.2557
std: 0.589355469 ,  0.189575195 SigReg: 59.003273
std: 0.629394531 ,  0.237182617 SigReg: 59.003273
std: 0.582519531 ,  0.240356445 SigReg: 56.988224
std: 0.561523438 ,  0.245849609 SigReg: 56.988224
std: 0.557128906 ,  0.215576172 SigReg: 54.4757385
std: 0.64453125 ,  0.253417969 SigReg: 54.4757385
std: 0.653808594 ,  0.271728516 SigReg: 60.0871696
std: 0.623046875 ,  0.261230469 SigReg: 60.0871696
std: 0.625488281 ,  0.256103516 SigReg: 56.3283577
std: 0.66015625 ,  0.188110352 SigReg: 56.3283577
std: 0.60546875 ,  0.209716797 SigReg: 53.5044861
std: 0.5859375 ,  0.23059082 SigReg: 53.5044861
std: 0.665527344 ,  0.192993164 SigReg: 51.6381798
std: 0.611816406 ,  0.224243164 SigReg: 51.6381798
std: 0.639160156 ,  0.220581055 SigReg: 52.1356812
std: 0.60546875 ,  0.238891602 SigReg: 52.1356812
