## SLURM PROLOG ###############################################################
##    Job ID : 14732191
##  Job Name : MyGO
##  Nodelist : gpu2264
##      CPUs : 1
##  Mem/Node : 32000 MB
## Directory : /oscar/home/lwang223/MyGO/MyGo
##   Job Started : Sun Dec  7 12:37:28 AM EST 2025
###############################################################################

==========================================
Job started at: Sun Dec  7 12:37:28 AM EST 2025
Job ID: 14732191
Node: gpu2264
==========================================

GPU Information (from host):
Sun Dec  7 00:37:28 2025       
+---------------------------------------------------------------------------------------+
| NVIDIA-SMI 535.129.03             Driver Version: 535.129.03   CUDA Version: 12.2     |
|-----------------------------------------+----------------------+----------------------+
| GPU  Name                 Persistence-M | Bus-Id        Disp.A | Volatile Uncorr. ECC |
| Fan  Temp   Perf          Pwr:Usage/Cap |         Memory-Usage | GPU-Util  Compute M. |
|                                         |                      |               MIG M. |
|=========================================+======================+======================|
|   0  NVIDIA GeForce RTX 3090        On  | 00000000:61:00.0 Off |                  N/A |
| 30%   26C    P8              18W / 350W |     13MiB / 24576MiB |      0%      Default |
|                                         |                      |                  N/A |
+-----------------------------------------+----------------------+----------------------+
|   1  NVIDIA GeForce RTX 3090        On  | 00000000:C1:00.0 Off |                  N/A |
| 30%   28C    P8              21W / 350W |     13MiB / 24576MiB |      0%      Default |
|                                         |                      |                  N/A |
+-----------------------------------------+----------------------+----------------------+
                                                                                         
+---------------------------------------------------------------------------------------+
| Processes:                                                                            |
|  GPU   GI   CI        PID   Type   Process name                            GPU Memory |
|        ID   ID                                                             Usage      |
|=======================================================================================|
|    0   N/A  N/A     51804      G   /usr/libexec/Xorg                             5MiB |
|    1   N/A  N/A     51804      G   /usr/libexec/Xorg                             5MiB |
+---------------------------------------------------------------------------------------+

mygo conda environment loaded
/oscar/rt/9.2/software/0.20-generic/0.20.1/opt/spack/linux-rhel9-x86_64_v3/gcc-11.3.1/ffmpeg-7.0-xny2fb2nz3demdcjhj6x74mcxz4iwmys/bin/ffmpeg
ffmpeg version 7.0 Copyright (c) 2000-2024 the FFmpeg developers
built with gcc 11 (GCC)
configuration: --prefix=/oscar/rt/9.2/software/0.20-generic/0.20.1/opt/spack/linux-rhel9-x86_64_v3/gcc-11.3.1/ffmpeg-7.0-xny2fb2nz3demdcjhj6x74mcxz4iwmys --enable-pic --cc=/oscar/rt/9.2/software/0.20-generic/0.20.1/lib/spack/env/gcc/gcc --cxx=/oscar/rt/9.2/software/0.20-generic/0.20.1/lib/spack/env/gcc/g++ --disable-libxcb --disable-libxcb-shape --disable-libxcb-shm --disable-libxcb-xfixes --disable-xlib --disable-libfontconfig --disable-libfreetype --disable-libfribidi --enable-bzlib --enable-gpl --disable-libmp3lame --disable-libopenjpeg --disable-libopus --disable-libspeex --disable-libvorbis --enable-libvpx --enable-libx264 --disable-nonfree --disable-openssl --enable-shared --enable-version3 --disable-libzmq --disable-libssh --enable-libwebp --disable-lzma --disable-libsnappy --disable-sdl2 --disable-libaom --disable-libxml2
libavutil      59.  8.100 / 59.  8.100
libavcodec     61.  3.100 / 61.  3.100
libavformat    61.  1.100 / 61.  1.100
libavdevice    61.  1.100 / 61.  1.100
libavfilter    10.  1.100 / 10.  1.100
libswscale      8.  1.100 /  8.  1.100
libswresample   5.  1.100 /  5.  1.100
libpostproc    58.  1.100 / 58.  1.100
TF version: 2.16.1
Built with CUDA: True
GPUs detected: 2
GPU devices: [PhysicalDevice(name='/physical_device:GPU:0', device_type='GPU'), PhysicalDevice(name='/physical_device:GPU:1', device_type='GPU')]
==========================================
Installing dependencies
==========================================


==========================================
Starting main Python script at Sun Dec  7 12:38:00 AM EST 2025
==========================================

Working directory: /users/lwang223/MyGO/MyGo

[PhysicalDevice(name='/physical_device:GPU:0', device_type='GPU'), PhysicalDevice(name='/physical_device:GPU:1', device_type='GPU')]
Using MirroredStrategy for multi-GPU training.
Number of devices: 2
Model: "vi_t__ti"
_________________________________________________________________
 Layer (type)                Output Shape              Param #   
=================================================================
 vit (TFViTMainLayer)        multiple                  0 (unused)
                                                                 
=================================================================
Total params: 14591232 (55.66 MB)
Trainable params: 14591232 (55.66 MB)
Non-trainable params: 0 (0.00 Byte)
_________________________________________________________________
Model: "linear_probe"
_________________________________________________________________
 Layer (type)                Output Shape              Param #   
=================================================================
 dense (Dense)               multiple                  202895    
                                                                 
=================================================================
Total params: 202895 (792.56 KB)
Trainable params: 202895 (792.56 KB)
Non-trainable params: 0 (0.00 Byte)
_________________________________________________________________
Building optimizer variables...
Optimizer built.
Starting training...

Epoch 1/100
  Step 0: Backbone Loss = 29.3090, SIGReg Loss = 572.3781 Probe Loss = 464.7656, Acc = 0.5198
  Step 50: Backbone Loss = 10.9515, SIGReg Loss = 184.3782 Probe Loss = 317.8056, Acc = 0.5150
  Step 100: Backbone Loss = 7.2700, SIGReg Loss = 110.4849 Probe Loss = 197.6058, Acc = 0.5274
  Step 150: Backbone Loss = 6.4747, SIGReg Loss = 95.1677 Probe Loss = 171.5163, Acc = 0.5288
  Step 200: Backbone Loss = 5.6299, SIGReg Loss = 81.3667 Probe Loss = 193.3268, Acc = 0.5209
  Step 250: Backbone Loss = 4.8485, SIGReg Loss = 66.7266 Probe Loss = 183.3842, Acc = 0.5229
  Step 300: Backbone Loss = 4.8893, SIGReg Loss = 69.5299 Probe Loss = 182.3911, Acc = 0.5222
Epoch 1 finished in 433.53s.
  Avg Backbone Loss: 8.2738
  Avg Probe Loss:    233.6304
  Avg Probe Accuracy: 0.5191

Epoch 2/100
  Step 0: Backbone Loss = 5.0419, SIGReg Loss = 72.3552 Probe Loss = 176.7600, Acc = 0.5265
  Step 50: Backbone Loss = 19.7095, SIGReg Loss = 358.5671 Probe Loss = 251.4024, Acc = 0.5165
  Step 100: Backbone Loss = 14.6621, SIGReg Loss = 268.0404 Probe Loss = 211.4667, Acc = 0.5164
  Step 150: Backbone Loss = 12.7555, SIGReg Loss = 239.8760 Probe Loss = 205.2801, Acc = 0.5246
  Step 200: Backbone Loss = 11.7365, SIGReg Loss = 219.5610 Probe Loss = 180.0679, Acc = 0.5198
  Step 250: Backbone Loss = 11.4801, SIGReg Loss = 212.6898 Probe Loss = 211.9922, Acc = 0.5123
  Step 300: Backbone Loss = 10.8566, SIGReg Loss = 198.6738 Probe Loss = 223.4015, Acc = 0.5204
Epoch 2 finished in 334.63s.
  Avg Backbone Loss: 13.6644
  Avg Probe Loss:    205.6720
  Avg Probe Accuracy: 0.5188

Epoch 3/100
  Step 0: Backbone Loss = 10.7091, SIGReg Loss = 195.8598 Probe Loss = 203.1057, Acc = 0.5023
  Step 50: Backbone Loss = 10.5516, SIGReg Loss = 191.4157 Probe Loss = 195.1609, Acc = 0.5121
