## SLURM PROLOG ###############################################################
##    Job ID : 14737974
##  Job Name : MyGO
##  Nodelist : gpu2604
##      CPUs : 1
##  Mem/Node : 32000 MB
## Directory : /oscar/home/lwang223/MyGO/MyGo
##   Job Started : Sun Dec  7 08:17:05 PM EST 2025
###############################################################################

==========================================
Job started at: Sun Dec  7 08:17:05 PM EST 2025
Job ID: 14737974
Node: gpu2604
==========================================

GPU Information (from host):
Sun Dec  7 20:17:05 2025       
+---------------------------------------------------------------------------------------+
| NVIDIA-SMI 535.129.03             Driver Version: 535.129.03   CUDA Version: 12.2     |
|-----------------------------------------+----------------------+----------------------+
| GPU  Name                 Persistence-M | Bus-Id        Disp.A | Volatile Uncorr. ECC |
| Fan  Temp   Perf          Pwr:Usage/Cap |         Memory-Usage | GPU-Util  Compute M. |
|                                         |                      |               MIG M. |
|=========================================+======================+======================|
|   0  NVIDIA RTX A5000               On  | 00000000:83:00.0 Off |                  Off |
| 30%   45C    P8              21W / 230W |     15MiB / 24564MiB |      0%      Default |
|                                         |                      |                  N/A |
+-----------------------------------------+----------------------+----------------------+
|   1  NVIDIA RTX A5000               On  | 00000000:84:00.0 Off |                  Off |
| 31%   46C    P8              23W / 230W |     15MiB / 24564MiB |      0%      Default |
|                                         |                      |                  N/A |
+-----------------------------------------+----------------------+----------------------+
                                                                                         
+---------------------------------------------------------------------------------------+
| Processes:                                                                            |
|  GPU   GI   CI        PID   Type   Process name                            GPU Memory |
|        ID   ID                                                             Usage      |
|=======================================================================================|
|    0   N/A  N/A     73873      G   /usr/libexec/Xorg                             8MiB |
|    1   N/A  N/A     73873      G   /usr/libexec/Xorg                             8MiB |
+---------------------------------------------------------------------------------------+

mygo conda environment loaded
/oscar/rt/9.2/software/0.20-generic/0.20.1/opt/spack/linux-rhel9-x86_64_v3/gcc-11.3.1/ffmpeg-7.0-xny2fb2nz3demdcjhj6x74mcxz4iwmys/bin/ffmpeg
ffmpeg version 7.0 Copyright (c) 2000-2024 the FFmpeg developers
built with gcc 11 (GCC)
configuration: --prefix=/oscar/rt/9.2/software/0.20-generic/0.20.1/opt/spack/linux-rhel9-x86_64_v3/gcc-11.3.1/ffmpeg-7.0-xny2fb2nz3demdcjhj6x74mcxz4iwmys --enable-pic --cc=/oscar/rt/9.2/software/0.20-generic/0.20.1/lib/spack/env/gcc/gcc --cxx=/oscar/rt/9.2/software/0.20-generic/0.20.1/lib/spack/env/gcc/g++ --disable-libxcb --disable-libxcb-shape --disable-libxcb-shm --disable-libxcb-xfixes --disable-xlib --disable-libfontconfig --disable-libfreetype --disable-libfribidi --enable-bzlib --enable-gpl --disable-libmp3lame --disable-libopenjpeg --disable-libopus --disable-libspeex --disable-libvorbis --enable-libvpx --enable-libx264 --disable-nonfree --disable-openssl --enable-shared --enable-version3 --disable-libzmq --disable-libssh --enable-libwebp --disable-lzma --disable-libsnappy --disable-sdl2 --disable-libaom --disable-libxml2
libavutil      59.  8.100 / 59.  8.100
libavcodec     61.  3.100 / 61.  3.100
libavformat    61.  1.100 / 61.  1.100
libavdevice    61.  1.100 / 61.  1.100
libavfilter    10.  1.100 / 10.  1.100
libswscale      8.  1.100 /  8.  1.100
libswresample   5.  1.100 /  5.  1.100
libpostproc    58.  1.100 / 58.  1.100
TF version: 2.16.1
Built with CUDA: True
GPUs detected: 2
GPU devices: [PhysicalDevice(name='/physical_device:GPU:0', device_type='GPU'), PhysicalDevice(name='/physical_device:GPU:1', device_type='GPU')]
==========================================
Installing dependencies
==========================================


==========================================
Starting main Python script at Sun Dec  7 08:17:14 PM EST 2025
==========================================

Working directory: /users/lwang223/MyGO/MyGo

[PhysicalDevice(name='/physical_device:GPU:0', device_type='GPU'), PhysicalDevice(name='/physical_device:GPU:1', device_type='GPU')]
Using MirroredStrategy for multi-GPU training.
Number of devices: 2
Found checkpoint: ./checkpoints/ckpt-25
Full checkpoint restored (Backbone, Probe, Optimizer).
Resuming from Epoch 26
Model: "vi_t__ti"
_________________________________________________________________
 Layer (type)                Output Shape              Param #   
=================================================================
 vit (TFViTMainLayer)        multiple                  0 (unused)
                                                                 
=================================================================
Total params: 21689088 (82.74 MB)
Trainable params: 21689088 (82.74 MB)
Non-trainable params: 0 (0.00 Byte)
_________________________________________________________________
Model: "linear_probe"
_________________________________________________________________
 Layer (type)                Output Shape              Param #   
=================================================================
 dense (Dense)               multiple                  202895    
                                                                 
=================================================================
Total params: 202895 (792.56 KB)
Trainable params: 202895 (792.56 KB)
Non-trainable params: 0 (0.00 Byte)
_________________________________________________________________
Building optimizer variables...
Optimizer built.
Starting training...

Epoch 26/300
  Step 0: Backbone Loss = 2.2171, SIGReg Loss = 24.5270 Probe Loss = 205.9319, Acc = 0.5288
  Step 50: Backbone Loss = 3.7395, SIGReg Loss = 53.8846 Probe Loss = 226.0840, Acc = 0.5487
  Step 100: Backbone Loss = 4.1575, SIGReg Loss = 63.9349 Probe Loss = 234.6886, Acc = 0.5444
  Step 150: Backbone Loss = 6.1006, SIGReg Loss = 101.8585 Probe Loss = 410.1471, Acc = 0.4646
  Step 200: Backbone Loss = 4.1421, SIGReg Loss = 63.6631 Probe Loss = 204.3717, Acc = 0.5199
  Step 250: Backbone Loss = 8.9598, SIGReg Loss = 160.6105 Probe Loss = 285.7484, Acc = 0.5574
  Step 300: Backbone Loss = 3.2296, SIGReg Loss = 43.9077 Probe Loss = 595.3380, Acc = 0.4900
  Step 350: Backbone Loss = 3.4662, SIGReg Loss = 47.4891 Probe Loss = 456.6150, Acc = 0.5225
  Step 400: Backbone Loss = 2.4838, SIGReg Loss = 30.2488 Probe Loss = 327.7911, Acc = 0.5495
  Step 450: Backbone Loss = 8.7278, SIGReg Loss = 158.2195 Probe Loss = 437.8273, Acc = 0.5399
Epoch 26 finished in 495.25s.
  Avg Backbone Loss: 4.3096
  Avg Probe Loss:    358.6116
  Avg Probe Accuracy: 0.5247

Epoch 27/300
  Step 0: Backbone Loss = 4.1529, SIGReg Loss = 65.6949 Probe Loss = 403.0945, Acc = 0.5160
  Step 50: Backbone Loss = 3.0924, SIGReg Loss = 39.4494 Probe Loss = 286.6012, Acc = 0.5788
  Step 100: Backbone Loss = 2.9496, SIGReg Loss = 38.2476 Probe Loss = 327.5925, Acc = 0.5374
  Step 150: Backbone Loss = 2.8014, SIGReg Loss = 35.7296 Probe Loss = 217.8147, Acc = 0.5394
  Step 200: Backbone Loss = 3.7924, SIGReg Loss = 55.5388 Probe Loss = 522.6438, Acc = 0.5057
  Step 250: Backbone Loss = 2.7359, SIGReg Loss = 35.6363 Probe Loss = 550.0222, Acc = 0.5415
  Step 300: Backbone Loss = 3.1788, SIGReg Loss = 41.9125 Probe Loss = 207.5345, Acc = 0.5395
  Step 350: Backbone Loss = 3.1949, SIGReg Loss = 44.5686 Probe Loss = 321.2751, Acc = 0.5531
  Step 400: Backbone Loss = 2.3965, SIGReg Loss = 27.8516 Probe Loss = 203.4845, Acc = 0.5260
  Step 450: Backbone Loss = 2.8848, SIGReg Loss = 37.8751 Probe Loss = 205.8497, Acc = 0.5199
Epoch 27 finished in 449.03s.
  Avg Backbone Loss: 3.4929
  Avg Probe Loss:    295.5336
  Avg Probe Accuracy: 0.5359

Epoch 28/300
  Step 0: Backbone Loss = 2.5761, SIGReg Loss = 30.8895 Probe Loss = 205.8940, Acc = 0.5381
  Step 50: Backbone Loss = 2.3909, SIGReg Loss = 27.5997 Probe Loss = 196.6485, Acc = 0.5168
  Step 100: Backbone Loss = 2.7467, SIGReg Loss = 36.0895 Probe Loss = 174.4093, Acc = 0.5212
  Step 150: Backbone Loss = 3.6849, SIGReg Loss = 53.5386 Probe Loss = 204.5494, Acc = 0.5412
  Step 200: Backbone Loss = 2.7317, SIGReg Loss = 34.3668 Probe Loss = 185.1738, Acc = 0.5268
  Step 250: Backbone Loss = 2.2689, SIGReg Loss = 25.3072 Probe Loss = 198.3952, Acc = 0.5354
  Step 300: Backbone Loss = 2.3694, SIGReg Loss = 26.4590 Probe Loss = 186.9781, Acc = 0.5360
  Step 350: Backbone Loss = 2.2131, SIGReg Loss = 24.3792 Probe Loss = 204.5771, Acc = 0.5359
  Step 400: Backbone Loss = 2.4305, SIGReg Loss = 28.4972 Probe Loss = 210.8612, Acc = 0.5257
  Step 450: Backbone Loss = 2.3795, SIGReg Loss = 28.1016 Probe Loss = 243.3945, Acc = 0.5190
Epoch 28 finished in 450.27s.
  Avg Backbone Loss: 2.6335
  Avg Probe Loss:    196.2560
  Avg Probe Accuracy: 0.5280

Epoch 29/300
  Step 0: Backbone Loss = 2.2545, SIGReg Loss = 24.9291 Probe Loss = 211.5943, Acc = 0.5455
  Step 50: Backbone Loss = 3.4805, SIGReg Loss = 49.8938 Probe Loss = 216.4012, Acc = 0.5300
  Step 100: Backbone Loss = 3.0378, SIGReg Loss = 41.6269 Probe Loss = 198.8060, Acc = 0.5280
  Step 150: Backbone Loss = 2.4648, SIGReg Loss = 26.7104 Probe Loss = 205.7079, Acc = 0.5285
  Step 200: Backbone Loss = 2.3137, SIGReg Loss = 24.6619 Probe Loss = 190.3471, Acc = 0.5237
  Step 250: Backbone Loss = 2.9074, SIGReg Loss = 37.7940 Probe Loss = 181.8451, Acc = 0.5290
  Step 300: Backbone Loss = 2.1843, SIGReg Loss = 22.2745 Probe Loss = 178.2677, Acc = 0.5200
  Step 350: Backbone Loss = 2.1958, SIGReg Loss = 22.9706 Probe Loss = 181.3906, Acc = 0.5279
  Step 400: Backbone Loss = 2.2086, SIGReg Loss = 22.6513 Probe Loss = 179.8773, Acc = 0.5261
  Step 450: Backbone Loss = 2.2556, SIGReg Loss = 23.2818 Probe Loss = 210.2614, Acc = 0.5264
Epoch 29 finished in 449.05s.
  Avg Backbone Loss: 2.5101
  Avg Probe Loss:    193.2781
  Avg Probe Accuracy: 0.5274

Epoch 30/300
  Step 0: Backbone Loss = 2.4378, SIGReg Loss = 27.3587 Probe Loss = 189.3158, Acc = 0.5586
  Step 50: Backbone Loss = 2.2159, SIGReg Loss = 23.5016 Probe Loss = 186.2714, Acc = 0.5356
  Step 100: Backbone Loss = 2.1501, SIGReg Loss = 22.0699 Probe Loss = 193.3144, Acc = 0.5237
  Step 150: Backbone Loss = 2.9048, SIGReg Loss = 36.6434 Probe Loss = 175.8735, Acc = 0.5315
  Step 200: Backbone Loss = 2.0281, SIGReg Loss = 19.8480 Probe Loss = 199.1367, Acc = 0.5212
  Step 250: Backbone Loss = 2.3796, SIGReg Loss = 26.8026 Probe Loss = 181.8752, Acc = 0.5540
  Step 300: Backbone Loss = 2.5025, SIGReg Loss = 28.5347 Probe Loss = 181.9057, Acc = 0.5275
  Step 350: Backbone Loss = 2.3250, SIGReg Loss = 24.4528 Probe Loss = 182.6840, Acc = 0.5461
