## SLURM PROLOG ###############################################################
##    Job ID : 14730546
##  Job Name : MyGO
##  Nodelist : gpu1403
##      CPUs : 1
##  Mem/Node : 32000 MB
## Directory : /oscar/home/lwang223/MyGO/MyGo
##   Job Started : Sat Dec  6 06:01:24 PM EST 2025
###############################################################################

==========================================
Job started at: Sat Dec  6 06:01:24 PM EST 2025
Job ID: 14730546
Node: gpu1403
==========================================

GPU Information (from host):
Sat Dec  6 18:01:24 2025       
+---------------------------------------------------------------------------------------+
| NVIDIA-SMI 535.129.03             Driver Version: 535.129.03   CUDA Version: 12.2     |
|-----------------------------------------+----------------------+----------------------+
| GPU  Name                 Persistence-M | Bus-Id        Disp.A | Volatile Uncorr. ECC |
| Fan  Temp   Perf          Pwr:Usage/Cap |         Memory-Usage | GPU-Util  Compute M. |
|                                         |                      |               MIG M. |
|=========================================+======================+======================|
|   0  NVIDIA TITAN RTX               On  | 00000000:3E:00.0 Off |                  N/A |
| 41%   28C    P8               2W / 280W |      7MiB / 24576MiB |      0%      Default |
|                                         |                      |                  N/A |
+-----------------------------------------+----------------------+----------------------+
                                                                                         
+---------------------------------------------------------------------------------------+
| Processes:                                                                            |
|  GPU   GI   CI        PID   Type   Process name                            GPU Memory |
|        ID   ID                                                             Usage      |
|=======================================================================================|
|    0   N/A  N/A     30398      G   /usr/libexec/Xorg                             5MiB |
+---------------------------------------------------------------------------------------+

mygo conda environment loaded
/oscar/rt/9.2/software/0.20-generic/0.20.1/opt/spack/linux-rhel9-x86_64_v3/gcc-11.3.1/ffmpeg-7.0-xny2fb2nz3demdcjhj6x74mcxz4iwmys/bin/ffmpeg
ffmpeg version 7.0 Copyright (c) 2000-2024 the FFmpeg developers
built with gcc 11 (GCC)
configuration: --prefix=/oscar/rt/9.2/software/0.20-generic/0.20.1/opt/spack/linux-rhel9-x86_64_v3/gcc-11.3.1/ffmpeg-7.0-xny2fb2nz3demdcjhj6x74mcxz4iwmys --enable-pic --cc=/oscar/rt/9.2/software/0.20-generic/0.20.1/lib/spack/env/gcc/gcc --cxx=/oscar/rt/9.2/software/0.20-generic/0.20.1/lib/spack/env/gcc/g++ --disable-libxcb --disable-libxcb-shape --disable-libxcb-shm --disable-libxcb-xfixes --disable-xlib --disable-libfontconfig --disable-libfreetype --disable-libfribidi --enable-bzlib --enable-gpl --disable-libmp3lame --disable-libopenjpeg --disable-libopus --disable-libspeex --disable-libvorbis --enable-libvpx --enable-libx264 --disable-nonfree --disable-openssl --enable-shared --enable-version3 --disable-libzmq --disable-libssh --enable-libwebp --disable-lzma --disable-libsnappy --disable-sdl2 --disable-libaom --disable-libxml2
libavutil      59.  8.100 / 59.  8.100
libavcodec     61.  3.100 / 61.  3.100
libavformat    61.  1.100 / 61.  1.100
libavdevice    61.  1.100 / 61.  1.100
libavfilter    10.  1.100 / 10.  1.100
libswscale      8.  1.100 /  8.  1.100
libswresample   5.  1.100 /  5.  1.100
libpostproc    58.  1.100 / 58.  1.100
TF version: 2.16.1
Built with CUDA: True
GPUs detected: 1
GPU devices: [PhysicalDevice(name='/physical_device:GPU:0', device_type='GPU')]
==========================================
Installing dependencies
==========================================


==========================================
Starting main Python script at Sat Dec  6 06:01:55 PM EST 2025
==========================================

Working directory: /users/lwang223/MyGO/MyGo

[PhysicalDevice(name='/physical_device:GPU:0', device_type='GPU')]
Using default strategy (single device or non-GPU).
Number of devices: 1
Model: "vi_t__ti"
_________________________________________________________________
 Layer (type)                Output Shape              Param #   
=================================================================
 vit (TFViTMainLayer)        multiple                  0 (unused)
                                                                 
=================================================================
Total params: 7493376 (28.58 MB)
Trainable params: 7493376 (28.58 MB)
Non-trainable params: 0 (0.00 Byte)
_________________________________________________________________
Model: "linear_probe"
_________________________________________________________________
 Layer (type)                Output Shape              Param #   
=================================================================
 dense (Dense)               multiple                  202895    
                                                                 
=================================================================
Total params: 202895 (792.56 KB)
Trainable params: 202895 (792.56 KB)
Non-trainable params: 0 (0.00 Byte)
_________________________________________________________________
Building optimizer variables...
Optimizer built.
Starting training...

Epoch 1/100
  Step 0: Backbone Loss = 39.5889, SIGReg Loss = 130.3224 Probe Loss = 449.1971, Acc = 0.5141
  Step 50: Backbone Loss = 10.6029, SIGReg Loss = 31.6059 Probe Loss = 448.7062, Acc = 0.5305
  Step 100: Backbone Loss = 2.5859, SIGReg Loss = 4.8643 Probe Loss = 424.4702, Acc = 0.5228
  Step 150: Backbone Loss = 1.7377, SIGReg Loss = 2.7297 Probe Loss = 436.5361, Acc = 0.4552
  Step 200: Backbone Loss = 2.0042, SIGReg Loss = 3.7094 Probe Loss = 413.2240, Acc = 0.5316
  Step 250: Backbone Loss = 2.0702, SIGReg Loss = 3.9656 Probe Loss = 423.6506, Acc = 0.5156
  Step 300: Backbone Loss = 2.0836, SIGReg Loss = 4.0287 Probe Loss = 421.5453, Acc = 0.5005
  Step 350: Backbone Loss = 2.6279, SIGReg Loss = 5.8614 Probe Loss = 411.9335, Acc = 0.5245
  Step 400: Backbone Loss = 2.2903, SIGReg Loss = 4.6994 Probe Loss = 401.7198, Acc = 0.5176
  Step 450: Backbone Loss = 2.2494, SIGReg Loss = 4.5447 Probe Loss = 410.3642, Acc = 0.4947
  Step 500: Backbone Loss = 2.5372, SIGReg Loss = 5.5408 Probe Loss = 415.7094, Acc = 0.5062
  Step 550: Backbone Loss = 2.3932, SIGReg Loss = 5.0244 Probe Loss = 402.5823, Acc = 0.5414
  Step 600: Backbone Loss = 2.5842, SIGReg Loss = 5.6425 Probe Loss = 418.3091, Acc = 0.5125
  Step 650: Backbone Loss = 1.9699, SIGReg Loss = 3.6313 Probe Loss = 423.8781, Acc = 0.4478
  Step 700: Backbone Loss = 2.0932, SIGReg Loss = 4.0241 Probe Loss = 431.6044, Acc = 0.4398
  Step 750: Backbone Loss = 1.7650, SIGReg Loss = 2.9485 Probe Loss = 418.3502, Acc = 0.5121
