## SLURM PROLOG ###############################################################
##    Job ID : 14728313
##  Job Name : MyGO
##  Nodelist : gpu2006
##      CPUs : 1
##  Mem/Node : 32000 MB
## Directory : /oscar/home/lwang223/MyGO/MyGo
##   Job Started : Sat Dec  6 02:03:08 PM EST 2025
###############################################################################

==========================================
Job started at: Sat Dec  6 02:03:08 PM EST 2025
Job ID: 14728313
Node: gpu2006
==========================================

GPU Information (from host):
Sat Dec  6 14:03:08 2025       
+---------------------------------------------------------------------------------------+
| NVIDIA-SMI 535.129.03             Driver Version: 535.129.03   CUDA Version: 12.2     |
|-----------------------------------------+----------------------+----------------------+
| GPU  Name                 Persistence-M | Bus-Id        Disp.A | Volatile Uncorr. ECC |
| Fan  Temp   Perf          Pwr:Usage/Cap |         Memory-Usage | GPU-Util  Compute M. |
|                                         |                      |               MIG M. |
|=========================================+======================+======================|
|   0  Quadro RTX 6000                On  | 00000000:41:00.0 Off |                  Off |
| 33%   28C    P8               4W / 260W |     22MiB / 24576MiB |      0%      Default |
|                                         |                      |                  N/A |
+-----------------------------------------+----------------------+----------------------+
|   1  Quadro RTX 6000                On  | 00000000:60:00.0 Off |                  Off |
| 33%   24C    P8               4W / 260W |     10MiB / 24576MiB |      0%      Default |
|                                         |                      |                  N/A |
+-----------------------------------------+----------------------+----------------------+
                                                                                         
+---------------------------------------------------------------------------------------+
| Processes:                                                                            |
|  GPU   GI   CI        PID   Type   Process name                            GPU Memory |
|        ID   ID                                                             Usage      |
|=======================================================================================|
|    0   N/A  N/A     30575      G   /usr/libexec/Xorg                            20MiB |
|    1   N/A  N/A     30575      G   /usr/libexec/Xorg                             8MiB |
+---------------------------------------------------------------------------------------+

mygo conda environment loaded
/oscar/rt/9.2/software/0.20-generic/0.20.1/opt/spack/linux-rhel9-x86_64_v3/gcc-11.3.1/ffmpeg-7.0-xny2fb2nz3demdcjhj6x74mcxz4iwmys/bin/ffmpeg
ffmpeg version 7.0 Copyright (c) 2000-2024 the FFmpeg developers
built with gcc 11 (GCC)
configuration: --prefix=/oscar/rt/9.2/software/0.20-generic/0.20.1/opt/spack/linux-rhel9-x86_64_v3/gcc-11.3.1/ffmpeg-7.0-xny2fb2nz3demdcjhj6x74mcxz4iwmys --enable-pic --cc=/oscar/rt/9.2/software/0.20-generic/0.20.1/lib/spack/env/gcc/gcc --cxx=/oscar/rt/9.2/software/0.20-generic/0.20.1/lib/spack/env/gcc/g++ --disable-libxcb --disable-libxcb-shape --disable-libxcb-shm --disable-libxcb-xfixes --disable-xlib --disable-libfontconfig --disable-libfreetype --disable-libfribidi --enable-bzlib --enable-gpl --disable-libmp3lame --disable-libopenjpeg --disable-libopus --disable-libspeex --disable-libvorbis --enable-libvpx --enable-libx264 --disable-nonfree --disable-openssl --enable-shared --enable-version3 --disable-libzmq --disable-libssh --enable-libwebp --disable-lzma --disable-libsnappy --disable-sdl2 --disable-libaom --disable-libxml2
libavutil      59.  8.100 / 59.  8.100
libavcodec     61.  3.100 / 61.  3.100
libavformat    61.  1.100 / 61.  1.100
libavdevice    61.  1.100 / 61.  1.100
libavfilter    10.  1.100 / 10.  1.100
libswscale      8.  1.100 /  8.  1.100
libswresample   5.  1.100 /  5.  1.100
libpostproc    58.  1.100 / 58.  1.100
TF version: 2.16.1
Built with CUDA: True
GPUs detected: 2
GPU devices: [PhysicalDevice(name='/physical_device:GPU:0', device_type='GPU'), PhysicalDevice(name='/physical_device:GPU:1', device_type='GPU')]
==========================================
Installing dependencies
==========================================


==========================================
Starting main Python script at Sat Dec  6 02:03:18 PM EST 2025
==========================================

Working directory: /users/lwang223/MyGO/MyGo

[PhysicalDevice(name='/physical_device:GPU:0', device_type='GPU'), PhysicalDevice(name='/physical_device:GPU:1', device_type='GPU')]
Using MirroredStrategy for multi-GPU training.
Number of devices: 2
Model: "vi_t"
_________________________________________________________________
 Layer (type)                Output Shape              Param #   
=================================================================
 dense (Dense)               multiple                  196992    
                                                                 
 transformer_block_0 (Trans  multiple                  1776084   
 formerBlock)                                                    
                                                                 
 transformer_block_1 (Trans  multiple                  1776084   
 formerBlock)                                                    
                                                                 
 transformer_block_2 (Trans  multiple                  1776084   
 formerBlock)                                                    
                                                                 
 transformer_block_3 (Trans  multiple                  1776084   
 formerBlock)                                                    
                                                                 
 transformer_block_4 (Trans  multiple                  1776084   
 formerBlock)                                                    
                                                                 
 transformer_block_5 (Trans  multiple                  1776084   
 formerBlock)                                                    
                                                                 
 transformer_block_6 (Trans  multiple                  1776084   
 formerBlock)                                                    
                                                                 
 transformer_block_7 (Trans  multiple                  1776084   
 formerBlock)                                                    
                                                                 
 transformer_block_8 (Trans  multiple                  1776084   
 formerBlock)                                                    
                                                                 
 transformer_block_9 (Trans  multiple                  1776084   
 formerBlock)                                                    
                                                                 
 transformer_block_10 (Tran  multiple                  1776084   
 sformerBlock)                                                   
                                                                 
 transformer_block_11 (Tran  multiple                  1776084   
 sformerBlock)                                                   
                                                                 
=================================================================
Total params: 21516912 (82.08 MB)
Trainable params: 21516912 (82.08 MB)
Non-trainable params: 0 (0.00 Byte)
_________________________________________________________________
Model: "linear_probe"
_________________________________________________________________
 Layer (type)                Output Shape              Param #   
=================================================================
 dense_253 (Dense)           multiple                  202895    
                                                                 
=================================================================
Total params: 202895 (792.56 KB)
Trainable params: 202895 (792.56 KB)
Non-trainable params: 0 (0.00 Byte)
_________________________________________________________________
Building optimizer variables...
Optimizer built.
Starting training...

Epoch 1/100
  Step 0: Backbone Loss = 78.1602, Probe Loss = 462.4227, Acc = 0.5049
  Step 50: Backbone Loss = 8.6132, Probe Loss = 440.5167, Acc = 0.5167
  Step 100: Backbone Loss = 1.9560, Probe Loss = 444.5566, Acc = 0.5099
  Step 150: Backbone Loss = 1.7642, Probe Loss = 440.3710, Acc = 0.4728
  Step 200: Backbone Loss = 1.6997, Probe Loss = 437.9557, Acc = 0.5199
  Step 250: Backbone Loss = 1.8006, Probe Loss = 443.0457, Acc = 0.5130
  Step 300: Backbone Loss = 1.8416, Probe Loss = 438.4086, Acc = 0.5014
  Step 350: Backbone Loss = 1.7577, Probe Loss = 438.1738, Acc = 0.4932
  Step 400: Backbone Loss = 1.9435, Probe Loss = 435.5812, Acc = 0.5025
  Step 450: Backbone Loss = 1.7074, Probe Loss = 437.1965, Acc = 0.4934
Epoch 1 finished in 1605.75s.
  Avg Backbone Loss: 5.8602
  Avg Probe Loss:    439.4182
  Avg Probe Accuracy: 0.5001

Epoch 2/100
  Step 0: Backbone Loss = 1.8176, Probe Loss = 436.9767, Acc = 0.5395
  Step 50: Backbone Loss = 1.8601, Probe Loss = 428.5182, Acc = 0.5097
  Step 100: Backbone Loss = 2.0149, Probe Loss = 430.5899, Acc = 0.5041
  Step 150: Backbone Loss = 1.8749, Probe Loss = 425.1942, Acc = 0.4724
  Step 200: Backbone Loss = 2.1340, Probe Loss = 420.5372, Acc = 0.5219
  Step 250: Backbone Loss = 2.4779, Probe Loss = 424.9252, Acc = 0.4747
  Step 300: Backbone Loss = 2.1943, Probe Loss = 413.5695, Acc = 0.5243
  Step 350: Backbone Loss = 2.1899, Probe Loss = 414.0075, Acc = 0.5268
  Step 400: Backbone Loss = 2.3972, Probe Loss = 405.2173, Acc = 0.5472
  Step 450: Backbone Loss = 2.1665, Probe Loss = 386.4449, Acc = 0.5126
Epoch 2 finished in 1393.42s.
  Avg Backbone Loss: 2.1034
  Avg Probe Loss:    419.2750
  Avg Probe Accuracy: 0.5045

Epoch 3/100
  Step 0: Backbone Loss = 2.1737, Probe Loss = 404.8776, Acc = 0.4874
  Step 50: Backbone Loss = 2.9548, Probe Loss = 384.7373, Acc = 0.5095
  Step 100: Backbone Loss = 2.0490, Probe Loss = 379.1028, Acc = 0.5482
  Step 150: Backbone Loss = 2.6511, Probe Loss = 375.7108, Acc = 0.5151
  Step 200: Backbone Loss = 2.4862, Probe Loss = 390.3585, Acc = 0.4900
  Step 250: Backbone Loss = 2.2150, Probe Loss = 386.6221, Acc = 0.5123
  Step 300: Backbone Loss = 2.7114, Probe Loss = 387.4689, Acc = 0.4682
  Step 350: Backbone Loss = 2.2722, Probe Loss = 346.8481, Acc = 0.5251
  Step 400: Backbone Loss = 2.3678, Probe Loss = 362.7940, Acc = 0.5263
  Step 450: Backbone Loss = 2.2176, Probe Loss = 355.7881, Acc = 0.5191
Epoch 3 finished in 1391.66s.
  Avg Backbone Loss: 2.3590
  Avg Probe Loss:    379.5094
  Avg Probe Accuracy: 0.5129

Epoch 4/100
  Step 0: Backbone Loss = 2.6472, Probe Loss = 348.5233, Acc = 0.5089
  Step 50: Backbone Loss = 2.6892, Probe Loss = 406.2130, Acc = 0.5504
  Step 100: Backbone Loss = 2.7487, Probe Loss = 358.8793, Acc = 0.5227
  Step 150: Backbone Loss = 2.6407, Probe Loss = 381.5882, Acc = 0.5236
  Step 200: Backbone Loss = 2.5435, Probe Loss = 386.5967, Acc = 0.5254
  Step 250: Backbone Loss = 4.7106, Probe Loss = 382.5598, Acc = 0.4806
  Step 300: Backbone Loss = 2.6429, Probe Loss = 389.4670, Acc = 0.5027
  Step 350: Backbone Loss = 5.1733, Probe Loss = 358.6440, Acc = 0.5103
  Step 400: Backbone Loss = 2.3428, Probe Loss = 384.2493, Acc = 0.5059
  Step 450: Backbone Loss = 1.5548, Probe Loss = 387.7828, Acc = 0.5132
Epoch 4 finished in 1392.64s.
  Avg Backbone Loss: 3.5723
  Avg Probe Loss:    381.7141
  Avg Probe Accuracy: 0.5099

Epoch 5/100
  Step 0: Backbone Loss = 1.6840, Probe Loss = 373.6247, Acc = 0.5292
