## SLURM PROLOG ###############################################################
##    Job ID : 14732304
##  Job Name : MyGO
##  Nodelist : gpu2108
##      CPUs : 1
##  Mem/Node : 32000 MB
## Directory : /oscar/home/lwang223/MyGO/MyGo
##   Job Started : Sun Dec  7 01:49:09 AM EST 2025
###############################################################################

==========================================
Job started at: Sun Dec  7 01:49:09 AM EST 2025
Job ID: 14732304
Node: gpu2108
==========================================

GPU Information (from host):
Sun Dec  7 01:49:09 2025       
+---------------------------------------------------------------------------------------+
| NVIDIA-SMI 535.129.03             Driver Version: 535.129.03   CUDA Version: 12.2     |
|-----------------------------------------+----------------------+----------------------+
| GPU  Name                 Persistence-M | Bus-Id        Disp.A | Volatile Uncorr. ECC |
| Fan  Temp   Perf          Pwr:Usage/Cap |         Memory-Usage | GPU-Util  Compute M. |
|                                         |                      |               MIG M. |
|=========================================+======================+======================|
|   0  NVIDIA GeForce RTX 3090        On  | 00000000:41:00.0 Off |                  N/A |
| 30%   33C    P8              27W / 350W |     30MiB / 24576MiB |      0%      Default |
|                                         |                      |                  N/A |
+-----------------------------------------+----------------------+----------------------+
|   1  NVIDIA GeForce RTX 3090        On  | 00000000:81:00.0 Off |                  N/A |
| 30%   28C    P8              29W / 350W |     30MiB / 24576MiB |      0%      Default |
|                                         |                      |                  N/A |
+-----------------------------------------+----------------------+----------------------+
                                                                                         
+---------------------------------------------------------------------------------------+
| Processes:                                                                            |
|  GPU   GI   CI        PID   Type   Process name                            GPU Memory |
|        ID   ID                                                             Usage      |
|=======================================================================================|
|    0   N/A  N/A     45822      G   /usr/libexec/Xorg                            17MiB |
|    1   N/A  N/A     45822      G   /usr/libexec/Xorg                            21MiB |
+---------------------------------------------------------------------------------------+

mygo conda environment loaded
/oscar/rt/9.2/software/0.20-generic/0.20.1/opt/spack/linux-rhel9-x86_64_v3/gcc-11.3.1/ffmpeg-7.0-xny2fb2nz3demdcjhj6x74mcxz4iwmys/bin/ffmpeg
ffmpeg version 7.0 Copyright (c) 2000-2024 the FFmpeg developers
built with gcc 11 (GCC)
configuration: --prefix=/oscar/rt/9.2/software/0.20-generic/0.20.1/opt/spack/linux-rhel9-x86_64_v3/gcc-11.3.1/ffmpeg-7.0-xny2fb2nz3demdcjhj6x74mcxz4iwmys --enable-pic --cc=/oscar/rt/9.2/software/0.20-generic/0.20.1/lib/spack/env/gcc/gcc --cxx=/oscar/rt/9.2/software/0.20-generic/0.20.1/lib/spack/env/gcc/g++ --disable-libxcb --disable-libxcb-shape --disable-libxcb-shm --disable-libxcb-xfixes --disable-xlib --disable-libfontconfig --disable-libfreetype --disable-libfribidi --enable-bzlib --enable-gpl --disable-libmp3lame --disable-libopenjpeg --disable-libopus --disable-libspeex --disable-libvorbis --enable-libvpx --enable-libx264 --disable-nonfree --disable-openssl --enable-shared --enable-version3 --disable-libzmq --disable-libssh --enable-libwebp --disable-lzma --disable-libsnappy --disable-sdl2 --disable-libaom --disable-libxml2
libavutil      59.  8.100 / 59.  8.100
libavcodec     61.  3.100 / 61.  3.100
libavformat    61.  1.100 / 61.  1.100
libavdevice    61.  1.100 / 61.  1.100
libavfilter    10.  1.100 / 10.  1.100
libswscale      8.  1.100 /  8.  1.100
libswresample   5.  1.100 /  5.  1.100
libpostproc    58.  1.100 / 58.  1.100
TF version: 2.16.1
Built with CUDA: True
GPUs detected: 2
GPU devices: [PhysicalDevice(name='/physical_device:GPU:0', device_type='GPU'), PhysicalDevice(name='/physical_device:GPU:1', device_type='GPU')]
==========================================
Installing dependencies
==========================================


==========================================
Starting main Python script at Sun Dec  7 01:49:18 AM EST 2025
==========================================

Working directory: /users/lwang223/MyGO/MyGo

[PhysicalDevice(name='/physical_device:GPU:0', device_type='GPU'), PhysicalDevice(name='/physical_device:GPU:1', device_type='GPU')]
Using MirroredStrategy for multi-GPU training.
Number of devices: 2
Model: "vi_t__ti"
_________________________________________________________________
 Layer (type)                Output Shape              Param #   
=================================================================
 vit (TFViTMainLayer)        multiple                  0 (unused)
                                                                 
=================================================================
Total params: 14591232 (55.66 MB)
Trainable params: 14591232 (55.66 MB)
Non-trainable params: 0 (0.00 Byte)
_________________________________________________________________
Model: "linear_probe"
_________________________________________________________________
 Layer (type)                Output Shape              Param #   
=================================================================
 dense (Dense)               multiple                  202895    
                                                                 
=================================================================
Total params: 202895 (792.56 KB)
Trainable params: 202895 (792.56 KB)
Non-trainable params: 0 (0.00 Byte)
_________________________________________________________________
Building optimizer variables...
Optimizer built.
Starting training...

Epoch 1/100
std: 0.0836792 ,  0.134887695 SigReg: 589.177551
std: 0.173461914 ,  0.176635742 SigReg: 589.177551
  Step 0: Backbone Loss = 30.1143, SIGReg Loss = 589.1776 Probe Loss = 459.9992, Acc = 0.5046
std: 0.109436035 ,  0.145751953 SigReg: 568.441467
std: 0.0666503906 ,  0.114990234 SigReg: 568.441467
std: 0.0728149414 ,  0.124084473 SigReg: 555.447754
std: 0.14831543 ,  0.141845703 SigReg: 555.447754
std: 0.0748901367 ,  0.112243652 SigReg: 635.641907
std: 0.118530273 ,  0.255371094 SigReg: 635.641907
std: 0.158935547 ,  0.168823242 SigReg: 568.85791
std: 0.147949219 ,  0.237792969 SigReg: 568.85791
std: 0.155517578 ,  0.113769531 SigReg: 599.890503
std: 0.0680542 ,  0.103881836 SigReg: 599.890503
std: 0.0726318359 ,  0.10925293 SigReg: 594.750183
std: 0.067199707 ,  0.114746094 SigReg: 594.750183
std: 0.0725708 ,  0.127075195 SigReg: 619.06604
std: 0.0755004883 ,  0.12322998 SigReg: 619.06604
std: 0.0621032715 ,  0.11517334 SigReg: 606.178894
std: 0.0709228516 ,  0.102722168 SigReg: 606.178894
std: 0.0808105469 ,  0.121154785 SigReg: 552.804077
std: 0.117492676 ,  0.252197266 SigReg: 552.804077
std: 0.0620117188 ,  0.116577148 SigReg: 570.389038
std: 0.125732422 ,  0.101074219 SigReg: 570.389038
std: 0.118347168 ,  0.132080078 SigReg: 583.19165
std: 0.105407715 ,  0.124572754 SigReg: 583.19165
std: 0.0814209 ,  0.12890625 SigReg: 590.814087
std: 0.0710449219 ,  0.102478027 SigReg: 590.814087
std: 0.167480469 ,  0.155883789 SigReg: 604.274292
std: 0.0861816406 ,  0.134277344 SigReg: 604.274292
std: 0.078918457 ,  0.104553223 SigReg: 561.726807
std: 0.110290527 ,  0.116333008 SigReg: 561.726807
std: 0.0758667 ,  0.120910645 SigReg: 624.531921
std: 0.110961914 ,  0.106140137 SigReg: 624.531921
std: 0.119689941 ,  0.126831055 SigReg: 585.737183
std: 0.0974731445 ,  0.115844727 SigReg: 585.737183
std: 0.0948486328 ,  0.121398926 SigReg: 559.36
std: 0.0631713867 ,  0.105895996 SigReg: 559.36
std: 0.0659790039 ,  0.123474121 SigReg: 586.494385
std: 0.0678710938 ,  0.105163574 SigReg: 586.494385
std: 0.0726318359 ,  0.253173828 SigReg: 585.12323
std: 0.0881347656 ,  0.147949219 SigReg: 585.12323
std: 0.0700683594 ,  0.131469727 SigReg: 569.476135
std: 0.0751953125 ,  0.11126709 SigReg: 569.476135
std: 0.0661010742 ,  0.109130859 SigReg: 567.835693
std: 0.0676269531 ,  0.11315918 SigReg: 567.835693
std: 0.0745239258 ,  0.132446289 SigReg: 552.416931
std: 0.0797119141 ,  0.119262695 SigReg: 552.416931
std: 0.0780029297 ,  0.140136719 SigReg: 597.457764
std: 0.0757446289 ,  0.124023438 SigReg: 597.457764
std: 0.0729370117 ,  0.118286133 SigReg: 576.364136
std: 0.0958251953 ,  0.12487793 SigReg: 576.364136
std: 0.087890625 ,  0.135986328 SigReg: 591.659668
std: 0.119506836 ,  0.133422852 SigReg: 591.659668
std: 0.154541016 ,  0.146972656 SigReg: 560.897644
std: 0.0668334961 ,  0.120605469 SigReg: 560.897644
std: 0.0638427734 ,  0.123596191 SigReg: 536.231628
std: 0.0600891113 ,  0.109924316 SigReg: 536.231628
std: 0.0932006836 ,  0.270507812 SigReg: 540.2052
std: 0.0645751953 ,  0.115478516 SigReg: 540.2052
std: 0.0877075195 ,  0.138549805 SigReg: 560.486755
std: 0.0895996094 ,  0.148071289 SigReg: 560.486755
std: 0.0672607422 ,  0.123046875 SigReg: 576.58667
std: 0.0667114258 ,  0.116271973 SigReg: 576.58667
std: 0.0661621094 ,  0.120361328 SigReg: 539.348145
std: 0.0680542 ,  0.116210938 SigReg: 539.348145
std: 0.0640258789 ,  0.121765137 SigReg: 535.330444
std: 0.0593566895 ,  0.120117188 SigReg: 535.330444
std: 0.0657348633 ,  0.120849609 SigReg: 555.762085
std: 0.10333252 ,  0.267578125 SigReg: 555.762085
std: 0.0660400391 ,  0.11895752 SigReg: 568.834473
std: 0.0703125 ,  0.125854492 SigReg: 568.834473
std: 0.0584411621 ,  0.102905273 SigReg: 499.537567
std: 0.065246582 ,  0.266357422 SigReg: 499.537567
std: 0.0690918 ,  0.12109375 SigReg: 530.820679
std: 0.15637207 ,  0.180908203 SigReg: 530.820679
std: 0.0919799805 ,  0.110717773 SigReg: 502.213959
std: 0.0665283203 ,  0.110961914 SigReg: 502.213959
std: 0.0703125 ,  0.127075195 SigReg: 503.248047
std: 0.0928955078 ,  0.133300781 SigReg: 503.248047
std: 0.0824584961 ,  0.275146484 SigReg: 535.125488
std: 0.122070312 ,  0.101318359 SigReg: 535.125488
std: 0.0888061523 ,  0.123413086 SigReg: 491.49762
std: 0.111083984 ,  0.140380859 SigReg: 491.49762
std: 0.0448913574 ,  0.100952148 SigReg: 513.641113
std: 0.149902344 ,  0.105773926 SigReg: 513.641113
std: 0.105957031 ,  0.116027832 SigReg: 552.65863
std: 0.0717773438 ,  0.13293457 SigReg: 552.65863
std: 0.0511169434 ,  0.106323242 SigReg: 511.669312
std: 0.0616760254 ,  0.118530273 SigReg: 511.669312
std: 0.0791626 ,  0.131591797 SigReg: 511.45108
std: 0.0687255859 ,  0.135131836 SigReg: 511.45108
std: 0.0648803711 ,  0.114440918 SigReg: 520.023438
std: 0.131225586 ,  0.126220703 SigReg: 520.023438
std: 0.0573730469 ,  0.119750977 SigReg: 470.136902
std: 0.0506591797 ,  0.110595703 SigReg: 470.136902
std: 0.116027832 ,  0.134887695 SigReg: 481.032806
std: 0.118286133 ,  0.0950317383 SigReg: 481.032806
std: 0.0535888672 ,  0.120849609 SigReg: 493.209
std: 0.116088867 ,  0.273193359 SigReg: 493.209
std: 0.0588684082 ,  0.127563477 SigReg: 467.660278
std: 0.0587463379 ,  0.0960693359 SigReg: 467.660278
std: 0.0697021484 ,  0.116577148 SigReg: 477.229248
std: 0.0524292 ,  0.116394043 SigReg: 477.229248
  Step 50: Backbone Loss = 25.3140, SIGReg Loss = 477.2292 Probe Loss = 458.8314, Acc = 0.4905
std: 0.16796875 ,  0.157592773 SigReg: 471.10141
std: 0.0612182617 ,  0.130493164 SigReg: 471.10141
std: 0.0479125977 ,  0.108032227 SigReg: 467.797668
std: 0.0638427734 ,  0.130126953 SigReg: 467.797668
std: 0.0623168945 ,  0.126098633 SigReg: 479.214508
std: 0.0591430664 ,  0.0938110352 SigReg: 479.214508
std: 0.0484619141 ,  0.129272461 SigReg: 475.003
std: 0.0443725586 ,  0.102416992 SigReg: 475.003
std: 0.114440918 ,  0.2734375 SigReg: 450.65683
std: 0.0598754883 ,  0.118347168 SigReg: 450.65683
std: 0.0664672852 ,  0.14831543 SigReg: 453.853088
std: 0.0481262207 ,  0.100219727 SigReg: 453.853088
std: 0.0448303223 ,  0.103881836 SigReg: 463.236755
std: 0.0479736328 ,  0.0994873047 SigReg: 463.236755
std: 0.117980957 ,  0.227050781 SigReg: 474.746918
std: 0.0555114746 ,  0.0942382812 SigReg: 474.746918
std: 0.0573730469 ,  0.125366211 SigReg: 452.740814
std: 0.162231445 ,  0.17590332 SigReg: 452.740814
std: 0.197387695 ,  0.156616211 SigReg: 449.74173
std: 0.0464172363 ,  0.0999145508 SigReg: 449.74173
std: 0.0415649414 ,  0.105529785 SigReg: 464.883392
std: 0.141479492 ,  0.123718262 SigReg: 464.883392
std: 0.0405273438 ,  0.0908203125 SigReg: 442.124359
std: 0.0404052734 ,  0.095703125 SigReg: 442.124359
std: 0.113525391 ,  0.138549805 SigReg: 445.735748
std: 0.0472412109 ,  0.0778808594 SigReg: 445.735748
std: 0.0484924316 ,  0.114990234 SigReg: 448.010071
std: 0.0492858887 ,  0.0974731445 SigReg: 448.010071
std: 0.0971679688 ,  0.121398926 SigReg: 437.891357
std: 0.106201172 ,  0.0919799805 SigReg: 437.891357
std: 0.0602722168 ,  0.110351562 SigReg: 440.806152
std: 0.0354614258 ,  0.113098145 SigReg: 440.806152
std: 0.0378112793 ,  0.105834961 SigReg: 438.309418
std: 0.0433044434 ,  0.0913085938 SigReg: 438.309418
std: 0.0577697754 ,  0.0930786133 SigReg: 433.381958
std: 0.0346374512 ,  0.114135742 SigReg: 433.381958
std: 0.0456848145 ,  0.113220215 SigReg: 422.67334
std: 0.0337524414 ,  0.0975952148 SigReg: 422.67334
std: 0.032623291 ,  0.104614258 SigReg: 414.020233
std: 0.0676269531 ,  0.0869751 SigReg: 414.020233
std: 0.0350341797 ,  0.0953369141 SigReg: 443.834778
std: 0.1015625 ,  0.116577148 SigReg: 443.834778
std: 0.0617980957 ,  0.0943603516 SigReg: 442.4216
std: 0.0285339355 ,  0.0921630859 SigReg: 442.4216
std: 0.0308380127 ,  0.0961303711 SigReg: 429.615448
std: 0.0352172852 ,  0.0955200195 SigReg: 429.615448
std: 0.0324401855 ,  0.100219727 SigReg: 433.698303
std: 0.146728516 ,  0.108581543 SigReg: 433.698303
std: 0.0352783203 ,  0.0926513672 SigReg: 418.269958
std: 0.0817260742 ,  0.106201172 SigReg: 418.269958
[1;34mwandb[0m: 
[1;34mwandb[0m: 🚀 View run [33msandy-sea-154[0m at: [34m[0m
[1;34mwandb[0m: Find logs at: [1;35m../../../../oscar/home/lwang223/MyGO/MyGo/wandb/run-20251207_014943-482crzbi/logs[0m

==========================================
Python script finished at Sun Dec  7 01:51:56 AM EST 2025
Exit code: 1
==========================================
