## SLURM PROLOG ###############################################################
##    Job ID : 14732276
##  Job Name : MyGO
##  Nodelist : gpu2003
##      CPUs : 1
##  Mem/Node : 32000 MB
## Directory : /oscar/home/lwang223/MyGO/MyGo
##   Job Started : Sun Dec  7 01:27:05 AM EST 2025
###############################################################################

==========================================
Job started at: Sun Dec  7 01:27:05 AM EST 2025
Job ID: 14732276
Node: gpu2003
==========================================

GPU Information (from host):
Sun Dec  7 01:27:05 2025       
+---------------------------------------------------------------------------------------+
| NVIDIA-SMI 535.129.03             Driver Version: 535.129.03   CUDA Version: 12.2     |
|-----------------------------------------+----------------------+----------------------+
| GPU  Name                 Persistence-M | Bus-Id        Disp.A | Volatile Uncorr. ECC |
| Fan  Temp   Perf          Pwr:Usage/Cap |         Memory-Usage | GPU-Util  Compute M. |
|                                         |                      |               MIG M. |
|=========================================+======================+======================|
|   0  Quadro RTX 6000                On  | 00000000:3E:00.0 Off |                  Off |
| 34%   39C    P8               4W / 260W |     10MiB / 24576MiB |      0%      Default |
|                                         |                      |                  N/A |
+-----------------------------------------+----------------------+----------------------+
|   1  Quadro RTX 6000                On  | 00000000:40:00.0 Off |                  Off |
| 33%   41C    P8               7W / 260W |     10MiB / 24576MiB |      0%      Default |
|                                         |                      |                  N/A |
+-----------------------------------------+----------------------+----------------------+
                                                                                         
+---------------------------------------------------------------------------------------+
| Processes:                                                                            |
|  GPU   GI   CI        PID   Type   Process name                            GPU Memory |
|        ID   ID                                                             Usage      |
|=======================================================================================|
|    0   N/A  N/A     30829      G   /usr/libexec/Xorg                             8MiB |
|    1   N/A  N/A     30829      G   /usr/libexec/Xorg                             8MiB |
+---------------------------------------------------------------------------------------+

mygo conda environment loaded
/oscar/rt/9.2/software/0.20-generic/0.20.1/opt/spack/linux-rhel9-x86_64_v3/gcc-11.3.1/ffmpeg-7.0-xny2fb2nz3demdcjhj6x74mcxz4iwmys/bin/ffmpeg
ffmpeg version 7.0 Copyright (c) 2000-2024 the FFmpeg developers
built with gcc 11 (GCC)
configuration: --prefix=/oscar/rt/9.2/software/0.20-generic/0.20.1/opt/spack/linux-rhel9-x86_64_v3/gcc-11.3.1/ffmpeg-7.0-xny2fb2nz3demdcjhj6x74mcxz4iwmys --enable-pic --cc=/oscar/rt/9.2/software/0.20-generic/0.20.1/lib/spack/env/gcc/gcc --cxx=/oscar/rt/9.2/software/0.20-generic/0.20.1/lib/spack/env/gcc/g++ --disable-libxcb --disable-libxcb-shape --disable-libxcb-shm --disable-libxcb-xfixes --disable-xlib --disable-libfontconfig --disable-libfreetype --disable-libfribidi --enable-bzlib --enable-gpl --disable-libmp3lame --disable-libopenjpeg --disable-libopus --disable-libspeex --disable-libvorbis --enable-libvpx --enable-libx264 --disable-nonfree --disable-openssl --enable-shared --enable-version3 --disable-libzmq --disable-libssh --enable-libwebp --disable-lzma --disable-libsnappy --disable-sdl2 --disable-libaom --disable-libxml2
libavutil      59.  8.100 / 59.  8.100
libavcodec     61.  3.100 / 61.  3.100
libavformat    61.  1.100 / 61.  1.100
libavdevice    61.  1.100 / 61.  1.100
libavfilter    10.  1.100 / 10.  1.100
libswscale      8.  1.100 /  8.  1.100
libswresample   5.  1.100 /  5.  1.100
libpostproc    58.  1.100 / 58.  1.100
TF version: 2.16.1
Built with CUDA: True
GPUs detected: 2
GPU devices: [PhysicalDevice(name='/physical_device:GPU:0', device_type='GPU'), PhysicalDevice(name='/physical_device:GPU:1', device_type='GPU')]
==========================================
Installing dependencies
==========================================


==========================================
Starting main Python script at Sun Dec  7 01:27:16 AM EST 2025
==========================================

Working directory: /users/lwang223/MyGO/MyGo

[PhysicalDevice(name='/physical_device:GPU:0', device_type='GPU'), PhysicalDevice(name='/physical_device:GPU:1', device_type='GPU')]
Using MirroredStrategy for multi-GPU training.
Number of devices: 2
Model: "vi_t__ti"
_________________________________________________________________
 Layer (type)                Output Shape              Param #   
=================================================================
 vit (TFViTMainLayer)        multiple                  0 (unused)
                                                                 
=================================================================
Total params: 14591232 (55.66 MB)
Trainable params: 14591232 (55.66 MB)
Non-trainable params: 0 (0.00 Byte)
_________________________________________________________________
Model: "linear_probe"
_________________________________________________________________
 Layer (type)                Output Shape              Param #   
=================================================================
 dense (Dense)               multiple                  202895    
                                                                 
=================================================================
Total params: 202895 (792.56 KB)
Trainable params: 202895 (792.56 KB)
Non-trainable params: 0 (0.00 Byte)
_________________________________________________________________
Building optimizer variables...
Optimizer built.
Starting training...

Epoch 1/100
std: 0.133422852 ,  0.146728516 SigReg: 576.72937
std: 0.111572266 ,  0.112731934 SigReg: 576.72937
  Step 0: Backbone Loss = 29.5488, SIGReg Loss = 576.7294 Probe Loss = 485.1580, Acc = 0.5149
std: 0.106506348 ,  0.12121582 SigReg: 579.885376
std: 0.131591797 ,  0.14074707 SigReg: 579.885376
std: 0.102905273 ,  0.119812012 SigReg: 604.841553
std: 0.127929688 ,  0.133178711 SigReg: 604.841553
std: 0.143920898 ,  0.163452148 SigReg: 585.401733
std: 0.19152832 ,  0.345947266 SigReg: 585.401733
std: 0.116882324 ,  0.143676758 SigReg: 573.425903
std: 0.127929688 ,  0.141967773 SigReg: 573.425903
std: 0.137695312 ,  0.113098145 SigReg: 568.914307
std: 0.120849609 ,  0.116210938 SigReg: 568.914307
std: 0.141845703 ,  0.218017578 SigReg: 575.454163
std: 0.122741699 ,  0.121582031 SigReg: 575.454163
std: 0.130371094 ,  0.122741699 SigReg: 605.252686
std: 0.107055664 ,  0.126586914 SigReg: 605.252686
std: 0.131958008 ,  0.144897461 SigReg: 561.258362
std: 0.115478516 ,  0.152587891 SigReg: 561.258362
std: 0.146118164 ,  0.133789062 SigReg: 573.401733
std: 0.114990234 ,  0.125488281 SigReg: 573.401733
std: 0.194580078 ,  0.208007812 SigReg: 592.96051
std: 0.165405273 ,  0.145874023 SigReg: 592.96051
std: 0.118041992 ,  0.133666992 SigReg: 608.028137
std: 0.133911133 ,  0.134033203 SigReg: 608.028137
std: 0.118041992 ,  0.119689941 SigReg: 546.151855
std: 0.207275391 ,  0.363525391 SigReg: 546.151855
std: 0.135864258 ,  0.125488281 SigReg: 565.965881
std: 0.106079102 ,  0.125976562 SigReg: 565.965881
std: 0.136474609 ,  0.143676758 SigReg: 590.346741
std: 0.116210938 ,  0.189331055 SigReg: 590.346741
std: 0.151245117 ,  0.197143555 SigReg: 567.056641
std: 0.133666992 ,  0.155883789 SigReg: 567.056641
std: 0.109008789 ,  0.116088867 SigReg: 582.697693
std: 0.117736816 ,  0.114624023 SigReg: 582.697693
std: 0.131469727 ,  0.153320312 SigReg: 563.027954
std: 0.140258789 ,  0.145996094 SigReg: 563.027954
std: 0.135131836 ,  0.145751953 SigReg: 544.735352
std: 0.168945312 ,  0.185546875 SigReg: 544.735352
std: 0.174072266 ,  0.336669922 SigReg: 526.089
std: 0.135620117 ,  0.131713867 SigReg: 526.089
std: 0.126586914 ,  0.140258789 SigReg: 574.635803
std: 0.106384277 ,  0.12286377 SigReg: 574.635803
std: 0.156005859 ,  0.239990234 SigReg: 560.359741
std: 0.129760742 ,  0.138183594 SigReg: 560.359741
std: 0.148925781 ,  0.171630859 SigReg: 550.615967
std: 0.130737305 ,  0.152954102 SigReg: 550.615967
std: 0.197631836 ,  0.186279297 SigReg: 535.591187
std: 0.192382812 ,  0.296630859 SigReg: 535.591187
std: 0.14855957 ,  0.184936523 SigReg: 564.10376
std: 0.162597656 ,  0.151977539 SigReg: 564.10376
std: 0.135986328 ,  0.134399414 SigReg: 537.820679
std: 0.1171875 ,  0.129638672 SigReg: 537.820679
std: 0.14831543 ,  0.136230469 SigReg: 520.941772
std: 0.137329102 ,  0.148925781 SigReg: 520.941772
std: 0.124694824 ,  0.12878418 SigReg: 548.803345
std: 0.109802246 ,  0.12902832 SigReg: 548.803345
std: 0.146240234 ,  0.161865234 SigReg: 521.284851
std: 0.215820312 ,  0.312744141 SigReg: 521.284851
std: 0.130615234 ,  0.23034668 SigReg: 540.244629
std: 0.126586914 ,  0.140136719 SigReg: 540.244629
std: 0.194580078 ,  0.174804688 SigReg: 563.600037
std: 0.13671875 ,  0.155639648 SigReg: 563.600037
std: 0.140991211 ,  0.144165039 SigReg: 510.451965
std: 0.140869141 ,  0.153320312 SigReg: 510.451965
std: 0.130371094 ,  0.147705078 SigReg: 532.268921
std: 0.141723633 ,  0.169311523 SigReg: 532.268921
std: 0.132568359 ,  0.149658203 SigReg: 549.933533
std: 0.120422363 ,  0.134277344 SigReg: 549.933533
std: 0.216186523 ,  0.373291016 SigReg: 533.238647
std: 0.154907227 ,  0.155517578 SigReg: 533.238647
std: 0.182983398 ,  0.212036133 SigReg: 533.178772
std: 0.126220703 ,  0.135620117 SigReg: 533.178772
std: 0.11907959 ,  0.127441406 SigReg: 540.25
std: 0.165405273 ,  0.17980957 SigReg: 540.25
std: 0.213500977 ,  0.319091797 SigReg: 508.857788
std: 0.127929688 ,  0.147460938 SigReg: 508.857788
std: 0.162109375 ,  0.2109375 SigReg: 506.261841
std: 0.144287109 ,  0.284912109 SigReg: 506.261841
std: 0.141967773 ,  0.157348633 SigReg: 518.609619
std: 0.156738281 ,  0.204101562 SigReg: 518.609619
std: 0.12878418 ,  0.14453125 SigReg: 517.416504
std: 0.14074707 ,  0.188842773 SigReg: 517.416504
std: 0.239746094 ,  0.243530273 SigReg: 498.813812
std: 0.141479492 ,  0.158813477 SigReg: 498.813812
std: 0.121948242 ,  0.138183594 SigReg: 474.97525
std: 0.152587891 ,  0.172973633 SigReg: 474.97525
std: 0.14453125 ,  0.154174805 SigReg: 493.192535
std: 0.144165039 ,  0.159545898 SigReg: 493.192535
std: 0.13269043 ,  0.151000977 SigReg: 492.504761
std: 0.168212891 ,  0.227294922 SigReg: 492.504761
std: 0.172607422 ,  0.185424805 SigReg: 499.989899
std: 0.142944336 ,  0.157958984 SigReg: 499.989899
std: 0.213012695 ,  0.303222656 SigReg: 467.071716
std: 0.14074707 ,  0.173461914 SigReg: 467.071716
std: 0.176513672 ,  0.231811523 SigReg: 446.183289
std: 0.130249023 ,  0.147827148 SigReg: 446.183289
std: 0.177490234 ,  0.171630859 SigReg: 483.303925
std: 0.096496582 ,  0.127563477 SigReg: 483.303925
std: 0.162475586 ,  0.216430664 SigReg: 472.879974
std: 0.13684082 ,  0.160766602 SigReg: 472.879974
std: 0.311035156 ,  0.339599609 SigReg: 485.226196
std: 0.155761719 ,  0.185424805 SigReg: 485.226196
  Step 50: Backbone Loss = 25.7611, SIGReg Loss = 485.2262 Probe Loss = 474.4634, Acc = 0.4864
std: 0.141357422 ,  0.174804688 SigReg: 470.421417
std: 0.129882812 ,  0.153686523 SigReg: 470.421417
std: 0.130859375 ,  0.137451172 SigReg: 478.933594
std: 0.125732422 ,  0.198974609 SigReg: 478.933594
std: 0.116516113 ,  0.134643555 SigReg: 453.398926
std: 0.155761719 ,  0.194091797 SigReg: 453.398926
std: 0.114257812 ,  0.124389648 SigReg: 451.116577
std: 0.133056641 ,  0.16796875 SigReg: 451.116577
std: 0.120056152 ,  0.145263672 SigReg: 472.100494
std: 0.147827148 ,  0.172363281 SigReg: 472.100494
std: 0.129150391 ,  0.149780273 SigReg: 453.674683
std: 0.129638672 ,  0.16809082 SigReg: 453.674683
std: 0.169677734 ,  0.183837891 SigReg: 437.456635
std: 0.1328125 ,  0.158569336 SigReg: 437.456635
std: 0.11505127 ,  0.149414062 SigReg: 453.809875
std: 0.11895752 ,  0.153198242 SigReg: 453.809875
std: 0.245239258 ,  0.273925781 SigReg: 476.016602
std: 0.122131348 ,  0.152587891 SigReg: 476.016602
std: 0.12890625 ,  0.160766602 SigReg: 448.417633
std: 0.109191895 ,  0.125976562 SigReg: 448.417633
std: 0.133178711 ,  0.163085938 SigReg: 435.278931
std: 0.131225586 ,  0.172485352 SigReg: 435.278931
std: 0.112731934 ,  0.153808594 SigReg: 433.005646
std: 0.179443359 ,  0.220703125 SigReg: 433.005646
std: 0.107727051 ,  0.130493164 SigReg: 420.529022
std: 0.106994629 ,  0.144165039 SigReg: 420.529022
std: 0.124267578 ,  0.188720703 SigReg: 441.433594
std: 0.126098633 ,  0.170166016 SigReg: 441.433594
std: 0.256103516 ,  0.270507812 SigReg: 444.671844
std: 0.109191895 ,  0.148193359 SigReg: 444.671844
std: 0.110534668 ,  0.134521484 SigReg: 430.595184
std: 0.10736084 ,  0.14453125 SigReg: 430.595184
std: 0.106567383 ,  0.160522461 SigReg: 426.62854
std: 0.10949707 ,  0.164428711 SigReg: 426.62854
std: 0.112487793 ,  0.162231445 SigReg: 421.613129
std: 0.122009277 ,  0.165771484 SigReg: 421.613129
std: 0.126464844 ,  0.165527344 SigReg: 424.203064
std: 0.128051758 ,  0.204833984 SigReg: 424.203064
std: 0.120727539 ,  0.168212891 SigReg: 436.449829
std: 0.122619629 ,  0.196655273 SigReg: 436.449829
std: 0.122802734 ,  0.175415039 SigReg: 425.899628
std: 0.10345459 ,  0.142578125 SigReg: 425.899628
std: 0.120117188 ,  0.187255859 SigReg: 423.904236
std: 0.11529541 ,  0.153930664 SigReg: 423.904236
std: 0.0903320312 ,  0.131469727 SigReg: 418.185852
std: 0.244140625 ,  0.249145508 SigReg: 418.185852
std: 0.110534668 ,  0.172241211 SigReg: 410.067261
std: 0.270751953 ,  0.273681641 SigReg: 410.067261
std: 0.116394043 ,  0.166381836 SigReg: 423.192291
std: 0.10345459 ,  0.167358398 SigReg: 423.192291
std: 0.104553223 ,  0.155273438 SigReg: 410.135864
std: 0.111999512 ,  0.164306641 SigReg: 410.135864
std: 0.109985352 ,  0.167236328 SigReg: 430.198578
std: 0.0975952148 ,  0.149169922 SigReg: 430.198578
std: 0.106018066 ,  0.16809082 SigReg: 406.626587
std: 0.108276367 ,  0.182250977 SigReg: 406.626587
std: 0.105224609 ,  0.177246094 SigReg: 402.920532
std: 0.0985717773 ,  0.152099609 SigReg: 402.920532
std: 0.10760498 ,  0.173950195 SigReg: 405.784912
std: 0.106933594 ,  0.181152344 SigReg: 405.784912
std: 0.0806274414 ,  0.123962402 SigReg: 419.587982
std: 0.10144043 ,  0.172729492 SigReg: 419.587982
std: 0.0905761719 ,  0.141357422 SigReg: 396.035095
std: 0.121582031 ,  0.165527344 SigReg: 396.035095
std: 0.102111816 ,  0.166137695 SigReg: 401.814453
std: 0.0794677734 ,  0.135375977 SigReg: 401.814453
std: 0.096496582 ,  0.165161133 SigReg: 420.861633
std: 0.0854492188 ,  0.134521484 SigReg: 420.861633
std: 0.0834350586 ,  0.12902832 SigReg: 416.92749
std: 0.0733642578 ,  0.133911133 SigReg: 416.92749
std: 0.0959472656 ,  0.156616211 SigReg: 394.298248
std: 0.0914917 ,  0.163208008 SigReg: 394.298248
std: 0.109619141 ,  0.159667969 SigReg: 409.481018
std: 0.0953369141 ,  0.1328125 SigReg: 409.481018
std: 0.0858764648 ,  0.159057617 SigReg: 416.738708
std: 0.0822143555 ,  0.149414062 SigReg: 416.738708
std: 0.10949707 ,  0.167602539 SigReg: 400.930786
std: 0.091003418 ,  0.159545898 SigReg: 400.930786
std: 0.090637207 ,  0.150878906 SigReg: 416.281799
std: 0.0871582 ,  0.156005859 SigReg: 416.281799
std: 0.239379883 ,  0.217651367 SigReg: 403.759796
std: 0.0946655273 ,  0.158813477 SigReg: 403.759796
std: 0.239624023 ,  0.211181641 SigReg: 385.681091
std: 0.0796508789 ,  0.155273438 SigReg: 385.681091
std: 0.0834960938 ,  0.157226562 SigReg: 408.039185
std: 0.0809936523 ,  0.145507812 SigReg: 408.039185
std: 0.078125 ,  0.147705078 SigReg: 404.797943
std: 0.0859375 ,  0.155761719 SigReg: 404.797943
std: 0.075012207 ,  0.165405273 SigReg: 399.94342
std: 0.0758056641 ,  0.143554688 SigReg: 399.94342
std: 0.0886230469 ,  0.166625977 SigReg: 412.382629
std: 0.075012207 ,  0.142211914 SigReg: 412.382629
std: 0.0805053711 ,  0.16394043 SigReg: 363.16095
std: 0.0711669922 ,  0.138183594 SigReg: 363.16095
std: 0.0881958 ,  0.168579102 SigReg: 382.575043
std: 0.0842895508 ,  0.142456055 SigReg: 382.575043
std: 0.0736694336 ,  0.12890625 SigReg: 375.973755
std: 0.102355957 ,  0.168701172 SigReg: 375.973755
std: 0.0672607422 ,  0.147216797 SigReg: 377.788361
std: 0.0704956055 ,  0.150756836 SigReg: 377.788361
  Step 100: Backbone Loss = 21.0721, SIGReg Loss = 377.7884 Probe Loss = 468.3971, Acc = 0.4639
std: 0.0842285156 ,  0.155639648 SigReg: 383.539642
std: 0.117980957 ,  0.184692383 SigReg: 383.539642
std: 0.0855102539 ,  0.154541016 SigReg: 379.25412
std: 0.0794067383 ,  0.174560547 SigReg: 379.25412
std: 0.0903930664 ,  0.179443359 SigReg: 362.698486
std: 0.0680542 ,  0.139526367 SigReg: 362.698486
std: 0.0668945312 ,  0.145874023 SigReg: 384.076538
std: 0.0646362305 ,  0.138916016 SigReg: 384.076538
std: 0.075378418 ,  0.154418945 SigReg: 393.379
std: 0.0830688477 ,  0.168701172 SigReg: 393.379
std: 0.0545043945 ,  0.106018066 SigReg: 371.927063
std: 0.0738525391 ,  0.145263672 SigReg: 371.927063
std: 0.0728149414 ,  0.146972656 SigReg: 343.887604
std: 0.0676879883 ,  0.128540039 SigReg: 343.887604
std: 0.292724609 ,  0.205932617 SigReg: 339.322754
std: 0.102783203 ,  0.153198242 SigReg: 339.322754
std: 0.0778198242 ,  0.143432617 SigReg: 341.632416
std: 0.0568847656 ,  0.142944336 SigReg: 341.632416
std: 0.0698242188 ,  0.142578125 SigReg: 340.713257
std: 0.0697021484 ,  0.135498047 SigReg: 340.713257
std: 0.208251953 ,  0.180419922 SigReg: 333.845856
std: 0.0565185547 ,  0.12512207 SigReg: 333.845856
std: 0.0632324219 ,  0.143676758 SigReg: 355.772705
std: 0.0646972656 ,  0.114990234 SigReg: 355.772705
std: 0.0645141602 ,  0.125366211 SigReg: 319.395081
std: 0.0568847656 ,  0.138549805 SigReg: 319.395081
std: 0.0637817383 ,  0.136230469 SigReg: 311.123352
std: 0.0596008301 ,  0.127197266 SigReg: 311.123352
std: 0.0741577148 ,  0.12878418 SigReg: 311.591064
std: 0.0603942871 ,  0.136474609 SigReg: 311.591064
std: 0.0882568359 ,  0.147583008 SigReg: 290.825928
std: 0.0605163574 ,  0.118774414 SigReg: 290.825928
std: 0.0650024414 ,  0.107116699 SigReg: 299.451935
std: 0.0637207 ,  0.143188477 SigReg: 299.451935
std: 0.0719604492 ,  0.127807617 SigReg: 277.67865
std: 0.0554199219 ,  0.127319336 SigReg: 277.67865
std: 0.055847168 ,  0.143066406 SigReg: 265.536926
std: 0.0551452637 ,  0.128417969 SigReg: 265.536926
std: 0.0773925781 ,  0.127929688 SigReg: 252.877777
std: 0.0559387207 ,  0.123718262 SigReg: 252.877777
std: 0.0706787109 ,  0.135620117 SigReg: 244.041092
std: 0.0642700195 ,  0.142456055 SigReg: 244.041092
std: 0.0493164062 ,  0.128662109 SigReg: 247.202591
std: 0.0471496582 ,  0.120544434 SigReg: 247.202591
std: 0.0624389648 ,  0.138183594 SigReg: 231.450012
std: 0.0499267578 ,  0.108093262 SigReg: 231.450012
std: 0.095703125 ,  0.139526367 SigReg: 209.778793
std: 0.0557861328 ,  0.14453125 SigReg: 209.778793
std: 0.197998047 ,  0.15234375 SigReg: 204.11116
std: 0.0554199219 ,  0.131835938 SigReg: 204.11116
std: 0.0481872559 ,  0.0993652344 SigReg: 199.282623
std: 0.19921875 ,  0.162841797 SigReg: 199.282623
std: 0.0840454102 ,  0.162841797 SigReg: 200.185516
std: 0.0654907227 ,  0.120422363 SigReg: 200.185516
std: 0.0493774414 ,  0.10534668 SigReg: 183.253693
std: 0.0503540039 ,  0.105651855 SigReg: 183.253693
std: 0.0499572754 ,  0.126098633 SigReg: 200.818741
std: 0.0517578125 ,  0.125854492 SigReg: 200.818741
std: 0.0477600098 ,  0.108825684 SigReg: 187.31424
std: 0.0824584961 ,  0.145874023 SigReg: 187.31424
std: 0.0395507812 ,  0.0930786133 SigReg: 167.825012
std: 0.0703125 ,  0.0859375 SigReg: 167.825012
std: 0.0505065918 ,  0.102844238 SigReg: 171.826874
std: 0.0850219727 ,  0.103515625 SigReg: 171.826874
std: 0.0524597168 ,  0.106811523 SigReg: 188.668579
std: 0.0459594727 ,  0.117736816 SigReg: 188.668579
std: 0.051940918 ,  0.111328125 SigReg: 161.228867
std: 0.181762695 ,  0.141601562 SigReg: 161.228867
std: 0.0422058105 ,  0.107177734 SigReg: 158.088547
std: 0.0498962402 ,  0.124328613 SigReg: 158.088547
std: 0.18347168 ,  0.134887695 SigReg: 177.146469
std: 0.045135498 ,  0.102905273 SigReg: 177.146469
std: 0.0451660156 ,  0.0980834961 SigReg: 173.320068
std: 0.0843505859 ,  0.125854492 SigReg: 173.320068
std: 0.0481567383 ,  0.106506348 SigReg: 160.00296
std: 0.0488891602 ,  0.122009277 SigReg: 160.00296
std: 0.0428771973 ,  0.100646973 SigReg: 150.318314
std: 0.201904297 ,  0.155517578 SigReg: 150.318314
std: 0.0533752441 ,  0.124450684 SigReg: 145.534363
std: 0.0433349609 ,  0.110717773 SigReg: 145.534363
std: 0.0357971191 ,  0.0950317383 SigReg: 160.424942
std: 0.0435180664 ,  0.102172852 SigReg: 160.424942
std: 0.0430603027 ,  0.104614258 SigReg: 166.041779
std: 0.0481262207 ,  0.119445801 SigReg: 166.041779
std: 0.049041748 ,  0.121582031 SigReg: 151.848099
std: 0.0523071289 ,  0.112426758 SigReg: 151.848099
std: 0.0452880859 ,  0.108886719 SigReg: 150.256256
std: 0.0746459961 ,  0.110656738 SigReg: 150.256256
std: 0.0698242188 ,  0.11932373 SigReg: 143.298431
std: 0.0505065918 ,  0.110412598 SigReg: 143.298431
std: 0.0527954102 ,  0.127807617 SigReg: 148.026474
std: 0.0551452637 ,  0.111633301 SigReg: 148.026474
std: 0.101806641 ,  0.123046875 SigReg: 145.425262
std: 0.0514831543 ,  0.123718262 SigReg: 145.425262
std: 0.0460205078 ,  0.100219727 SigReg: 142.220734
std: 0.0802001953 ,  0.148925781 SigReg: 142.220734
std: 0.0465393066 ,  0.115112305 SigReg: 146.536377
std: 0.0466003418 ,  0.10736084 SigReg: 146.536377
std: 0.0792236328 ,  0.11340332 SigReg: 142.212799
std: 0.0426940918 ,  0.118469238 SigReg: 142.212799
  Step 150: Backbone Loss = 8.9653, SIGReg Loss = 142.2128 Probe Loss = 449.8795, Acc = 0.5237
std: 0.0520324707 ,  0.12109375 SigReg: 128.038544
std: 0.0514831543 ,  0.126220703 SigReg: 128.038544
std: 0.0544128418 ,  0.120727539 SigReg: 128.427643
std: 0.0568847656 ,  0.1328125 SigReg: 128.427643
std: 0.0440368652 ,  0.10333252 SigReg: 133.302979
std: 0.0489807129 ,  0.114501953 SigReg: 133.302979
std: 0.0458679199 ,  0.0986938477 SigReg: 137.05246
std: 0.0522766113 ,  0.130493164 SigReg: 137.05246
std: 0.0780639648 ,  0.120117188 SigReg: 145.152588
std: 0.0413513184 ,  0.101806641 SigReg: 145.152588
std: 0.0858764648 ,  0.146240234 SigReg: 130.433807
std: 0.0494689941 ,  0.116271973 SigReg: 130.433807
std: 0.0493164062 ,  0.129272461 SigReg: 130.775513
std: 0.0387268066 ,  0.102233887 SigReg: 130.775513
std: 0.0689697266 ,  0.126220703 SigReg: 148.242691
std: 0.0452270508 ,  0.115356445 SigReg: 148.242691
std: 0.0578613281 ,  0.122802734 SigReg: 133.195541
std: 0.0465698242 ,  0.115478516 SigReg: 133.195541
std: 0.0442504883 ,  0.0980224609 SigReg: 135.107941
std: 0.0494995117 ,  0.11517334 SigReg: 135.107941
std: 0.0821533203 ,  0.155395508 SigReg: 120.171036
std: 0.0541381836 ,  0.11114502 SigReg: 120.171036
std: 0.0455627441 ,  0.107910156 SigReg: 139.232605
std: 0.0628662109 ,  0.124633789 SigReg: 139.232605
std: 0.0529785156 ,  0.132202148 SigReg: 129.383667
std: 0.0455322266 ,  0.127197266 SigReg: 129.383667
std: 0.0462646484 ,  0.110717773 SigReg: 129.369171
std: 0.050201416 ,  0.113098145 SigReg: 129.369171
std: 0.104492188 ,  0.136474609 SigReg: 108.442184
std: 0.0658569336 ,  0.114501953 SigReg: 108.442184
std: 0.0853271484 ,  0.12121582 SigReg: 126.939667
std: 0.0517883301 ,  0.12286377 SigReg: 126.939667
std: 0.0919189453 ,  0.173583984 SigReg: 120.973114
std: 0.0435180664 ,  0.114257812 SigReg: 120.973114
std: 0.0484008789 ,  0.1171875 SigReg: 127.0205
std: 0.045715332 ,  0.10949707 SigReg: 127.0205
std: 0.0487365723 ,  0.124267578 SigReg: 131.68692
std: 0.0456237793 ,  0.11706543 SigReg: 131.68692
std: 0.0414428711 ,  0.118286133 SigReg: 116.140556
std: 0.0578918457 ,  0.117126465 SigReg: 116.140556
std: 0.0447387695 ,  0.112304688 SigReg: 105.38736
std: 0.0418701172 ,  0.113525391 SigReg: 105.38736
std: 0.0491638184 ,  0.107055664 SigReg: 115.9758
std: 0.0411071777 ,  0.117248535 SigReg: 115.9758
std: 0.0546875 ,  0.122314453 SigReg: 126.879509
std: 0.0559387207 ,  0.141357422 SigReg: 126.879509
std: 0.0899658203 ,  0.115783691 SigReg: 117.857231
std: 0.061920166 ,  0.141845703 SigReg: 117.857231
std: 0.0476379395 ,  0.115905762 SigReg: 111.059067
std: 0.0633544922 ,  0.120117188 SigReg: 111.059067
std: 0.0519104 ,  0.128417969 SigReg: 106.464294
std: 0.0488891602 ,  0.115600586 SigReg: 106.464294
std: 0.102355957 ,  0.12890625 SigReg: 103.244736
std: 0.0783081055 ,  0.157958984 SigReg: 103.244736
std: 0.0530395508 ,  0.104003906 SigReg: 108.507515
std: 0.24230957 ,  0.146484375 SigReg: 108.507515
std: 0.0535888672 ,  0.126953125 SigReg: 115.873459
std: 0.0576477051 ,  0.141601562 SigReg: 115.873459
std: 0.058013916 ,  0.140014648 SigReg: 114.214493
std: 0.0460205078 ,  0.12109375 SigReg: 114.214493
std: 0.108337402 ,  0.148681641 SigReg: 107.559105
std: 0.0454406738 ,  0.118286133 SigReg: 107.559105
std: 0.0634155273 ,  0.118896484 SigReg: 109.979095
std: 0.0454406738 ,  0.118652344 SigReg: 109.979095
std: 0.0577697754 ,  0.149658203 SigReg: 117.842682
std: 0.180175781 ,  0.137451172 SigReg: 117.842682
std: 0.0575561523 ,  0.147705078 SigReg: 110.295654
std: 0.0501709 ,  0.135131836 SigReg: 110.295654
std: 0.0624389648 ,  0.143066406 SigReg: 111.810158
std: 0.0488586426 ,  0.134033203 SigReg: 111.810158
std: 0.0538024902 ,  0.131958008 SigReg: 110.387489
std: 0.0486755371 ,  0.136230469 SigReg: 110.387489
std: 0.0485839844 ,  0.121459961 SigReg: 100.039284
std: 0.177978516 ,  0.145874023 SigReg: 100.039284
std: 0.078125 ,  0.159301758 SigReg: 108.429153
std: 0.0531921387 ,  0.134277344 SigReg: 108.429153
std: 0.0897827148 ,  0.161254883 SigReg: 100.093414
std: 0.0731811523 ,  0.139160156 SigReg: 100.093414
std: 0.0977783203 ,  0.165283203 SigReg: 102.753685
std: 0.058013916 ,  0.131958008 SigReg: 102.753685
std: 0.055847168 ,  0.128051758 SigReg: 113.463013
std: 0.0598144531 ,  0.139770508 SigReg: 113.463013
std: 0.0618286133 ,  0.154418945 SigReg: 106.108788
std: 0.0596923828 ,  0.139160156 SigReg: 106.108788
std: 0.085144043 ,  0.156738281 SigReg: 111.19471
std: 0.103393555 ,  0.140991211 SigReg: 111.19471
std: 0.174072266 ,  0.140014648 SigReg: 108.490929
std: 0.0484313965 ,  0.131103516 SigReg: 108.490929
std: 0.0606384277 ,  0.153808594 SigReg: 103.215202
std: 0.0859375 ,  0.182128906 SigReg: 103.215202
std: 0.0830688477 ,  0.170532227 SigReg: 90.6584396
std: 0.056060791 ,  0.150268555 SigReg: 90.6584396
std: 0.0503845215 ,  0.13684082 SigReg: 91.8468781
std: 0.0627441406 ,  0.157348633 SigReg: 91.8468781
std: 0.17590332 ,  0.158691406 SigReg: 98.834053
std: 0.053894043 ,  0.118408203 SigReg: 98.834053
std: 0.0854492188 ,  0.130126953 SigReg: 97.1912766
std: 0.0639648438 ,  0.164428711 SigReg: 97.1912766
std: 0.0912475586 ,  0.160644531 SigReg: 85.9695663
std: 0.0625610352 ,  0.155639648 SigReg: 85.9695663
  Step 200: Backbone Loss = 5.9667, SIGReg Loss = 85.9696 Probe Loss = 431.8669, Acc = 0.5152
std: 0.0543518066 ,  0.141601562 SigReg: 90.7466812
std: 0.0716552734 ,  0.155029297 SigReg: 90.7466812
std: 0.0554199219 ,  0.118774414 SigReg: 94.5946045
std: 0.0612792969 ,  0.138305664 SigReg: 94.5946045
std: 0.0474243164 ,  0.122436523 SigReg: 95.9148178
std: 0.182250977 ,  0.168701172 SigReg: 95.9148178
std: 0.198974609 ,  0.135498047 SigReg: 91.7198639
std: 0.178710938 ,  0.147705078 SigReg: 91.7198639
std: 0.0657348633 ,  0.14831543 SigReg: 92.8715057
std: 0.076171875 ,  0.143920898 SigReg: 92.8715057
std: 0.0638427734 ,  0.150634766 SigReg: 95.6530838
std: 0.0603942871 ,  0.157714844 SigReg: 95.6530838
std: 0.200195312 ,  0.143066406 SigReg: 91.9292831
std: 0.0744018555 ,  0.196655273 SigReg: 91.9292831
std: 0.181518555 ,  0.150512695 SigReg: 95.1354
std: 0.0571899414 ,  0.149414062 SigReg: 95.1354
std: 0.0708007812 ,  0.183227539 SigReg: 100.649124
std: 0.129882812 ,  0.156616211 SigReg: 100.649124
std: 0.0662231445 ,  0.153076172 SigReg: 91.4288635
std: 0.0593261719 ,  0.15234375 SigReg: 91.4288635
std: 0.0635986328 ,  0.16784668 SigReg: 97.6220245
std: 0.0633544922 ,  0.159301758 SigReg: 97.6220245
std: 0.0612487793 ,  0.166625977 SigReg: 90.0217361
std: 0.0803222656 ,  0.196899414 SigReg: 90.0217361
std: 0.0760498047 ,  0.151245117 SigReg: 97.4975739
std: 0.0567626953 ,  0.151245117 SigReg: 97.4975739
std: 0.0658569336 ,  0.14831543 SigReg: 89.157074
std: 0.181762695 ,  0.1953125 SigReg: 89.157074
std: 0.0850219727 ,  0.183105469 SigReg: 91.3970337
std: 0.0676269531 ,  0.157470703 SigReg: 91.3970337
std: 0.0692749 ,  0.190673828 SigReg: 87.5687332
std: 0.0641479492 ,  0.165039062 SigReg: 87.5687332
std: 0.058013916 ,  0.15234375 SigReg: 82.8919067
std: 0.0796508789 ,  0.18762207 SigReg: 82.8919067
std: 0.0631103516 ,  0.144165039 SigReg: 80.991066
std: 0.121520996 ,  0.159912109 SigReg: 80.991066
std: 0.068359375 ,  0.158569336 SigReg: 85.1862259
std: 0.0831298828 ,  0.173461914 SigReg: 85.1862259
std: 0.0654907227 ,  0.157348633 SigReg: 86.0828247
std: 0.0558166504 ,  0.145141602 SigReg: 86.0828247
std: 0.063293457 ,  0.169433594 SigReg: 104.231453
std: 0.0649414062 ,  0.16418457 SigReg: 104.231453
std: 0.0640258789 ,  0.169189453 SigReg: 102.336128
std: 0.0643310547 ,  0.163574219 SigReg: 102.336128
std: 0.0596618652 ,  0.152587891 SigReg: 100.001068
std: 0.0846557617 ,  0.168701172 SigReg: 100.001068
std: 0.0629882812 ,  0.146118164 SigReg: 91.5749283
std: 0.065612793 ,  0.141479492 SigReg: 91.5749283
std: 0.0602417 ,  0.155273438 SigReg: 98.7433243
std: 0.0610656738 ,  0.154907227 SigReg: 98.7433243
std: 0.193237305 ,  0.1640625 SigReg: 81.9385452
std: 0.0708007812 ,  0.193115234 SigReg: 81.9385452
std: 0.0703125 ,  0.173950195 SigReg: 88.5031586
std: 0.0637207 ,  0.153076172 SigReg: 88.5031586
std: 0.052520752 ,  0.143066406 SigReg: 84.0168
std: 0.190063477 ,  0.146362305 SigReg: 84.0168
std: 0.0920410156 ,  0.166381836 SigReg: 80.6603241
std: 0.0788574219 ,  0.189086914 SigReg: 80.6603241
std: 0.0724487305 ,  0.154663086 SigReg: 86.4259796
std: 0.0896606445 ,  0.188476562 SigReg: 86.4259796
std: 0.0729980469 ,  0.195678711 SigReg: 83.8367
std: 0.0715942383 ,  0.178466797 SigReg: 83.8367
std: 0.0625 ,  0.148681641 SigReg: 83.3410492
std: 0.0802612305 ,  0.181030273 SigReg: 83.3410492
std: 0.0604858398 ,  0.170288086 SigReg: 90.9517
std: 0.0716552734 ,  0.196533203 SigReg: 90.9517
std: 0.0657348633 ,  0.148071289 SigReg: 86.6094666
std: 0.0839233398 ,  0.166381836 SigReg: 86.6094666
std: 0.0653686523 ,  0.163330078 SigReg: 92.1238251
std: 0.0692138672 ,  0.184692383 SigReg: 92.1238251
std: 0.0630493164 ,  0.144042969 SigReg: 84.2173691
std: 0.0641479492 ,  0.141723633 SigReg: 84.2173691
std: 0.0622558594 ,  0.151367188 SigReg: 90.3676605
std: 0.0748901367 ,  0.169555664 SigReg: 90.3676605
std: 0.0841674805 ,  0.19140625 SigReg: 91.3941
std: 0.0651855469 ,  0.159057617 SigReg: 91.3941
std: 0.138671875 ,  0.169433594 SigReg: 84.4923
std: 0.0682373047 ,  0.158813477 SigReg: 84.4923
std: 0.0684204102 ,  0.138305664 SigReg: 94.0901489
std: 0.0681762695 ,  0.180908203 SigReg: 94.0901489
std: 0.0777587891 ,  0.189086914 SigReg: 84.2602386
std: 0.0703125 ,  0.164306641 SigReg: 84.2602386
std: 0.0693359375 ,  0.170166016 SigReg: 87.223114
std: 0.201293945 ,  0.161132812 SigReg: 87.223114
std: 0.119934082 ,  0.188598633 SigReg: 87.2896805
std: 0.0689697266 ,  0.159301758 SigReg: 87.2896805
std: 0.0751342773 ,  0.189697266 SigReg: 85.0617065
std: 0.0731811523 ,  0.196411133 SigReg: 85.0617065
std: 0.069152832 ,  0.177856445 SigReg: 93.0911942
std: 0.0761108398 ,  0.159912109 SigReg: 93.0911942
std: 0.215576172 ,  0.185913086 SigReg: 83.7232361
std: 0.0762939453 ,  0.19152832 SigReg: 83.7232361
std: 0.108459473 ,  0.17578125 SigReg: 82.6728821
std: 0.0708618164 ,  0.180419922 SigReg: 82.6728821
std: 0.0614624023 ,  0.138427734 SigReg: 91.3768311
std: 0.0717773438 ,  0.159545898 SigReg: 91.3768311
std: 0.0640869141 ,  0.153808594 SigReg: 83.8908691
std: 0.0833740234 ,  0.207641602 SigReg: 83.8908691
std: 0.0643310547 ,  0.156005859 SigReg: 89.9995117
std: 0.0959472656 ,  0.151245117 SigReg: 89.9995117
  Step 250: Backbone Loss = 6.2673, SIGReg Loss = 89.9995 Probe Loss = 419.6720, Acc = 0.4901
std: 0.0719604492 ,  0.150268555 SigReg: 82.6466675
std: 0.0687866211 ,  0.157348633 SigReg: 82.6466675
std: 0.0615539551 ,  0.161499023 SigReg: 85.922142
std: 0.189208984 ,  0.178955078 SigReg: 85.922142
std: 0.08203125 ,  0.173950195 SigReg: 83.8924408
std: 0.0962524414 ,  0.197387695 SigReg: 83.8924408
std: 0.0956420898 ,  0.177978516 SigReg: 75.9008179
std: 0.0874023438 ,  0.190429688 SigReg: 75.9008179
std: 0.0720825195 ,  0.180297852 SigReg: 82.1548691
std: 0.067199707 ,  0.155639648 SigReg: 82.1548691
std: 0.0709228516 ,  0.173461914 SigReg: 84.4223404
std: 0.0827636719 ,  0.201416016 SigReg: 84.4223404
std: 0.0674438477 ,  0.175170898 SigReg: 82.7823105
std: 0.0701904297 ,  0.175415039 SigReg: 82.7823105
std: 0.0668334961 ,  0.171508789 SigReg: 88.2385712
std: 0.206420898 ,  0.170776367 SigReg: 88.2385712
std: 0.0647583 ,  0.162963867 SigReg: 85.0351105
std: 0.1484375 ,  0.203491211 SigReg: 85.0351105
std: 0.0659179688 ,  0.159423828 SigReg: 88.3284912
std: 0.0842895508 ,  0.163330078 SigReg: 88.3284912
std: 0.0661621094 ,  0.161376953 SigReg: 81.3393402
std: 0.0689697266 ,  0.180419922 SigReg: 81.3393402
std: 0.0861816406 ,  0.195556641 SigReg: 79.2167816
std: 0.0738525391 ,  0.201782227 SigReg: 79.2167816
std: 0.0770263672 ,  0.192749023 SigReg: 77.7620163
std: 0.0775146484 ,  0.203125 SigReg: 77.7620163
std: 0.137329102 ,  0.155151367 SigReg: 87.9731369
std: 0.0845336914 ,  0.211181641 SigReg: 87.9731369
std: 0.0661621094 ,  0.16015625 SigReg: 107.532249
std: 0.0712890625 ,  0.186401367 SigReg: 107.532249
std: 0.0690918 ,  0.170410156 SigReg: 85.179306
std: 0.0957641602 ,  0.225708008 SigReg: 85.179306
std: 0.105407715 ,  0.170532227 SigReg: 97.169426
std: 0.0860595703 ,  0.224121094 SigReg: 97.169426
std: 0.0952758789 ,  0.225585938 SigReg: 94.091835
std: 0.0759277344 ,  0.198852539 SigReg: 94.091835
std: 0.0915527344 ,  0.181152344 SigReg: 97.5078583
std: 0.11315918 ,  0.185668945 SigReg: 97.5078583
std: 0.0686645508 ,  0.172241211 SigReg: 88.6196442
std: 0.0850219727 ,  0.194824219 SigReg: 88.6196442
std: 0.0671386719 ,  0.163208008 SigReg: 98.5991516
std: 0.073425293 ,  0.174194336 SigReg: 98.5991516
std: 0.100830078 ,  0.179321289 SigReg: 89.6356888
std: 0.0841674805 ,  0.206054688 SigReg: 89.6356888
std: 0.0684204102 ,  0.162841797 SigReg: 87.6223679
std: 0.0751953125 ,  0.185668945 SigReg: 87.6223679
std: 0.0543823242 ,  0.154785156 SigReg: 80.9492
std: 0.0745239258 ,  0.173828125 SigReg: 80.9492
std: 0.0723876953 ,  0.193603516 SigReg: 90.1048508
std: 0.207397461 ,  0.158325195 SigReg: 90.1048508
std: 0.0786132812 ,  0.188842773 SigReg: 80.9001389
std: 0.105957031 ,  0.215332031 SigReg: 80.9001389
std: 0.113525391 ,  0.219848633 SigReg: 87.89077
std: 0.080871582 ,  0.21484375 SigReg: 87.89077
std: 0.0776367188 ,  0.196655273 SigReg: 95.7414551
std: 0.0758667 ,  0.209228516 SigReg: 95.7414551
std: 0.0853271484 ,  0.257324219 SigReg: 91.6208878
std: 0.209716797 ,  0.215332031 SigReg: 91.6208878
std: 0.0687866211 ,  0.173339844 SigReg: 87.9336853
std: 0.0727539062 ,  0.141967773 SigReg: 87.9336853
std: 0.071472168 ,  0.198730469 SigReg: 82.526207
std: 0.0718383789 ,  0.181030273 SigReg: 82.526207
std: 0.0834350586 ,  0.232788086 SigReg: 87.2286606
std: 0.0914917 ,  0.230712891 SigReg: 87.2286606
std: 0.0762939453 ,  0.224853516 SigReg: 81.5993958
std: 0.0743408203 ,  0.185913086 SigReg: 81.5993958
std: 0.0668945312 ,  0.186401367 SigReg: 86.9112778
std: 0.0643310547 ,  0.157226562 SigReg: 86.9112778
std: 0.0668334961 ,  0.163452148 SigReg: 81.8961945
std: 0.0700073242 ,  0.196166992 SigReg: 81.8961945
std: 0.0778198242 ,  0.188964844 SigReg: 89.3140411
std: 0.0615234375 ,  0.138793945 SigReg: 89.3140411
std: 0.065246582 ,  0.162231445 SigReg: 91.8666153
std: 0.077331543 ,  0.192138672 SigReg: 91.8666153
std: 0.0936279297 ,  0.210205078 SigReg: 78.3090057
std: 0.0805053711 ,  0.184326172 SigReg: 78.3090057
std: 0.0751953125 ,  0.159790039 SigReg: 96.7289734
std: 0.0640258789 ,  0.187988281 SigReg: 96.7289734
std: 0.0819091797 ,  0.207763672 SigReg: 83.1310883
std: 0.08203125 ,  0.188964844 SigReg: 83.1310883
std: 0.210693359 ,  0.200073242 SigReg: 78.5177689
std: 0.100585938 ,  0.173828125 SigReg: 78.5177689
std: 0.130004883 ,  0.176635742 SigReg: 88.4155273
std: 0.205932617 ,  0.167358398 SigReg: 88.4155273
std: 0.113891602 ,  0.182983398 SigReg: 105.207962
std: 0.101135254 ,  0.280029297 SigReg: 105.207962
std: 0.159912109 ,  0.200195312 SigReg: 85.265419
std: 0.0690918 ,  0.174072266 SigReg: 85.265419
std: 0.0796508789 ,  0.202758789 SigReg: 97.6729736
std: 0.0738525391 ,  0.19543457 SigReg: 97.6729736
std: 0.0751953125 ,  0.170166016 SigReg: 75.6628799
std: 0.0969238281 ,  0.210327148 SigReg: 75.6628799
std: 0.0911254883 ,  0.181518555 SigReg: 79.1395798
std: 0.0778808594 ,  0.211181641 SigReg: 79.1395798
std: 0.0703735352 ,  0.175537109 SigReg: 83.8579254
std: 0.0816040039 ,  0.203735352 SigReg: 83.8579254
std: 0.0707397461 ,  0.16809082 SigReg: 81.9841919
std: 0.11138916 ,  0.189086914 SigReg: 81.9841919
std: 0.0786743164 ,  0.204956055 SigReg: 92.4755096
std: 0.0678100586 ,  0.168212891 SigReg: 92.4755096
  Step 300: Backbone Loss = 6.3342, SIGReg Loss = 92.4755 Probe Loss = 407.6009, Acc = 0.4872
std: 0.0972900391 ,  0.208496094 SigReg: 78.919693
std: 0.0700073242 ,  0.175415039 SigReg: 78.919693
std: 0.0823364258 ,  0.205200195 SigReg: 86.9601746
std: 0.0700683594 ,  0.16418457 SigReg: 86.9601746
std: 0.0783081055 ,  0.225463867 SigReg: 79.3282928
std: 0.103515625 ,  0.170898438 SigReg: 79.3282928
std: 0.0654296875 ,  0.169799805 SigReg: 83.0580521
std: 0.0723876953 ,  0.190917969 SigReg: 83.0580521
std: 0.0853881836 ,  0.18762207 SigReg: 79.4320755
std: 0.075012207 ,  0.220581055 SigReg: 79.4320755
std: 0.0584716797 ,  0.15625 SigReg: 83.8878632
std: 0.0728149414 ,  0.16796875 SigReg: 83.8878632
Epoch 1 finished in 443.31s.
  Avg Backbone Loss: 13.9897
  Avg Probe Loss:    447.9026
  Avg Probe Accuracy: 0.4971

Epoch 2/100
std: 0.0606689453 ,  0.157958984 SigReg: 89.111618
std: 0.0672607422 ,  0.159057617 SigReg: 89.111618
  Step 0: Backbone Loss = 6.1772, SIGReg Loss = 89.1116 Probe Loss = 409.4109, Acc = 0.5015
std: 0.0855712891 ,  0.206787109 SigReg: 79.9695816
std: 0.0761108398 ,  0.211303711 SigReg: 79.9695816
std: 0.0740966797 ,  0.172973633 SigReg: 84.9909821
std: 0.0845336914 ,  0.250488281 SigReg: 84.9909821
std: 0.0673217773 ,  0.184326172 SigReg: 85.9642639
std: 0.08984375 ,  0.163574219 SigReg: 85.9642639
std: 0.0755615234 ,  0.202026367 SigReg: 84.2549133
std: 0.071105957 ,  0.188476562 SigReg: 84.2549133
std: 0.096496582 ,  0.208374023 SigReg: 78.8720932
std: 0.0710449219 ,  0.180541992 SigReg: 78.8720932
std: 0.0684814453 ,  0.212768555 SigReg: 85.6305847
std: 0.0977172852 ,  0.213134766 SigReg: 85.6305847
std: 0.0803222656 ,  0.209228516 SigReg: 79.7387085
std: 0.205200195 ,  0.182006836 SigReg: 79.7387085
std: 0.0738525391 ,  0.203857422 SigReg: 88.3612137
std: 0.0688476562 ,  0.164794922 SigReg: 88.3612137
std: 0.116027832 ,  0.202270508 SigReg: 82.6393661
std: 0.0651855469 ,  0.179199219 SigReg: 82.6393661
std: 0.071472168 ,  0.188110352 SigReg: 81.4573441
std: 0.296875 ,  0.204223633 SigReg: 81.4573441
std: 0.0903320312 ,  0.202392578 SigReg: 83.3580856
std: 0.0668945312 ,  0.168945312 SigReg: 83.3580856
std: 0.111938477 ,  0.198974609 SigReg: 79.5937653
std: 0.0663452148 ,  0.204223633 SigReg: 79.5937653
std: 0.0593261719 ,  0.176513672 SigReg: 77.3021469
std: 0.0934448242 ,  0.231567383 SigReg: 77.3021469
std: 0.113769531 ,  0.215576172 SigReg: 77.4384689
std: 0.117431641 ,  0.188598633 SigReg: 77.4384689
std: 0.0714111328 ,  0.198608398 SigReg: 83.6101532
std: 0.208496094 ,  0.172851562 SigReg: 83.6101532
std: 0.0713501 ,  0.197631836 SigReg: 79.9831238
std: 0.114624023 ,  0.184570312 SigReg: 79.9831238
std: 0.0622558594 ,  0.175170898 SigReg: 79.9408722
std: 0.0699462891 ,  0.192138672 SigReg: 79.9408722
std: 0.0911865234 ,  0.28125 SigReg: 67.9698944
std: 0.0862426758 ,  0.202148438 SigReg: 67.9698944
std: 0.0687866211 ,  0.212402344 SigReg: 71.2039
std: 0.0722045898 ,  0.204711914 SigReg: 71.2039
std: 0.0689086914 ,  0.197631836 SigReg: 68.8062363
std: 0.208862305 ,  0.206176758 SigReg: 68.8062363
std: 0.220703125 ,  0.159912109 SigReg: 73.0066071
std: 0.0641479492 ,  0.191040039 SigReg: 73.0066071
std: 0.0694580078 ,  0.193481445 SigReg: 80.9341888
std: 0.0966796875 ,  0.186523438 SigReg: 80.9341888
std: 0.098815918 ,  0.181030273 SigReg: 81.527565
std: 0.0621032715 ,  0.188964844 SigReg: 81.527565
std: 0.0720825195 ,  0.21887207 SigReg: 70.9478226
std: 0.0979614258 ,  0.174926758 SigReg: 70.9478226
std: 0.0676269531 ,  0.211547852 SigReg: 71.7900162
std: 0.10369873 ,  0.197753906 SigReg: 71.7900162
std: 0.0650024414 ,  0.192138672 SigReg: 79.2947693
std: 0.108337402 ,  0.194458008 SigReg: 79.2947693
std: 0.185180664 ,  0.203857422 SigReg: 73.0035553
std: 0.0692749 ,  0.21081543 SigReg: 73.0035553
std: 0.0740356445 ,  0.246459961 SigReg: 74.8627
std: 0.101623535 ,  0.19140625 SigReg: 74.8627
std: 0.232788086 ,  0.250488281 SigReg: 83.4515915
std: 0.0708618164 ,  0.227783203 SigReg: 83.4515915
std: 0.0726318359 ,  0.216918945 SigReg: 97.3856735
std: 0.0670776367 ,  0.190917969 SigReg: 97.3856735
std: 0.0697021484 ,  0.217163086 SigReg: 78.1306381
std: 0.0708007812 ,  0.223144531 SigReg: 78.1306381
std: 0.198730469 ,  0.169799805 SigReg: 77.4435196
std: 0.0635376 ,  0.211791992 SigReg: 77.4435196
std: 0.0650634766 ,  0.206298828 SigReg: 86.4060059
std: 0.0639648438 ,  0.209960938 SigReg: 86.4060059
std: 0.0904541 ,  0.282470703 SigReg: 78.1273651
std: 0.120178223 ,  0.196655273 SigReg: 78.1273651
std: 0.061920166 ,  0.208862305 SigReg: 88.0214081
std: 0.0631713867 ,  0.196655273 SigReg: 88.0214081
std: 0.072265625 ,  0.22668457 SigReg: 87.4881668
std: 0.0599365234 ,  0.167480469 SigReg: 87.4881668
std: 0.197021484 ,  0.219482422 SigReg: 74.4463
std: 0.0812988281 ,  0.222290039 SigReg: 74.4463
std: 0.0555725098 ,  0.196044922 SigReg: 89.0318146
std: 0.0545959473 ,  0.194213867 SigReg: 89.0318146
std: 0.0569763184 ,  0.175170898 SigReg: 93.5221634
std: 0.133911133 ,  0.212890625 SigReg: 93.5221634
std: 0.195556641 ,  0.185424805 SigReg: 82.4185104
std: 0.0596923828 ,  0.218139648 SigReg: 82.4185104
std: 0.056640625 ,  0.221557617 SigReg: 81.0265121
std: 0.147949219 ,  0.263427734 SigReg: 81.0265121
std: 0.0655517578 ,  0.226318359 SigReg: 97.3696747
std: 0.092956543 ,  0.24230957 SigReg: 97.3696747
std: 0.178833008 ,  0.197509766 SigReg: 84.8753357
std: 0.104553223 ,  0.214111328 SigReg: 84.8753357
std: 0.0817260742 ,  0.231201172 SigReg: 82.6531219
std: 0.0980224609 ,  0.193237305 SigReg: 82.6531219
std: 0.0794677734 ,  0.228393555 SigReg: 91.9062653
std: 0.0536804199 ,  0.197509766 SigReg: 91.9062653
std: 0.0996704102 ,  0.185180664 SigReg: 84.6839523
std: 0.0593566895 ,  0.204345703 SigReg: 84.6839523
std: 0.0650634766 ,  0.205932617 SigReg: 85.1839371
std: 0.0773925781 ,  0.209960938 SigReg: 85.1839371
std: 0.057220459 ,  0.182617188 SigReg: 91.6876068
std: 0.0660400391 ,  0.214477539 SigReg: 91.6876068
std: 0.0589294434 ,  0.2109375 SigReg: 85.1414413
std: 0.0786132812 ,  0.247558594 SigReg: 85.1414413
std: 0.0956420898 ,  0.212890625 SigReg: 74.8456116
std: 0.0642700195 ,  0.220581055 SigReg: 74.8456116
  Step 50: Backbone Loss = 5.3531, SIGReg Loss = 74.8456 Probe Loss = 384.8192, Acc = 0.5244
std: 0.113037109 ,  0.213989258 SigReg: 80.410408
std: 0.0634155273 ,  0.200073242 SigReg: 80.410408
std: 0.0625610352 ,  0.239379883 SigReg: 80.3456497
std: 0.0538330078 ,  0.193725586 SigReg: 80.3456497
std: 0.0585021973 ,  0.205566406 SigReg: 78.3674545
std: 0.0530700684 ,  0.193847656 SigReg: 78.3674545
std: 0.0582885742 ,  0.208740234 SigReg: 76.083725
std: 0.0620422363 ,  0.239868164 SigReg: 76.083725
std: 0.0570373535 ,  0.194824219 SigReg: 87.3369751
std: 0.0662841797 ,  0.225830078 SigReg: 87.3369751
std: 0.0608215332 ,  0.211791992 SigReg: 79.0076752
std: 0.104003906 ,  0.226806641 SigReg: 79.0076752
std: 0.0641479492 ,  0.228393555 SigReg: 70.7587509
std: 0.0577697754 ,  0.204223633 SigReg: 70.7587509
std: 0.0659790039 ,  0.229492188 SigReg: 87.2281799
std: 0.076965332 ,  0.233398438 SigReg: 87.2281799
std: 0.076171875 ,  0.236572266 SigReg: 83.22612
std: 0.193969727 ,  0.229858398 SigReg: 83.22612
std: 0.0627441406 ,  0.211303711 SigReg: 81.4631805
std: 0.0627441406 ,  0.216552734 SigReg: 81.4631805
std: 0.0882568359 ,  0.194824219 SigReg: 81.1503677
std: 0.0430908203 ,  0.158813477 SigReg: 81.1503677
std: 0.0586853027 ,  0.208007812 SigReg: 78.7343
std: 0.0804443359 ,  0.224365234 SigReg: 78.7343
std: 0.0646362305 ,  0.237426758 SigReg: 81.3260574
std: 0.0911865234 ,  0.219360352 SigReg: 81.3260574
std: 0.0600280762 ,  0.215820312 SigReg: 75.4513702
std: 0.0682373047 ,  0.265136719 SigReg: 75.4513702
std: 0.0594787598 ,  0.204345703 SigReg: 77.9690323
std: 0.0653076172 ,  0.228027344 SigReg: 77.9690323
std: 0.0537414551 ,  0.214111328 SigReg: 75.0214691
std: 0.0598144531 ,  0.211914062 SigReg: 75.0214691
std: 0.0572509766 ,  0.234985352 SigReg: 80.4381256
std: 0.0581665039 ,  0.202636719 SigReg: 80.4381256
std: 0.0622253418 ,  0.232788086 SigReg: 75.5489
std: 0.0558776855 ,  0.204589844 SigReg: 75.5489
std: 0.055267334 ,  0.216308594 SigReg: 72.021225
std: 0.0569152832 ,  0.198608398 SigReg: 72.021225
std: 0.0599060059 ,  0.217529297 SigReg: 74.8022308
std: 0.195068359 ,  0.20703125 SigReg: 74.8022308
std: 0.0621337891 ,  0.217651367 SigReg: 74.2004242
std: 0.130249023 ,  0.203979492 SigReg: 74.2004242
std: 0.0813598633 ,  0.260742188 SigReg: 67.9593124
std: 0.0551452637 ,  0.198730469 SigReg: 67.9593124
std: 0.0773925781 ,  0.255859375 SigReg: 71.1773529
std: 0.0511169434 ,  0.203979492 SigReg: 71.1773529
std: 0.054901123 ,  0.237182617 SigReg: 75.9373398
std: 0.1171875 ,  0.256591797 SigReg: 75.9373398
std: 0.0686035156 ,  0.204833984 SigReg: 71.9424133
std: 0.0521240234 ,  0.19921875 SigReg: 71.9424133
std: 0.0679931641 ,  0.180053711 SigReg: 87.5755386
std: 0.0769043 ,  0.230224609 SigReg: 87.5755386
std: 0.0501403809 ,  0.20703125 SigReg: 98.1418076
std: 0.10559082 ,  0.208618164 SigReg: 98.1418076
std: 0.0941162109 ,  0.233276367 SigReg: 69.6355591
std: 0.114807129 ,  0.224365234 SigReg: 69.6355591
std: 0.0500488281 ,  0.213989258 SigReg: 79.624
std: 0.117492676 ,  0.229370117 SigReg: 79.624
std: 0.058013916 ,  0.243774414 SigReg: 84.1401
std: 0.0442504883 ,  0.172973633 SigReg: 84.1401
std: 0.115539551 ,  0.218994141 SigReg: 88.8328857
std: 0.0467834473 ,  0.186889648 SigReg: 88.8328857
std: 0.147583008 ,  0.206665039 SigReg: 101.348114
std: 0.0546569824 ,  0.233276367 SigReg: 101.348114
std: 0.0512695312 ,  0.217407227 SigReg: 79.4469452
std: 0.183227539 ,  0.200195312 SigReg: 79.4469452
std: 0.0703125 ,  0.190063477 SigReg: 99.4749603
std: 0.150024414 ,  0.231933594 SigReg: 99.4749603
std: 0.043182373 ,  0.193359375 SigReg: 105.706856
std: 0.0549621582 ,  0.240234375 SigReg: 105.706856
std: 0.0525817871 ,  0.237304688 SigReg: 80.8726501
std: 0.045715332 ,  0.204345703 SigReg: 80.8726501
std: 0.0478820801 ,  0.216186523 SigReg: 98.6682816
std: 0.0724487305 ,  0.2578125 SigReg: 98.6682816
std: 0.0794067383 ,  0.213623047 SigReg: 107.521683
std: 0.0532226562 ,  0.209960938 SigReg: 107.521683
std: 0.189819336 ,  0.219726562 SigReg: 81.196022
std: 0.0512390137 ,  0.229736328 SigReg: 81.196022
std: 0.0643310547 ,  0.234985352 SigReg: 82.6958389
std: 0.0958251953 ,  0.22265625 SigReg: 82.6958389
std: 0.049987793 ,  0.246459961 SigReg: 97.6367798
std: 0.0422363281 ,  0.232788086 SigReg: 97.6367798
std: 0.0552368164 ,  0.23034668 SigReg: 87.4728546
std: 0.0381469727 ,  0.176025391 SigReg: 87.4728546
std: 0.0534057617 ,  0.223876953 SigReg: 89.2131042
std: 0.0463562 ,  0.219604492 SigReg: 89.2131042
std: 0.0545349121 ,  0.237426758 SigReg: 85.0138931
std: 0.0475769043 ,  0.22668457 SigReg: 85.0138931
std: 0.0556640625 ,  0.234375 SigReg: 69.7663574
std: 0.157714844 ,  0.325195312 SigReg: 69.7663574
std: 0.0547790527 ,  0.234741211 SigReg: 83.4048
std: 0.221557617 ,  0.209960938 SigReg: 83.4048
std: 0.0542297363 ,  0.239624023 SigReg: 73.0697327
std: 0.0919189453 ,  0.215698242 SigReg: 73.0697327
std: 0.0625610352 ,  0.226074219 SigReg: 76.3692398
std: 0.0440673828 ,  0.213012695 SigReg: 76.3692398
std: 0.0854492188 ,  0.228149414 SigReg: 78.0836716
std: 0.229980469 ,  0.205444336 SigReg: 78.0836716
std: 0.0459594727 ,  0.202270508 SigReg: 80.3518829
std: 0.047454834 ,  0.216918945 SigReg: 80.3518829
  Step 100: Backbone Loss = 5.7045, SIGReg Loss = 80.3519 Probe Loss = 368.2335, Acc = 0.5504
std: 0.139404297 ,  0.236816406 SigReg: 66.8831329
std: 0.0597839355 ,  0.221679688 SigReg: 66.8831329
std: 0.0576782227 ,  0.226074219 SigReg: 85.9749832
std: 0.0836181641 ,  0.224365234 SigReg: 85.9749832
std: 0.0491333 ,  0.180541992 SigReg: 81.6911469
std: 0.0592041 ,  0.229248047 SigReg: 81.6911469
std: 0.104858398 ,  0.209228516 SigReg: 86.744812
std: 0.10546875 ,  0.204467773 SigReg: 86.744812
std: 0.0515136719 ,  0.207641602 SigReg: 78.1654816
std: 0.0709838867 ,  0.264648438 SigReg: 78.1654816
std: 0.0517272949 ,  0.227905273 SigReg: 77.7811737
std: 0.0645141602 ,  0.251953125 SigReg: 77.7811737
std: 0.101013184 ,  0.220703125 SigReg: 69.4235077
std: 0.0830688477 ,  0.30078125 SigReg: 69.4235077
std: 0.18359375 ,  0.254638672 SigReg: 72.7282257
std: 0.0550842285 ,  0.251953125 SigReg: 72.7282257
std: 0.0521240234 ,  0.227050781 SigReg: 83.7657852
std: 0.0474853516 ,  0.222412109 SigReg: 83.7657852
std: 0.0533752441 ,  0.246337891 SigReg: 79.429863
std: 0.123291016 ,  0.207641602 SigReg: 79.429863
std: 0.0651855469 ,  0.217041016 SigReg: 77.440979
std: 0.13269043 ,  0.249511719 SigReg: 77.440979
std: 0.0549926758 ,  0.241455078 SigReg: 72.5587692
std: 0.178710938 ,  0.231201172 SigReg: 72.5587692
std: 0.065246582 ,  0.207641602 SigReg: 69.4205933
std: 0.0524902344 ,  0.249755859 SigReg: 69.4205933
std: 0.0505981445 ,  0.265625 SigReg: 65.4227905
std: 0.0500183105 ,  0.229858398 SigReg: 65.4227905
std: 0.0562133789 ,  0.262207031 SigReg: 73.4448853
std: 0.0595397949 ,  0.246826172 SigReg: 73.4448853
std: 0.0496521 ,  0.206420898 SigReg: 81.1023331
std: 0.135253906 ,  0.337158203 SigReg: 81.1023331
std: 0.0476074219 ,  0.215576172 SigReg: 76.2484589
std: 0.0497436523 ,  0.245117188 SigReg: 76.2484589
std: 0.0514831543 ,  0.251708984 SigReg: 66.7348862
std: 0.0597229 ,  0.277099609 SigReg: 66.7348862
std: 0.0647583 ,  0.285644531 SigReg: 78.2429199
std: 0.0474243164 ,  0.235595703 SigReg: 78.2429199
std: 0.180908203 ,  0.21862793 SigReg: 79.4875336
std: 0.17565918 ,  0.246459961 SigReg: 79.4875336
std: 0.086730957 ,  0.248779297 SigReg: 67.3858795
std: 0.0625 ,  0.242675781 SigReg: 67.3858795
std: 0.0596923828 ,  0.259277344 SigReg: 68.4308777
std: 0.0512390137 ,  0.246459961 SigReg: 68.4308777
std: 0.0671386719 ,  0.247314453 SigReg: 74.8133
std: 0.0826416 ,  0.259765625 SigReg: 74.8133
std: 0.0944213867 ,  0.263671875 SigReg: 70.8689575
std: 0.0527038574 ,  0.260498047 SigReg: 70.8689575
std: 0.103393555 ,  0.228149414 SigReg: 76.9201736
std: 0.205932617 ,  0.267333984 SigReg: 76.9201736
std: 0.0510864258 ,  0.263671875 SigReg: 69.9819641
std: 0.0599975586 ,  0.266357422 SigReg: 69.9819641
std: 0.0726318359 ,  0.272705078 SigReg: 82.5753174
std: 0.0513916 ,  0.23046875 SigReg: 82.5753174
std: 0.21862793 ,  0.283447266 SigReg: 69.6544189
std: 0.088684082 ,  0.25390625 SigReg: 69.6544189
std: 0.087097168 ,  0.248901367 SigReg: 72.8801041
std: 0.0472106934 ,  0.256103516 SigReg: 72.8801041
std: 0.0565795898 ,  0.266845703 SigReg: 74.05336
std: 0.0523071289 ,  0.22668457 SigReg: 74.05336
std: 0.045715332 ,  0.229125977 SigReg: 84.9912567
std: 0.057220459 ,  0.280517578 SigReg: 84.9912567
std: 0.0560302734 ,  0.270263672 SigReg: 82.7948608
std: 0.053894043 ,  0.268066406 SigReg: 82.7948608
std: 0.0521240234 ,  0.259521484 SigReg: 79.4567719
std: 0.0896606445 ,  0.349853516 SigReg: 79.4567719
std: 0.0639038086 ,  0.292724609 SigReg: 75.4791183
std: 0.0529785156 ,  0.256591797 SigReg: 75.4791183
std: 0.0565490723 ,  0.25 SigReg: 71.8115463
std: 0.0515136719 ,  0.237915039 SigReg: 71.8115463
std: 0.0625610352 ,  0.297851562 SigReg: 75.3743286
std: 0.0565185547 ,  0.26171875 SigReg: 75.3743286
std: 0.0512390137 ,  0.250976562 SigReg: 78.6184387
std: 0.0487670898 ,  0.265380859 SigReg: 78.6184387
std: 0.0445861816 ,  0.252441406 SigReg: 72.0115204
std: 0.106323242 ,  0.274902344 SigReg: 72.0115204
std: 0.045715332 ,  0.261962891 SigReg: 75.5666199
std: 0.0927734375 ,  0.232910156 SigReg: 75.5666199
std: 0.166137695 ,  0.211914062 SigReg: 71.115036
std: 0.056427002 ,  0.276611328 SigReg: 71.115036
std: 0.0561523438 ,  0.270263672 SigReg: 69.8282471
std: 0.067565918 ,  0.254638672 SigReg: 69.8282471
std: 0.0878295898 ,  0.302978516 SigReg: 66.7365417
std: 0.0678100586 ,  0.260986328 SigReg: 66.7365417
std: 0.0516662598 ,  0.270996094 SigReg: 74.1219
std: 0.0493164062 ,  0.259521484 SigReg: 74.1219
std: 0.0527648926 ,  0.233154297 SigReg: 73.049324
std: 0.0939331055 ,  0.266357422 SigReg: 73.049324
std: 0.0555725098 ,  0.242431641 SigReg: 86.1067352
std: 0.0603942871 ,  0.274902344 SigReg: 86.1067352
std: 0.0699462891 ,  0.261474609 SigReg: 89.0808563
std: 0.0922241211 ,  0.314697266 SigReg: 89.0808563
std: 0.17590332 ,  0.351318359 SigReg: 63.7256432
std: 0.170166016 ,  0.227905273 SigReg: 63.7256432
std: 0.0635376 ,  0.308349609 SigReg: 86.6073914
std: 0.0472106934 ,  0.246948242 SigReg: 86.6073914
std: 0.0759277344 ,  0.265625 SigReg: 69.5716553
std: 0.0426635742 ,  0.248168945 SigReg: 69.5716553
std: 0.0682373047 ,  0.311523438 SigReg: 78.4185486
std: 0.209838867 ,  0.267578125 SigReg: 78.4185486
  Step 150: Backbone Loss = 5.5532, SIGReg Loss = 78.4185 Probe Loss = 352.0686, Acc = 0.5020
std: 0.175415039 ,  0.288330078 SigReg: 81.6331482
std: 0.0530395508 ,  0.298339844 SigReg: 81.6331482
std: 0.0823364258 ,  0.359130859 SigReg: 71.980217
std: 0.0545959473 ,  0.245483398 SigReg: 71.980217
std: 0.0630493164 ,  0.307373047 SigReg: 71.7459869
std: 0.0480041504 ,  0.268066406 SigReg: 71.7459869
std: 0.0572814941 ,  0.2734375 SigReg: 70.5755768
std: 0.0742797852 ,  0.261962891 SigReg: 70.5755768
std: 0.0556335449 ,  0.282470703 SigReg: 74.1329956
std: 0.0547790527 ,  0.247802734 SigReg: 74.1329956
std: 0.188354492 ,  0.283203125 SigReg: 80.4994812
std: 0.113098145 ,  0.256591797 SigReg: 80.4994812
std: 0.0977783203 ,  0.318603516 SigReg: 70.4131699
std: 0.0588684082 ,  0.273925781 SigReg: 70.4131699
std: 0.0503234863 ,  0.234008789 SigReg: 76.9856567
std: 0.0521850586 ,  0.28125 SigReg: 76.9856567
std: 0.0859375 ,  0.297851562 SigReg: 81.7521896
std: 0.181518555 ,  0.264648438 SigReg: 81.7521896
std: 0.0944824219 ,  0.283447266 SigReg: 62.628437
std: 0.0614318848 ,  0.330078125 SigReg: 62.628437
std: 0.0767822266 ,  0.232177734 SigReg: 81.0033493
std: 0.0566101074 ,  0.257324219 SigReg: 81.0033493
std: 0.0545959473 ,  0.225341797 SigReg: 70.1999817
std: 0.0621337891 ,  0.270507812 SigReg: 70.1999817
std: 0.0481262207 ,  0.266845703 SigReg: 79.5453415
std: 0.0536804199 ,  0.218383789 SigReg: 79.5453415
std: 0.0609741211 ,  0.307373047 SigReg: 78.201828
std: 0.112121582 ,  0.3203125 SigReg: 78.201828
std: 0.0736694336 ,  0.312744141 SigReg: 73.8703232
std: 0.0614929199 ,  0.322753906 SigReg: 73.8703232
std: 0.0497131348 ,  0.283203125 SigReg: 81.6651688
std: 0.0639648438 ,  0.28125 SigReg: 81.6651688
std: 0.0556640625 ,  0.3125 SigReg: 68.3927765
std: 0.0497436523 ,  0.306396484 SigReg: 68.3927765
std: 0.110046387 ,  0.311279297 SigReg: 66.3029709
std: 0.0475158691 ,  0.305908203 SigReg: 66.3029709
std: 0.0638427734 ,  0.291015625 SigReg: 62.9017258
std: 0.0809936523 ,  0.243164062 SigReg: 62.9017258
std: 0.206542969 ,  0.270751953 SigReg: 62.2515373
std: 0.0520019531 ,  0.284667969 SigReg: 62.2515373
std: 0.058013916 ,  0.260498047 SigReg: 69.5532532
std: 0.0722045898 ,  0.3046875 SigReg: 69.5532532
std: 0.105712891 ,  0.308105469 SigReg: 59.0541077
std: 0.201904297 ,  0.234741211 SigReg: 59.0541077
std: 0.0624389648 ,  0.320556641 SigReg: 66.9582062
std: 0.0519104 ,  0.299804688 SigReg: 66.9582062
std: 0.138305664 ,  0.293212891 SigReg: 71.7718506
std: 0.143676758 ,  0.275878906 SigReg: 71.7718506
std: 0.0916137695 ,  0.278076172 SigReg: 60.9288177
std: 0.0736694336 ,  0.274414062 SigReg: 60.9288177
std: 0.0563049316 ,  0.291259766 SigReg: 74.2906647
std: 0.142089844 ,  0.253173828 SigReg: 74.2906647
std: 0.218261719 ,  0.253173828 SigReg: 66.2465897
std: 0.059753418 ,  0.279052734 SigReg: 66.2465897
std: 0.0547790527 ,  0.298828125 SigReg: 79.5038147
std: 0.225708008 ,  0.300048828 SigReg: 79.5038147
std: 0.0642089844 ,  0.267578125 SigReg: 77.3278351
std: 0.0930786133 ,  0.317871094 SigReg: 77.3278351
std: 0.0631103516 ,  0.346679688 SigReg: 76.372551
std: 0.0544128418 ,  0.300537109 SigReg: 76.372551
std: 0.0806274414 ,  0.305175781 SigReg: 74.3829803
std: 0.0684204102 ,  0.291503906 SigReg: 74.3829803
std: 0.0445861816 ,  0.247924805 SigReg: 74.9761658
std: 0.136474609 ,  0.312011719 SigReg: 74.9761658
std: 0.0632324219 ,  0.265136719 SigReg: 86.164856
std: 0.0516967773 ,  0.286621094 SigReg: 86.164856
std: 0.0532226562 ,  0.285400391 SigReg: 74.3713913
std: 0.0523986816 ,  0.266845703 SigReg: 74.3713913
std: 0.0623779297 ,  0.319091797 SigReg: 65.2646484
std: 0.122802734 ,  0.325195312 SigReg: 65.2646484
std: 0.0593566895 ,  0.282958984 SigReg: 78.5706635
std: 0.0610961914 ,  0.290527344 SigReg: 78.5706635
std: 0.123535156 ,  0.322753906 SigReg: 67.2211533
std: 0.255126953 ,  0.279296875 SigReg: 67.2211533
std: 0.0861816406 ,  0.278320312 SigReg: 70.440918
std: 0.078125 ,  0.315673828 SigReg: 70.440918
std: 0.121032715 ,  0.328857422 SigReg: 69.6860733
std: 0.0635986328 ,  0.283935547 SigReg: 69.6860733
std: 0.0775756836 ,  0.245605469 SigReg: 74.5669098
std: 0.174072266 ,  0.325439453 SigReg: 74.5669098
std: 0.0950927734 ,  0.313720703 SigReg: 77.6919708
std: 0.0771484375 ,  0.320556641 SigReg: 77.6919708
std: 0.197143555 ,  0.355224609 SigReg: 69.4352875
std: 0.0974121094 ,  0.2734375 SigReg: 69.4352875
std: 0.0661010742 ,  0.321044922 SigReg: 72.7613831
std: 0.0797729492 ,  0.319580078 SigReg: 72.7613831
std: 0.0778198242 ,  0.316894531 SigReg: 67.723526
std: 0.257568359 ,  0.293212891 SigReg: 67.723526
std: 0.0782470703 ,  0.245605469 SigReg: 80.1266479
std: 0.0860595703 ,  0.314941406 SigReg: 80.1266479
std: 0.118225098 ,  0.319335938 SigReg: 72.5113525
std: 0.0484313965 ,  0.270751953 SigReg: 72.5113525
std: 0.0709838867 ,  0.316650391 SigReg: 71.5855408
std: 0.158081055 ,  0.278076172 SigReg: 71.5855408
std: 0.0899047852 ,  0.325683594 SigReg: 78.1586609
std: 0.0944213867 ,  0.305419922 SigReg: 78.1586609
std: 0.13293457 ,  0.306152344 SigReg: 69.2746048
std: 0.0591430664 ,  0.280761719 SigReg: 69.2746048
std: 0.0550231934 ,  0.258300781 SigReg: 65.1665955
std: 0.13659668 ,  0.28125 SigReg: 65.1665955
  Step 200: Backbone Loss = 4.9141, SIGReg Loss = 65.1666 Probe Loss = 334.8020, Acc = 0.5045
std: 0.0941772461 ,  0.346191406 SigReg: 65.9448776
std: 0.111206055 ,  0.30859375 SigReg: 65.9448776
std: 0.080078125 ,  0.330322266 SigReg: 80.0133667
std: 0.0797119141 ,  0.334228516 SigReg: 80.0133667
std: 0.0645751953 ,  0.248168945 SigReg: 63.2139893
std: 0.0843505859 ,  0.328857422 SigReg: 63.2139893
std: 0.0905761719 ,  0.340332031 SigReg: 94.4858704
std: 0.107788086 ,  0.320800781 SigReg: 94.4858704
std: 0.0994262695 ,  0.30078125 SigReg: 111.995125
std: 0.083984375 ,  0.296875 SigReg: 111.995125
std: 0.0567626953 ,  0.278564453 SigReg: 94.6206055
std: 0.0779418945 ,  0.323242188 SigReg: 94.6206055
std: 0.0941772461 ,  0.300537109 SigReg: 77.9251404
std: 0.0681152344 ,  0.294921875 SigReg: 77.9251404
std: 0.0818481445 ,  0.298339844 SigReg: 84.4537048
std: 0.0891723633 ,  0.342285156 SigReg: 84.4537048
std: 0.142700195 ,  0.301269531 SigReg: 93.2081146
std: 0.0642089844 ,  0.232666016 SigReg: 93.2081146
std: 0.083984375 ,  0.314208984 SigReg: 93.9257889
std: 0.122741699 ,  0.326904297 SigReg: 93.9257889
std: 0.079284668 ,  0.294921875 SigReg: 78.1116257
std: 0.118408203 ,  0.357910156 SigReg: 78.1116257
std: 0.0794067383 ,  0.30859375 SigReg: 95.1833725
std: 0.0659790039 ,  0.290039062 SigReg: 95.1833725
std: 0.0888061523 ,  0.288330078 SigReg: 91.3141937
std: 0.150756836 ,  0.280029297 SigReg: 91.3141937
std: 0.0920410156 ,  0.326171875 SigReg: 86.8053894
std: 0.181518555 ,  0.317138672 SigReg: 86.8053894
std: 0.0809326172 ,  0.358642578 SigReg: 91.2930069
std: 0.0748901367 ,  0.322753906 SigReg: 91.2930069
std: 0.0941162109 ,  0.312011719 SigReg: 83.2284927
std: 0.100585938 ,  0.372802734 SigReg: 83.2284927
std: 0.0855102539 ,  0.284912109 SigReg: 75.5855713
std: 0.0934448242 ,  0.331298828 SigReg: 75.5855713
std: 0.111633301 ,  0.335205078 SigReg: 67.3271103
std: 0.198364258 ,  0.340087891 SigReg: 67.3271103
std: 0.0809936523 ,  0.334228516 SigReg: 62.9569702
std: 0.0980224609 ,  0.314453125 SigReg: 62.9569702
std: 0.211547852 ,  0.347167969 SigReg: 70.6836395
std: 0.0790405273 ,  0.353271484 SigReg: 70.6836395
std: 0.1328125 ,  0.345458984 SigReg: 72.4736633
std: 0.0947876 ,  0.316650391 SigReg: 72.4736633
std: 0.0716552734 ,  0.299072266 SigReg: 81.814949
std: 0.057434082 ,  0.259033203 SigReg: 81.814949
std: 0.0699462891 ,  0.303710938 SigReg: 80.0881653
std: 0.116210938 ,  0.391601562 SigReg: 80.0881653
std: 0.105529785 ,  0.359130859 SigReg: 77.8695526
std: 0.108947754 ,  0.393798828 SigReg: 77.8695526
std: 0.0824584961 ,  0.326171875 SigReg: 105.897758
std: 0.107299805 ,  0.34765625 SigReg: 105.897758
std: 0.120178223 ,  0.319580078 SigReg: 88.5324249
std: 0.109802246 ,  0.34375 SigReg: 88.5324249
std: 0.0796508789 ,  0.313476562 SigReg: 72.7097931
std: 0.133178711 ,  0.318603516 SigReg: 72.7097931
std: 0.0979003906 ,  0.409667969 SigReg: 105.349724
std: 0.110961914 ,  0.346435547 SigReg: 105.349724
std: 0.0922851562 ,  0.324951172 SigReg: 114.816872
std: 0.122009277 ,  0.382324219 SigReg: 114.816872
std: 0.0778808594 ,  0.329833984 SigReg: 76.4531708
std: 0.0982666 ,  0.395263672 SigReg: 76.4531708
std: 0.0847168 ,  0.323974609 SigReg: 71.3442383
std: 0.290283203 ,  0.3515625 SigReg: 71.3442383
std: 0.0783691406 ,  0.321289062 SigReg: 94.4684219
std: 0.090637207 ,  0.367431641 SigReg: 94.4684219
std: 0.0885009766 ,  0.385009766 SigReg: 82.960083
std: 0.0816650391 ,  0.362304688 SigReg: 82.960083
std: 0.110351562 ,  0.370849609 SigReg: 64.4530182
std: 0.118713379 ,  0.398925781 SigReg: 64.4530182
std: 0.264404297 ,  0.368408203 SigReg: 74.849205
std: 0.10333252 ,  0.384521484 SigReg: 74.849205
std: 0.123962402 ,  0.399169922 SigReg: 57.7242241
std: 0.112243652 ,  0.387207031 SigReg: 57.7242241
std: 0.188964844 ,  0.356201172 SigReg: 66.1071701
std: 0.168334961 ,  0.350830078 SigReg: 66.1071701
std: 0.108032227 ,  0.428955078 SigReg: 68.0081711
std: 0.0952148438 ,  0.359619141 SigReg: 68.0081711
std: 0.14855957 ,  0.422607422 SigReg: 61.3997765
std: 0.0709838867 ,  0.380615234 SigReg: 61.3997765
std: 0.0961303711 ,  0.359375 SigReg: 65.9889832
std: 0.110046387 ,  0.440917969 SigReg: 65.9889832
std: 0.0843505859 ,  0.353759766 SigReg: 63.5982056
std: 0.0701293945 ,  0.375244141 SigReg: 63.5982056
std: 0.0962524414 ,  0.383300781 SigReg: 66.0080338
std: 0.295654297 ,  0.395019531 SigReg: 66.0080338
std: 0.0911254883 ,  0.376708984 SigReg: 73.0297852
std: 0.0795288086 ,  0.378662109 SigReg: 73.0297852
std: 0.104553223 ,  0.397949219 SigReg: 67.9270096
std: 0.120910645 ,  0.436767578 SigReg: 67.9270096
std: 0.103881836 ,  0.457763672 SigReg: 69.6747818
std: 0.108093262 ,  0.456542969 SigReg: 69.6747818
std: 0.180053711 ,  0.469970703 SigReg: 70.547287
std: 0.101257324 ,  0.404541016 SigReg: 70.547287
std: 0.113586426 ,  0.458984375 SigReg: 64.204155
std: 0.0938720703 ,  0.353027344 SigReg: 64.204155
std: 0.151489258 ,  0.51953125 SigReg: 66.7098541
std: 0.094909668 ,  0.375488281 SigReg: 66.7098541
std: 0.107910156 ,  0.404541016 SigReg: 66.6919174
std: 0.102600098 ,  0.434326172 SigReg: 66.6919174
std: 0.12512207 ,  0.463867188 SigReg: 61.709
std: 0.142944336 ,  0.475097656 SigReg: 61.709
  Step 250: Backbone Loss = 4.5725, SIGReg Loss = 61.7090 Probe Loss = 327.7877, Acc = 0.4980
std: 0.161865234 ,  0.399658203 SigReg: 60.6666794
std: 0.200683594 ,  0.452636719 SigReg: 60.6666794
std: 0.104858398 ,  0.472167969 SigReg: 66.2915955
std: 0.119812012 ,  0.499023438 SigReg: 66.2915955
std: 0.23046875 ,  0.513671875 SigReg: 66.9082
std: 0.204223633 ,  0.487060547 SigReg: 66.9082
std: 0.139648438 ,  0.479492188 SigReg: 75.8777161
std: 0.113464355 ,  0.427978516 SigReg: 75.8777161
std: 0.134155273 ,  0.455322266 SigReg: 82.6109314
std: 0.10723877 ,  0.398925781 SigReg: 82.6109314
std: 0.33984375 ,  0.521484375 SigReg: 55.330265
std: 0.135498047 ,  0.509277344 SigReg: 55.330265
std: 0.142089844 ,  0.458007812 SigReg: 77.1266251
std: 0.146240234 ,  0.473632812 SigReg: 77.1266251
std: 0.167114258 ,  0.53125 SigReg: 79.1147
std: 0.24206543 ,  0.548339844 SigReg: 79.1147
std: 0.248535156 ,  0.561035156 SigReg: 76.0885162
std: 0.120849609 ,  0.433837891 SigReg: 76.0885162
std: 0.224975586 ,  0.476806641 SigReg: 66.8792953
std: 0.182006836 ,  0.483886719 SigReg: 66.8792953
std: 0.155029297 ,  0.560546875 SigReg: 56.7548714
std: 0.176391602 ,  0.504394531 SigReg: 56.7548714
std: 0.181152344 ,  0.551757812 SigReg: 82.9068298
std: 0.229492188 ,  0.563476562 SigReg: 82.9068298
std: 0.210571289 ,  0.482177734 SigReg: 94.5203552
std: 0.260009766 ,  0.493408203 SigReg: 94.5203552
std: 0.314941406 ,  0.581054688 SigReg: 62.6070671
std: 0.215209961 ,  0.600097656 SigReg: 62.6070671
std: 0.198364258 ,  0.487792969 SigReg: 88.2142181
std: 0.276611328 ,  0.571777344 SigReg: 88.2142181
std: 0.260253906 ,  0.541992188 SigReg: 107.338066
std: 0.202148438 ,  0.489257812 SigReg: 107.338066
std: 0.220703125 ,  0.573242188 SigReg: 90.6874619
std: 0.245849609 ,  0.563964844 SigReg: 90.6874619
std: 0.2265625 ,  0.618164062 SigReg: 68.2741928
std: 0.216064453 ,  0.634765625 SigReg: 68.2741928
std: 0.275634766 ,  0.547851562 SigReg: 83.0753632
std: 0.275878906 ,  0.504394531 SigReg: 83.0753632
std: 0.227050781 ,  0.545410156 SigReg: 71.7347641
std: 0.3046875 ,  0.535644531 SigReg: 71.7347641
std: 0.271728516 ,  0.52734375 SigReg: 65.3929596
std: 0.50390625 ,  0.588378906 SigReg: 65.3929596
std: 0.227661133 ,  0.575195312 SigReg: 73.2136536
std: 0.295166016 ,  0.636230469 SigReg: 73.2136536
std: 0.282470703 ,  0.65234375 SigReg: 54.631321
std: 0.236938477 ,  0.593261719 SigReg: 54.631321
std: 0.329101562 ,  0.576660156 SigReg: 73.9038544
std: 0.367431641 ,  0.5546875 SigReg: 73.9038544
std: 0.3046875 ,  0.640136719 SigReg: 74.9282227
std: 0.336181641 ,  0.655761719 SigReg: 74.9282227
std: 0.33203125 ,  0.6796875 SigReg: 56.7376022
std: 0.315185547 ,  0.645996094 SigReg: 56.7376022
std: 0.299316406 ,  0.6875 SigReg: 74.6008682
std: 0.317626953 ,  0.671386719 SigReg: 74.6008682
std: 0.446533203 ,  0.552734375 SigReg: 58.0210228
std: 0.345214844 ,  0.682617188 SigReg: 58.0210228
std: 0.288818359 ,  0.670410156 SigReg: 59.8801422
std: 0.293701172 ,  0.651367188 SigReg: 59.8801422
std: 0.373291016 ,  0.645019531 SigReg: 65.4838867
std: 0.315185547 ,  0.57421875 SigReg: 65.4838867
std: 0.329101562 ,  0.636230469 SigReg: 62.0980835
std: 0.343261719 ,  0.612792969 SigReg: 62.0980835
std: 0.416015625 ,  0.7109375 SigReg: 59.0426521
std: 0.320800781 ,  0.708984375 SigReg: 59.0426521
std: 0.375732422 ,  0.709472656 SigReg: 55.7762337
std: 0.258056641 ,  0.655761719 SigReg: 55.7762337
std: 0.326416016 ,  0.6796875 SigReg: 58.9019775
std: 0.393066406 ,  0.726074219 SigReg: 58.9019775
std: 0.294921875 ,  0.692382812 SigReg: 60.9330711
std: 0.335449219 ,  0.669921875 SigReg: 60.9330711
std: 0.309082031 ,  0.72265625 SigReg: 66.4859085
std: 0.399414062 ,  0.677734375 SigReg: 66.4859085
std: 0.357177734 ,  0.698730469 SigReg: 58.114563
std: 0.281982422 ,  0.625976562 SigReg: 58.114563
std: 0.301269531 ,  0.687988281 SigReg: 56.6750374
std: 0.346435547 ,  0.693359375 SigReg: 56.6750374
std: 0.350341797 ,  0.711425781 SigReg: 54.9179306
std: 0.437011719 ,  0.684570312 SigReg: 54.9179306
std: 0.347900391 ,  0.582519531 SigReg: 57.7540779
std: 0.352050781 ,  0.705078125 SigReg: 57.7540779
std: 0.322509766 ,  0.66015625 SigReg: 58.4887695
std: 0.322509766 ,  0.685546875 SigReg: 58.4887695
std: 0.286621094 ,  0.712890625 SigReg: 56.3409882
std: 0.30859375 ,  0.802246094 SigReg: 56.3409882
std: 0.336669922 ,  0.872558594 SigReg: 57.1613388
std: 0.265136719 ,  0.828125 SigReg: 57.1613388
std: 0.352783203 ,  0.772949219 SigReg: 60.3411255
std: 0.333740234 ,  0.753417969 SigReg: 60.3411255
std: 0.445068359 ,  0.786132812 SigReg: 66.8046799
std: 0.282470703 ,  0.813476562 SigReg: 66.8046799
std: 0.288330078 ,  0.794921875 SigReg: 53.8935928
std: 0.287597656 ,  0.877929688 SigReg: 53.8935928
std: 0.303222656 ,  0.750488281 SigReg: 59.0492859
std: 0.318603516 ,  0.864746094 SigReg: 59.0492859
std: 0.340576172 ,  0.930664062 SigReg: 58.0320663
std: 0.286621094 ,  0.836425781 SigReg: 58.0320663
std: 0.409423828 ,  0.84765625 SigReg: 60.7795677
std: 0.311035156 ,  0.84765625 SigReg: 60.7795677
std: 0.251708984 ,  0.752929688 SigReg: 58.7368965
std: 0.254638672 ,  0.666015625 SigReg: 58.7368965
  Step 300: Backbone Loss = 4.2886, SIGReg Loss = 58.7369 Probe Loss = 355.0186, Acc = 0.4975
std: 0.286621094 ,  0.859375 SigReg: 50.5479317
std: 0.302246094 ,  0.884277344 SigReg: 50.5479317
std: 0.303955078 ,  0.90234375 SigReg: 66.0181046
std: 0.264648438 ,  0.770996094 SigReg: 66.0181046
std: 0.300292969 ,  0.838378906 SigReg: 52.4671059
std: 0.319824219 ,  0.858886719 SigReg: 52.4671059
std: 0.347167969 ,  0.912597656 SigReg: 65.8807144
std: 0.336669922 ,  0.73046875 SigReg: 65.8807144
std: 0.292724609 ,  0.820800781 SigReg: 55.3284836
std: 0.32421875 ,  0.814941406 SigReg: 55.3284836
std: 0.419677734 ,  0.86328125 SigReg: 63.1593628
std: 0.373291016 ,  0.911621094 SigReg: 63.1593628
Epoch 2 finished in 354.23s.
  Avg Backbone Loss: 5.3848
  Avg Probe Loss:    358.7676
  Avg Probe Accuracy: 0.5090

Epoch 3/100
std: 0.303222656 ,  0.818847656 SigReg: 62.407402
std: 0.307373047 ,  0.840820312 SigReg: 62.407402
  Step 0: Backbone Loss = 4.3580, SIGReg Loss = 62.4074 Probe Loss = 364.6641, Acc = 0.5130
std: 0.339111328 ,  0.856445312 SigReg: 52.2293167
std: 0.299560547 ,  0.808105469 SigReg: 52.2293167
std: 0.314941406 ,  0.869628906 SigReg: 53.8315506
std: 0.354980469 ,  0.868164062 SigReg: 53.8315506
std: 0.313964844 ,  0.825683594 SigReg: 58.4366531
std: 0.297607422 ,  0.874023438 SigReg: 58.4366531
std: 0.389648438 ,  0.887207031 SigReg: 55.3712845
std: 0.262207031 ,  0.905761719 SigReg: 55.3712845
std: 0.232421875 ,  0.900878906 SigReg: 70.3373108
std: 0.223999023 ,  0.957519531 SigReg: 70.3373108
std: 0.264648438 ,  0.864257812 SigReg: 56.2657967
std: 0.272216797 ,  0.889160156 SigReg: 56.2657967
std: 0.236083984 ,  0.955078125 SigReg: 62.3559113
std: 0.24230957 ,  0.854003906 SigReg: 62.3559113
std: 0.273681641 ,  0.838867188 SigReg: 59.7953873
std: 0.26953125 ,  0.900390625 SigReg: 59.7953873
std: 0.312255859 ,  0.9140625 SigReg: 50.7935791
std: 0.266113281 ,  0.882324219 SigReg: 50.7935791
std: 0.298095703 ,  0.994140625 SigReg: 80.4099
std: 0.236572266 ,  0.895996094 SigReg: 80.4099
std: 0.303222656 ,  0.84765625 SigReg: 48.0905
std: 0.288085938 ,  0.940429688 SigReg: 48.0905
std: 0.244873047 ,  0.978027344 SigReg: 53.6037903
std: 0.217041016 ,  1.00488281 SigReg: 53.6037903
std: 0.233520508 ,  0.97265625 SigReg: 62.3375702
std: 0.243164062 ,  0.865722656 SigReg: 62.3375702
std: 0.261474609 ,  1.04589844 SigReg: 50.3735352
std: 0.206298828 ,  0.946289062 SigReg: 50.3735352
std: 0.216064453 ,  0.850585938 SigReg: 67.173584
std: 0.21496582 ,  1.06152344 SigReg: 67.173584
std: 0.302490234 ,  1.02441406 SigReg: 58.4152679
std: 0.249755859 ,  1.04785156 SigReg: 58.4152679
std: 0.286621094 ,  1.10546875 SigReg: 56.826992
std: 0.250732422 ,  1.02246094 SigReg: 56.826992
std: 0.240844727 ,  0.993652344 SigReg: 65.7802353
std: 0.326660156 ,  1.01660156 SigReg: 65.7802353
std: 0.278076172 ,  1.12890625 SigReg: 59.6344109
std: 0.242553711 ,  1.0703125 SigReg: 59.6344109
std: 0.227416992 ,  0.9609375 SigReg: 59.0590973
std: 0.233154297 ,  1.01953125 SigReg: 59.0590973
std: 0.236816406 ,  0.981933594 SigReg: 55.0562935
std: 0.224609375 ,  1.04394531 SigReg: 55.0562935
std: 0.222167969 ,  1.08203125 SigReg: 56.0835648
std: 0.207885742 ,  1.0390625 SigReg: 56.0835648
std: 0.225097656 ,  1.07324219 SigReg: 57.1306114
std: 0.231079102 ,  1.17675781 SigReg: 57.1306114
std: 0.276855469 ,  0.996582031 SigReg: 48.4314499
std: 0.283203125 ,  1.06835938 SigReg: 48.4314499
std: 0.328857422 ,  1.06738281 SigReg: 60.5187836
std: 0.3671875 ,  1.03125 SigReg: 60.5187836
std: 0.320068359 ,  1.23535156 SigReg: 51.3874
std: 0.326171875 ,  1.25390625 SigReg: 51.3874
std: 0.272705078 ,  1.14257812 SigReg: 63.3012
std: 0.425537109 ,  1.0703125 SigReg: 63.3012
std: 0.346923828 ,  1.12402344 SigReg: 61.9022064
std: 0.316162109 ,  1.10058594 SigReg: 61.9022064
std: 0.310791016 ,  1.13574219 SigReg: 55.4395905
std: 0.363525391 ,  1.04394531 SigReg: 55.4395905
std: 0.395507812 ,  1.10449219 SigReg: 46.9503288
std: 0.416748047 ,  1.20507812 SigReg: 46.9503288
std: 0.358398438 ,  1.22753906 SigReg: 49.4797859
std: 0.296875 ,  1.05664062 SigReg: 49.4797859
std: 0.33203125 ,  1.26660156 SigReg: 59.0832138
std: 0.377685547 ,  1.24121094 SigReg: 59.0832138
std: 0.26171875 ,  1.1171875 SigReg: 53.9412498
std: 0.294677734 ,  1.13378906 SigReg: 53.9412498
std: 0.288085938 ,  1.16601562 SigReg: 55.5095901
std: 0.260253906 ,  1.03320312 SigReg: 55.5095901
std: 0.260986328 ,  1.19042969 SigReg: 51.2818375
std: 0.250488281 ,  1.17675781 SigReg: 51.2818375
std: 0.212280273 ,  1.07421875 SigReg: 56.4423447
std: 0.274902344 ,  1.0625 SigReg: 56.4423447
std: 0.163818359 ,  1.11035156 SigReg: 54.1646957
std: 0.262939453 ,  1.12890625 SigReg: 54.1646957
std: 0.193481445 ,  1.1328125 SigReg: 52.7504578
std: 0.236206055 ,  1.09960938 SigReg: 52.7504578
std: 0.227539062 ,  1.14355469 SigReg: 64.2116394
std: 0.259765625 ,  1.14355469 SigReg: 64.2116394
std: 0.1796875 ,  1.02441406 SigReg: 64.5923
std: 0.178466797 ,  1.15820312 SigReg: 64.5923
std: 0.177246094 ,  1.08007812 SigReg: 62.6307831
std: 0.260986328 ,  1.07421875 SigReg: 62.6307831
std: 0.141601562 ,  1.10449219 SigReg: 87.1743088
std: 0.137329102 ,  0.862792969 SigReg: 87.1743088
std: 0.219726562 ,  1.05566406 SigReg: 50.0213737
std: 0.154541016 ,  1.06640625 SigReg: 50.0213737
std: 0.172363281 ,  1.10839844 SigReg: 54.3973732
std: 0.159301758 ,  1.01855469 SigReg: 54.3973732
std: 0.150512695 ,  1.06933594 SigReg: 58.4824028
std: 0.181640625 ,  1.08300781 SigReg: 58.4824028
std: 0.170898438 ,  1.0859375 SigReg: 55.7604027
std: 0.164672852 ,  1.08984375 SigReg: 55.7604027
std: 0.137451172 ,  1.07910156 SigReg: 53.1192551
std: 0.145507812 ,  1.07617188 SigReg: 53.1192551
std: 0.147583008 ,  1.02636719 SigReg: 47.5686913
std: 0.237060547 ,  1.15722656 SigReg: 47.5686913
std: 0.1484375 ,  1.04980469 SigReg: 52.2695198
std: 0.123901367 ,  1.10644531 SigReg: 52.2695198
std: 0.135253906 ,  1.09082031 SigReg: 68.6317139
std: 0.130004883 ,  1.04492188 SigReg: 68.6317139
  Step 50: Backbone Loss = 4.6387, SIGReg Loss = 68.6317 Probe Loss = 371.6837, Acc = 0.5306
std: 0.158569336 ,  1.06054688 SigReg: 49.3944054
std: 0.145629883 ,  1.03417969 SigReg: 49.3944054
std: 0.146728516 ,  1.140625 SigReg: 56.7416382
std: 0.159667969 ,  1.07519531 SigReg: 56.7416382
std: 0.137084961 ,  1.05371094 SigReg: 53.8314896
std: 0.168334961 ,  1.14160156 SigReg: 53.8314896
std: 0.148925781 ,  1.08105469 SigReg: 57.3792152
std: 0.136962891 ,  1.07421875 SigReg: 57.3792152
std: 0.152099609 ,  1.14257812 SigReg: 55.140625
std: 0.135864258 ,  1.04785156 SigReg: 55.140625
std: 0.157958984 ,  1.00976562 SigReg: 53.5811
std: 0.171875 ,  1.13085938 SigReg: 53.5811
std: 0.200439453 ,  1.13183594 SigReg: 62.284729
std: 0.17956543 ,  1.15332031 SigReg: 62.284729
std: 0.179931641 ,  1.11035156 SigReg: 47.8819466
std: 0.200683594 ,  1.01953125 SigReg: 47.8819466
std: 0.153198242 ,  1.015625 SigReg: 65.4335327
std: 0.178100586 ,  1.16015625 SigReg: 65.4335327
std: 0.20324707 ,  1.09375 SigReg: 54.093708
std: 0.229370117 ,  1.05957031 SigReg: 54.093708
std: 0.245849609 ,  1.03027344 SigReg: 66.6328506
std: 0.232910156 ,  1.00585938 SigReg: 66.6328506
std: 0.290771484 ,  1.00976562 SigReg: 57.7939529
std: 0.278564453 ,  1.109375 SigReg: 57.7939529
std: 0.249755859 ,  1.03417969 SigReg: 61.2720451
std: 0.255615234 ,  1.04394531 SigReg: 61.2720451
std: 0.220947266 ,  1.11230469 SigReg: 63.9742317
std: 0.205810547 ,  1.06152344 SigReg: 63.9742317
std: 0.232910156 ,  1.03027344 SigReg: 48.639286
std: 0.254882812 ,  1.11816406 SigReg: 48.639286
std: 0.250976562 ,  1.0703125 SigReg: 57.0111771
std: 0.236328125 ,  1.11816406 SigReg: 57.0111771
std: 0.257080078 ,  1.06054688 SigReg: 56.1509094
std: 0.265380859 ,  1.09960938 SigReg: 56.1509094
std: 0.328369141 ,  1.09863281 SigReg: 52.4811974
std: 0.279541016 ,  1.00195312 SigReg: 52.4811974
std: 0.283203125 ,  1.0546875 SigReg: 58.8948212
std: 0.31640625 ,  1.03222656 SigReg: 58.8948212
std: 0.278076172 ,  1.08398438 SigReg: 76.7468262
std: 0.322753906 ,  1.17480469 SigReg: 76.7468262
std: 0.253417969 ,  1.07226562 SigReg: 97.2359695
std: 0.256103516 ,  1.03808594 SigReg: 97.2359695
std: 0.231933594 ,  1.11425781 SigReg: 70.2638931
std: 0.2265625 ,  1.04492188 SigReg: 70.2638931
std: 0.223510742 ,  1.1015625 SigReg: 60.2879105
std: 0.259521484 ,  1.0390625 SigReg: 60.2879105
std: 0.238769531 ,  0.909179688 SigReg: 71.146286
std: 0.264404297 ,  1.0703125 SigReg: 71.146286
std: 0.235839844 ,  0.965820312 SigReg: 63.3801804
std: 0.23815918 ,  1.08984375 SigReg: 63.3801804
std: 0.262207031 ,  0.913085938 SigReg: 73.8074188
std: 0.234619141 ,  0.979980469 SigReg: 73.8074188
std: 0.238769531 ,  1.01660156 SigReg: 60.3738251
std: 0.250488281 ,  0.9609375 SigReg: 60.3738251
std: 0.255371094 ,  1.01660156 SigReg: 73.3157501
std: 0.322753906 ,  1.04394531 SigReg: 73.3157501
std: 0.296875 ,  1.08984375 SigReg: 74.7306747
std: 0.309082031 ,  1.01464844 SigReg: 74.7306747
std: 0.2421875 ,  1.06347656 SigReg: 60.1301537
std: 0.3046875 ,  0.989257812 SigReg: 60.1301537
std: 0.274414062 ,  1.08203125 SigReg: 58.1206398
std: 0.22644043 ,  1.03320312 SigReg: 58.1206398
std: 0.213378906 ,  1.03515625 SigReg: 83.822525
std: 0.186279297 ,  1.00878906 SigReg: 83.822525
std: 0.234985352 ,  0.903808594 SigReg: 60.6995316
std: 0.239624023 ,  1.0234375 SigReg: 60.6995316
std: 0.232666016 ,  1.07226562 SigReg: 61.8658638
std: 0.281982422 ,  1.03222656 SigReg: 61.8658638
std: 0.244750977 ,  1.07519531 SigReg: 76.9018631
std: 0.255371094 ,  0.895507812 SigReg: 76.9018631
std: 0.231567383 ,  1.09277344 SigReg: 92.6689301
std: 0.227050781 ,  0.979980469 SigReg: 92.6689301
std: 0.187255859 ,  0.995117188 SigReg: 72.2874374
std: 0.174316406 ,  0.987792969 SigReg: 72.2874374
std: 0.215209961 ,  0.986328125 SigReg: 56.3435135
std: 0.175048828 ,  0.998046875 SigReg: 56.3435135
std: 0.172973633 ,  1.02539062 SigReg: 77.5672
std: 0.150878906 ,  0.9140625 SigReg: 77.5672
std: 0.156982422 ,  1.05957031 SigReg: 82.3673706
std: 0.145141602 ,  1.015625 SigReg: 82.3673706
std: 0.135986328 ,  1.0703125 SigReg: 69.4645309
std: 0.146362305 ,  0.968261719 SigReg: 69.4645309
