## SLURM PROLOG ###############################################################
##    Job ID : 14722544
##  Job Name : MyGO
##  Nodelist : gpu2010
##      CPUs : 1
##  Mem/Node : 32000 MB
## Directory : /oscar/home/lwang223/MyGO/MyGo
##   Job Started : Fri Dec  5 05:46:01 PM EST 2025
###############################################################################

==========================================
Job started at: Fri Dec  5 05:46:01 PM EST 2025
Job ID: 14722544
Node: gpu2010
==========================================

GPU Information (from host):
Fri Dec  5 17:46:01 2025       
+---------------------------------------------------------------------------------------+
| NVIDIA-SMI 535.129.03             Driver Version: 535.129.03   CUDA Version: 12.2     |
|-----------------------------------------+----------------------+----------------------+
| GPU  Name                 Persistence-M | Bus-Id        Disp.A | Volatile Uncorr. ECC |
| Fan  Temp   Perf          Pwr:Usage/Cap |         Memory-Usage | GPU-Util  Compute M. |
|                                         |                      |               MIG M. |
|=========================================+======================+======================|
|   0  Quadro RTX 6000                On  | 00000000:40:00.0 Off |                  Off |
| 33%   34C    P8              20W / 260W |     24MiB / 24576MiB |      0%      Default |
|                                         |                      |                  N/A |
+-----------------------------------------+----------------------+----------------------+
|   1  Quadro RTX 6000                On  | 00000000:41:00.0 Off |                  Off |
| 33%   33C    P8               8W / 260W |     10MiB / 24576MiB |      0%      Default |
|                                         |                      |                  N/A |
+-----------------------------------------+----------------------+----------------------+
                                                                                         
+---------------------------------------------------------------------------------------+
| Processes:                                                                            |
|  GPU   GI   CI        PID   Type   Process name                            GPU Memory |
|        ID   ID                                                             Usage      |
|=======================================================================================|
|    0   N/A  N/A     29486      G   /usr/libexec/Xorg                            22MiB |
|    1   N/A  N/A     29486      G   /usr/libexec/Xorg                             8MiB |
+---------------------------------------------------------------------------------------+

mygo conda environment loaded
/oscar/rt/9.2/software/0.20-generic/0.20.1/opt/spack/linux-rhel9-x86_64_v3/gcc-11.3.1/ffmpeg-7.0-xny2fb2nz3demdcjhj6x74mcxz4iwmys/bin/ffmpeg
ffmpeg version 7.0 Copyright (c) 2000-2024 the FFmpeg developers
built with gcc 11 (GCC)
configuration: --prefix=/oscar/rt/9.2/software/0.20-generic/0.20.1/opt/spack/linux-rhel9-x86_64_v3/gcc-11.3.1/ffmpeg-7.0-xny2fb2nz3demdcjhj6x74mcxz4iwmys --enable-pic --cc=/oscar/rt/9.2/software/0.20-generic/0.20.1/lib/spack/env/gcc/gcc --cxx=/oscar/rt/9.2/software/0.20-generic/0.20.1/lib/spack/env/gcc/g++ --disable-libxcb --disable-libxcb-shape --disable-libxcb-shm --disable-libxcb-xfixes --disable-xlib --disable-libfontconfig --disable-libfreetype --disable-libfribidi --enable-bzlib --enable-gpl --disable-libmp3lame --disable-libopenjpeg --disable-libopus --disable-libspeex --disable-libvorbis --enable-libvpx --enable-libx264 --disable-nonfree --disable-openssl --enable-shared --enable-version3 --disable-libzmq --disable-libssh --enable-libwebp --disable-lzma --disable-libsnappy --disable-sdl2 --disable-libaom --disable-libxml2
libavutil      59.  8.100 / 59.  8.100
libavcodec     61.  3.100 / 61.  3.100
libavformat    61.  1.100 / 61.  1.100
libavdevice    61.  1.100 / 61.  1.100
libavfilter    10.  1.100 / 10.  1.100
libswscale      8.  1.100 /  8.  1.100
libswresample   5.  1.100 /  5.  1.100
libpostproc    58.  1.100 / 58.  1.100
TF version: 2.16.1
Built with CUDA: True
GPUs detected: 2
GPU devices: [PhysicalDevice(name='/physical_device:GPU:0', device_type='GPU'), PhysicalDevice(name='/physical_device:GPU:1', device_type='GPU')]
==========================================
Installing dependencies
==========================================


==========================================
Starting main Python script at Fri Dec  5 05:46:10 PM EST 2025
==========================================

Working directory: /users/lwang223/MyGO/MyGo

[PhysicalDevice(name='/physical_device:GPU:0', device_type='GPU'), PhysicalDevice(name='/physical_device:GPU:1', device_type='GPU')]
Using MirroredStrategy for multi-GPU training.
Number of devices: 2
Model: "vi_t"
_________________________________________________________________
 Layer (type)                Output Shape              Param #   
=================================================================
 dense (Dense)               multiple                  98496     
                                                                 
 transformer_block_0 (Trans  multiple                  445674    
 formerBlock)                                                    
                                                                 
 transformer_block_1 (Trans  multiple                  445674    
 formerBlock)                                                    
                                                                 
 transformer_block_2 (Trans  multiple                  445674    
 formerBlock)                                                    
                                                                 
 transformer_block_3 (Trans  multiple                  445674    
 formerBlock)                                                    
                                                                 
 transformer_block_4 (Trans  multiple                  445674    
 formerBlock)                                                    
                                                                 
 transformer_block_5 (Trans  multiple                  445674    
 formerBlock)                                                    
                                                                 
 transformer_block_6 (Trans  multiple                  445674    
 formerBlock)                                                    
                                                                 
 transformer_block_7 (Trans  multiple                  445674    
 formerBlock)                                                    
                                                                 
 transformer_block_8 (Trans  multiple                  445674    
 formerBlock)                                                    
                                                                 
 transformer_block_9 (Trans  multiple                  445674    
 formerBlock)                                                    
                                                                 
 transformer_block_10 (Tran  multiple                  445674    
 sformerBlock)                                                   
                                                                 
 transformer_block_11 (Tran  multiple                  445674    
 sformerBlock)                                                   
                                                                 
=================================================================
Total params: 5450040 (20.79 MB)
Trainable params: 5450040 (20.79 MB)
Non-trainable params: 0 (0.00 Byte)
_________________________________________________________________
Model: "linear_probe"
_________________________________________________________________
 Layer (type)                Output Shape              Param #   
=================================================================
 dense_145 (Dense)           multiple                  101711    
                                                                 
=================================================================
Total params: 101711 (397.31 KB)
Trainable params: 101711 (397.31 KB)
Non-trainable params: 0 (0.00 Byte)
_________________________________________________________________
Building optimizer variables...
Optimizer built.
Starting training...

Epoch 1/100
  Step 0: Backbone Loss = 62.3596, Probe Loss = 450.6667, Acc = 0.4911
  Step 50: Backbone Loss = 2.3909, Probe Loss = 432.5331, Acc = 0.4692
  Step 100: Backbone Loss = 2.2611, Probe Loss = 422.6950, Acc = 0.4916
  Step 150: Backbone Loss = 3.2049, Probe Loss = 421.1078, Acc = 0.4937
  Step 200: Backbone Loss = 4.3751, Probe Loss = 420.7820, Acc = 0.4942
Epoch 1 finished in 788.82s.
  Avg Backbone Loss: 5.2300
  Avg Probe Loss:    422.3260
  Avg Probe Accuracy: 0.4990

Epoch 2/100
  Step 0: Backbone Loss = 5.4124, Probe Loss = 395.8491, Acc = 0.5160
  Step 50: Backbone Loss = 5.6436, Probe Loss = 335.5320, Acc = 0.5141
  Step 100: Backbone Loss = 3.2918, Probe Loss = 348.3116, Acc = 0.5015
  Step 150: Backbone Loss = 2.6805, Probe Loss = 372.6093, Acc = 0.5129
  Step 200: Backbone Loss = 2.9851, Probe Loss = 385.3938, Acc = 0.5250
Epoch 2 finished in 669.40s.
  Avg Backbone Loss: 3.5654
  Avg Probe Loss:    369.6305
  Avg Probe Accuracy: 0.5071

Epoch 3/100
  Step 0: Backbone Loss = 3.1335, Probe Loss = 369.2977, Acc = 0.4811
  Step 50: Backbone Loss = 3.1404, Probe Loss = 326.3268, Acc = 0.5106
  Step 100: Backbone Loss = 6.9295, Probe Loss = 334.4822, Acc = 0.5041
  Step 150: Backbone Loss = 7.1686, Probe Loss = 301.8149, Acc = 0.5261
  Step 200: Backbone Loss = 5.4351, Probe Loss = 295.5275, Acc = 0.5117
Epoch 3 finished in 669.39s.
  Avg Backbone Loss: 6.7350
  Avg Probe Loss:    311.0158
  Avg Probe Accuracy: 0.5169

Epoch 4/100
  Step 0: Backbone Loss = 4.0760, Probe Loss = 298.3313, Acc = 0.5191
  Step 50: Backbone Loss = 2.2608, Probe Loss = 304.5694, Acc = 0.5084
  Step 100: Backbone Loss = 5.6691, Probe Loss = 302.9670, Acc = 0.5124
  Step 150: Backbone Loss = 3.3349, Probe Loss = 313.1628, Acc = 0.5247
  Step 200: Backbone Loss = 2.2193, Probe Loss = 308.0175, Acc = 0.5102
Epoch 4 finished in 675.88s.
  Avg Backbone Loss: 2.9738
  Avg Probe Loss:    307.1613
  Avg Probe Accuracy: 0.5171

Epoch 5/100
  Step 0: Backbone Loss = 2.0111, Probe Loss = 303.5880, Acc = 0.5336
  Step 50: Backbone Loss = 2.1007, Probe Loss = 307.6863, Acc = 0.5232
  Step 100: Backbone Loss = 2.0944, Probe Loss = 306.6453, Acc = 0.5145
  Step 150: Backbone Loss = 2.2692, Probe Loss = 306.9375, Acc = 0.5246
  Step 200: Backbone Loss = 2.2054, Probe Loss = 298.6086, Acc = 0.5245
Epoch 5 finished in 672.96s.
  Avg Backbone Loss: 2.3444
  Avg Probe Loss:    307.0394
  Avg Probe Accuracy: 0.5172

Epoch 6/100
  Step 0: Backbone Loss = 4.9043, Probe Loss = 309.8983, Acc = 0.5098
  Step 50: Backbone Loss = 6.0041, Probe Loss = 308.6503, Acc = 0.5277
  Step 100: Backbone Loss = 14.5214, Probe Loss = 305.9193, Acc = 0.5204
