## SLURM PROLOG ###############################################################
##    Job ID : 14711752
##  Job Name : MyGO
##  Nodelist : gpu2010
##      CPUs : 1
##  Mem/Node : 64000 MB
## Directory : /oscar/home/lwang223/MyGO/MyGo
##   Job Started : Thu Dec  4 05:21:07 PM EST 2025
###############################################################################

==========================================
Job started at: Thu Dec  4 05:21:07 PM EST 2025
Job ID: 14711752
Node: gpu2010
==========================================

GPU Information (from host):
Thu Dec  4 17:21:07 2025       
+---------------------------------------------------------------------------------------+
| NVIDIA-SMI 535.129.03             Driver Version: 535.129.03   CUDA Version: 12.2     |
|-----------------------------------------+----------------------+----------------------+
| GPU  Name                 Persistence-M | Bus-Id        Disp.A | Volatile Uncorr. ECC |
| Fan  Temp   Perf          Pwr:Usage/Cap |         Memory-Usage | GPU-Util  Compute M. |
|                                         |                      |               MIG M. |
|=========================================+======================+======================|
|   0  Quadro RTX 6000                On  | 00000000:3D:00.0 Off |                  Off |
| 33%   32C    P8              23W / 260W |     24MiB / 24576MiB |      0%      Default |
|                                         |                      |                  N/A |
+-----------------------------------------+----------------------+----------------------+
|   1  Quadro RTX 6000                On  | 00000000:3E:00.0 Off |                  Off |
| 33%   30C    P8               5W / 260W |     10MiB / 24576MiB |      0%      Default |
|                                         |                      |                  N/A |
+-----------------------------------------+----------------------+----------------------+
                                                                                         
+---------------------------------------------------------------------------------------+
| Processes:                                                                            |
|  GPU   GI   CI        PID   Type   Process name                            GPU Memory |
|        ID   ID                                                             Usage      |
|=======================================================================================|
|    0   N/A  N/A     29486      G   /usr/libexec/Xorg                            22MiB |
|    1   N/A  N/A     29486      G   /usr/libexec/Xorg                             8MiB |
+---------------------------------------------------------------------------------------+

GPU Information (inside container):
Thu Dec  4 17:21:08 2025       
+---------------------------------------------------------------------------------------+
| NVIDIA-SMI 535.129.03             Driver Version: 535.129.03   CUDA Version: 12.2     |
|-----------------------------------------+----------------------+----------------------+
| GPU  Name                 Persistence-M | Bus-Id        Disp.A | Volatile Uncorr. ECC |
| Fan  Temp   Perf          Pwr:Usage/Cap |         Memory-Usage | GPU-Util  Compute M. |
|                                         |                      |               MIG M. |
|=========================================+======================+======================|
|   0  Quadro RTX 6000                On  | 00000000:3D:00.0 Off |                  Off |
| 33%   32C    P8              23W / 260W |     24MiB / 24576MiB |      0%      Default |
|                                         |                      |                  N/A |
+-----------------------------------------+----------------------+----------------------+
|   1  Quadro RTX 6000                On  | 00000000:3E:00.0 Off |                  Off |
| 33%   30C    P8               5W / 260W |     10MiB / 24576MiB |      0%      Default |
|                                         |                      |                  N/A |
+-----------------------------------------+----------------------+----------------------+
                                                                                         
+---------------------------------------------------------------------------------------+
| Processes:                                                                            |
|  GPU   GI   CI        PID   Type   Process name                            GPU Memory |
|        ID   ID                                                             Usage      |
|=======================================================================================|
|    0   N/A  N/A     29486      G   /usr/libexec/Xorg                            22MiB |
|    1   N/A  N/A     29486      G   /usr/libexec/Xorg                             8MiB |
+---------------------------------------------------------------------------------------+

TensorFlow GPU Detection:
TF version: 2.17.0
Built with CUDA: True
GPUs detected: 0
GPU devices: []

==========================================
Installing dependencies
==========================================

Requirement already satisfied: tqdm in /users/lwang223/.local/lib/python3.10/site-packages (4.66.5)
Requirement already satisfied: wandb in /users/lwang223/.local/lib/python3.10/site-packages (0.23.1)
Requirement already satisfied: click>=8.0.1 in /users/lwang223/.local/lib/python3.10/site-packages (from wandb) (8.3.1)
Requirement already satisfied: gitpython!=3.1.29,>=1.0.0 in /users/lwang223/.local/lib/python3.10/site-packages (from wandb) (3.1.45)
Requirement already satisfied: packaging in /users/lwang223/.local/lib/python3.10/site-packages (from wandb) (25.0)
Requirement already satisfied: platformdirs in /users/lwang223/.local/lib/python3.10/site-packages (from wandb) (4.5.0)
Requirement already satisfied: protobuf!=4.21.0,!=5.28.0,<7,>=3.19.0 in /users/lwang223/.local/lib/python3.10/site-packages (from wandb) (6.33.1)
Requirement already satisfied: pydantic<3 in /users/lwang223/.local/lib/python3.10/site-packages (from wandb) (2.12.5)
Requirement already satisfied: pyyaml in /users/lwang223/.local/lib/python3.10/site-packages (from wandb) (6.0.3)
Requirement already satisfied: requests<3,>=2.0.0 in /users/lwang223/.local/lib/python3.10/site-packages (from wandb) (2.32.5)
Requirement already satisfied: sentry-sdk>=2.0.0 in /users/lwang223/.local/lib/python3.10/site-packages (from wandb) (2.47.0)
Requirement already satisfied: typing-extensions<5,>=4.8 in /users/lwang223/.local/lib/python3.10/site-packages (from wandb) (4.15.0)
Requirement already satisfied: gitdb<5,>=4.0.1 in /users/lwang223/.local/lib/python3.10/site-packages (from gitpython!=3.1.29,>=1.0.0->wandb) (4.0.12)
Requirement already satisfied: annotated-types>=0.6.0 in /users/lwang223/.local/lib/python3.10/site-packages (from pydantic<3->wandb) (0.7.0)
Requirement already satisfied: pydantic-core==2.41.5 in /users/lwang223/.local/lib/python3.10/site-packages (from pydantic<3->wandb) (2.41.5)
Requirement already satisfied: typing-inspection>=0.4.2 in /users/lwang223/.local/lib/python3.10/site-packages (from pydantic<3->wandb) (0.4.2)
Requirement already satisfied: charset_normalizer<4,>=2 in /users/lwang223/.local/lib/python3.10/site-packages (from requests<3,>=2.0.0->wandb) (3.4.4)
Requirement already satisfied: idna<4,>=2.5 in /users/lwang223/.local/lib/python3.10/site-packages (from requests<3,>=2.0.0->wandb) (3.11)
Requirement already satisfied: urllib3<3,>=1.21.1 in /users/lwang223/.local/lib/python3.10/site-packages (from requests<3,>=2.0.0->wandb) (2.5.0)
Requirement already satisfied: certifi>=2017.4.17 in /users/lwang223/.local/lib/python3.10/site-packages (from requests<3,>=2.0.0->wandb) (2025.11.12)
Requirement already satisfied: smmap<6,>=3.0.1 in /users/lwang223/.local/lib/python3.10/site-packages (from gitdb<5,>=4.0.1->gitpython!=3.1.29,>=1.0.0->wandb) (5.0.2)

==========================================
Starting main Python script at Thu Dec  4 05:21:34 PM EST 2025
==========================================

Working directory: /oscar/home/lwang223/MyGO/MyGo

Mixed precision (bfloat16) enabled.
Using default strategy (single device or non-GPU).
Number of devices: 1

==========================================
Python script finished at Thu Dec  4 05:22:00 PM EST 2025
Exit code: 1
==========================================
