## SLURM PROLOG ###############################################################
##    Job ID : 14718728
##  Job Name : MyGO
##  Nodelist : gpu2010
##      CPUs : 1
##  Mem/Node : 32000 MB
## Directory : /oscar/home/lwang223/MyGO/MyGo
##   Job Started : Fri Dec  5 11:07:55 AM EST 2025
###############################################################################

==========================================
Job started at: Fri Dec  5 11:07:55 AM EST 2025
Job ID: 14718728
Node: gpu2010
==========================================

GPU Information (from host):
Fri Dec  5 11:07:55 2025       
+---------------------------------------------------------------------------------------+
| NVIDIA-SMI 535.129.03             Driver Version: 535.129.03   CUDA Version: 12.2     |
|-----------------------------------------+----------------------+----------------------+
| GPU  Name                 Persistence-M | Bus-Id        Disp.A | Volatile Uncorr. ECC |
| Fan  Temp   Perf          Pwr:Usage/Cap |         Memory-Usage | GPU-Util  Compute M. |
|                                         |                      |               MIG M. |
|=========================================+======================+======================|
|   0  Quadro RTX 6000                On  | 00000000:3E:00.0 Off |                  Off |
| 33%   29C    P8               6W / 260W |     10MiB / 24576MiB |      0%      Default |
|                                         |                      |                  N/A |
+-----------------------------------------+----------------------+----------------------+
|   1  Quadro RTX 6000                On  | 00000000:40:00.0 Off |                  Off |
| 33%   32C    P8              20W / 260W |     24MiB / 24576MiB |      0%      Default |
|                                         |                      |                  N/A |
+-----------------------------------------+----------------------+----------------------+
                                                                                         
+---------------------------------------------------------------------------------------+
| Processes:                                                                            |
|  GPU   GI   CI        PID   Type   Process name                            GPU Memory |
|        ID   ID                                                             Usage      |
|=======================================================================================|
|    0   N/A  N/A     29486      G   /usr/libexec/Xorg                             8MiB |
|    1   N/A  N/A     29486      G   /usr/libexec/Xorg                            22MiB |
+---------------------------------------------------------------------------------------+

/oscar/rt/9.2/software/0.20-generic/0.20.1/opt/spack/linux-rhel9-x86_64_v3/gcc-11.3.1/ffmpeg-7.0-xny2fb2nz3demdcjhj6x74mcxz4iwmys/bin/ffmpeg
ffmpeg version 7.0 Copyright (c) 2000-2024 the FFmpeg developers
built with gcc 11 (GCC)
configuration: --prefix=/oscar/rt/9.2/software/0.20-generic/0.20.1/opt/spack/linux-rhel9-x86_64_v3/gcc-11.3.1/ffmpeg-7.0-xny2fb2nz3demdcjhj6x74mcxz4iwmys --enable-pic --cc=/oscar/rt/9.2/software/0.20-generic/0.20.1/lib/spack/env/gcc/gcc --cxx=/oscar/rt/9.2/software/0.20-generic/0.20.1/lib/spack/env/gcc/g++ --disable-libxcb --disable-libxcb-shape --disable-libxcb-shm --disable-libxcb-xfixes --disable-xlib --disable-libfontconfig --disable-libfreetype --disable-libfribidi --enable-bzlib --enable-gpl --disable-libmp3lame --disable-libopenjpeg --disable-libopus --disable-libspeex --disable-libvorbis --enable-libvpx --enable-libx264 --disable-nonfree --disable-openssl --enable-shared --enable-version3 --disable-libzmq --disable-libssh --enable-libwebp --disable-lzma --disable-libsnappy --disable-sdl2 --disable-libaom --disable-libxml2
libavutil      59.  8.100 / 59.  8.100
libavcodec     61.  3.100 / 61.  3.100
libavformat    61.  1.100 / 61.  1.100
libavdevice    61.  1.100 / 61.  1.100
libavfilter    10.  1.100 / 10.  1.100
libswscale      8.  1.100 /  8.  1.100
libswresample   5.  1.100 /  5.  1.100
libpostproc    58.  1.100 / 58.  1.100
TF version: 2.19.1
Built with CUDA: True
GPUs detected: 2
GPU devices: [PhysicalDevice(name='/physical_device:GPU:0', device_type='GPU'), PhysicalDevice(name='/physical_device:GPU:1', device_type='GPU')]
==========================================
Installing dependencies
==========================================


==========================================
Starting main Python script at Fri Dec  5 11:08:28 AM EST 2025
==========================================

Working directory: /users/lwang223/MyGO/MyGo

[PhysicalDevice(name='/physical_device:GPU:0', device_type='GPU'), PhysicalDevice(name='/physical_device:GPU:1', device_type='GPU')]
Using MirroredStrategy for multi-GPU training.
Number of devices: 2
Model: "vi_t"
┏━━━━━━━━━━━━━━━━━━━━━━━━━━━━━━━━━┳━━━━━━━━━━━━━━━━━━━━━━━━┳━━━━━━━━━━━━━━━┓
┃ Layer (type)                    ┃ Output Shape           ┃       Param # ┃
┡━━━━━━━━━━━━━━━━━━━━━━━━━━━━━━━━━╇━━━━━━━━━━━━━━━━━━━━━━━━╇━━━━━━━━━━━━━━━┩
│ dense (Dense)                   │ (1, 208, 192)          │        98,496 │
├─────────────────────────────────┼────────────────────────┼───────────────┤
│ transformer_block_0             │ ?                      │       445,674 │
│ (TransformerBlock)              │                        │               │
├─────────────────────────────────┼────────────────────────┼───────────────┤
│ transformer_block_1             │ ?                      │       445,674 │
│ (TransformerBlock)              │                        │               │
├─────────────────────────────────┼────────────────────────┼───────────────┤
│ transformer_block_2             │ ?                      │       445,674 │
│ (TransformerBlock)              │                        │               │
├─────────────────────────────────┼────────────────────────┼───────────────┤
│ transformer_block_3             │ ?                      │       445,674 │
│ (TransformerBlock)              │                        │               │
├─────────────────────────────────┼────────────────────────┼───────────────┤
│ transformer_block_4             │ ?                      │       445,674 │
│ (TransformerBlock)              │                        │               │
├─────────────────────────────────┼────────────────────────┼───────────────┤
│ transformer_block_5             │ ?                      │       445,674 │
│ (TransformerBlock)              │                        │               │
├─────────────────────────────────┼────────────────────────┼───────────────┤
│ transformer_block_6             │ ?                      │       445,674 │
│ (TransformerBlock)              │                        │               │
├─────────────────────────────────┼────────────────────────┼───────────────┤
│ transformer_block_7             │ ?                      │       445,674 │
│ (TransformerBlock)              │                        │               │
├─────────────────────────────────┼────────────────────────┼───────────────┤
│ transformer_block_8             │ ?                      │       445,674 │
│ (TransformerBlock)              │                        │               │
├─────────────────────────────────┼────────────────────────┼───────────────┤
│ transformer_block_9             │ ?                      │       445,674 │
│ (TransformerBlock)              │                        │               │
├─────────────────────────────────┼────────────────────────┼───────────────┤
│ transformer_block_10            │ ?                      │       445,674 │
│ (TransformerBlock)              │                        │               │
├─────────────────────────────────┼────────────────────────┼───────────────┤
│ transformer_block_11            │ ?                      │       445,674 │
│ (TransformerBlock)              │                        │               │
└─────────────────────────────────┴────────────────────────┴───────────────┘
 Total params: 5,446,968 (20.78 MB)
 Trainable params: 5,446,968 (20.78 MB)
 Non-trainable params: 0 (0.00 B)
Model: "linear_probe"
┏━━━━━━━━━━━━━━━━━━━━━━━━━━━━━━━━━┳━━━━━━━━━━━━━━━━━━━━━━━━┳━━━━━━━━━━━━━━━┓
┃ Layer (type)                    ┃ Output Shape           ┃       Param # ┃
┡━━━━━━━━━━━━━━━━━━━━━━━━━━━━━━━━━╇━━━━━━━━━━━━━━━━━━━━━━━━╇━━━━━━━━━━━━━━━┩
│ dense_145 (Dense)               │ (1, 527)               │       101,711 │
└─────────────────────────────────┴────────────────────────┴───────────────┘
 Total params: 101,711 (397.31 KB)
 Trainable params: 101,711 (397.31 KB)
 Non-trainable params: 0 (0.00 B)
Building optimizer variables...
Optimizer built.
Starting training...

Epoch 1/30
  Step 0: Backbone Loss = 102.4720, Probe Loss = 436.7462, Acc = 0.4852
  Step 50: Backbone Loss = 3.5176, Probe Loss = 419.0065, Acc = 0.4739
